Archive member included to satisfy reference by file (symbol)

/Applications/ArmGNUToolchain/13.2.Rel1/arm-none-eabi/bin/../lib/gcc/arm-none-eabi/13.2.1/thumb/v7-m/nofp/libgcc.a(_arm_cmpsf2.o)
                              CMakeFiles/stm32F103C8T6Project.elf.dir/components/DCMotor/DCMotor.c.obj (__aeabi_fcmpgt)
/Applications/ArmGNUToolchain/13.2.Rel1/arm-none-eabi/bin/../lib/gcc/arm-none-eabi/13.2.1/../../../../arm-none-eabi/lib/thumb/v7-m/nofp/libg.a(libc_a-exit.o)
                              /Applications/ArmGNUToolchain/13.2.Rel1/arm-none-eabi/bin/../lib/gcc/arm-none-eabi/13.2.1/../../../../arm-none-eabi/lib/thumb/v7-m/nofp/crt0.o (exit)
/Applications/ArmGNUToolchain/13.2.Rel1/arm-none-eabi/bin/../lib/gcc/arm-none-eabi/13.2.1/../../../../arm-none-eabi/lib/thumb/v7-m/nofp/libg.a(libc_a-printf.o)
                              CMakeFiles/stm32F103C8T6Project.elf.dir/User/main.c.obj (printf)
/Applications/ArmGNUToolchain/13.2.Rel1/arm-none-eabi/bin/../lib/gcc/arm-none-eabi/13.2.1/../../../../arm-none-eabi/lib/thumb/v7-m/nofp/libg.a(libc_a-vfprintf.o)
                              /Applications/ArmGNUToolchain/13.2.Rel1/arm-none-eabi/bin/../lib/gcc/arm-none-eabi/13.2.1/../../../../arm-none-eabi/lib/thumb/v7-m/nofp/libg.a(libc_a-printf.o) (_vfprintf_r)
/Applications/ArmGNUToolchain/13.2.Rel1/arm-none-eabi/bin/../lib/gcc/arm-none-eabi/13.2.1/../../../../arm-none-eabi/lib/thumb/v7-m/nofp/libg.a(libc_a-vfiprintf.o)
                              /Applications/ArmGNUToolchain/13.2.Rel1/arm-none-eabi/bin/../lib/gcc/arm-none-eabi/13.2.1/../../../../arm-none-eabi/lib/thumb/v7-m/nofp/libg.a(libc_a-vfprintf.o) (__sprint_r)
/Applications/ArmGNUToolchain/13.2.Rel1/arm-none-eabi/bin/../lib/gcc/arm-none-eabi/13.2.1/../../../../arm-none-eabi/lib/thumb/v7-m/nofp/libg.a(libc_a-setvbuf.o)
                              CMakeFiles/stm32F103C8T6Project.elf.dir/system/retarget/retarget.c.obj (setvbuf)
/Applications/ArmGNUToolchain/13.2.Rel1/arm-none-eabi/bin/../lib/gcc/arm-none-eabi/13.2.1/../../../../arm-none-eabi/lib/thumb/v7-m/nofp/libg.a(libc_a-fflush.o)
                              /Applications/ArmGNUToolchain/13.2.Rel1/arm-none-eabi/bin/../lib/gcc/arm-none-eabi/13.2.1/../../../../arm-none-eabi/lib/thumb/v7-m/nofp/libg.a(libc_a-vfprintf.o) (_fflush_r)
/Applications/ArmGNUToolchain/13.2.Rel1/arm-none-eabi/bin/../lib/gcc/arm-none-eabi/13.2.1/../../../../arm-none-eabi/lib/thumb/v7-m/nofp/libg.a(libc_a-findfp.o)
                              /Applications/ArmGNUToolchain/13.2.Rel1/arm-none-eabi/bin/../lib/gcc/arm-none-eabi/13.2.1/../../../../arm-none-eabi/lib/thumb/v7-m/nofp/libg.a(libc_a-fflush.o) (__sglue)
/Applications/ArmGNUToolchain/13.2.Rel1/arm-none-eabi/bin/../lib/gcc/arm-none-eabi/13.2.1/../../../../arm-none-eabi/lib/thumb/v7-m/nofp/libg.a(libc_a-vsprintf.o)
                              CMakeFiles/stm32F103C8T6Project.elf.dir/components/Serial/Serial.c.obj (vsprintf)
/Applications/ArmGNUToolchain/13.2.Rel1/arm-none-eabi/bin/../lib/gcc/arm-none-eabi/13.2.1/../../../../arm-none-eabi/lib/thumb/v7-m/nofp/libg.a(libc_a-fvwrite.o)
                              /Applications/ArmGNUToolchain/13.2.Rel1/arm-none-eabi/bin/../lib/gcc/arm-none-eabi/13.2.1/../../../../arm-none-eabi/lib/thumb/v7-m/nofp/libg.a(libc_a-vfiprintf.o) (__sfvwrite_r)
/Applications/ArmGNUToolchain/13.2.Rel1/arm-none-eabi/bin/../lib/gcc/arm-none-eabi/13.2.1/../../../../arm-none-eabi/lib/thumb/v7-m/nofp/libg.a(libc_a-fwalk.o)
                              /Applications/ArmGNUToolchain/13.2.Rel1/arm-none-eabi/bin/../lib/gcc/arm-none-eabi/13.2.1/../../../../arm-none-eabi/lib/thumb/v7-m/nofp/libg.a(libc_a-fflush.o) (_fwalk_sglue)
/Applications/ArmGNUToolchain/13.2.Rel1/arm-none-eabi/bin/../lib/gcc/arm-none-eabi/13.2.1/../../../../arm-none-eabi/lib/thumb/v7-m/nofp/libg.a(libc_a-wsetup.o)
                              /Applications/ArmGNUToolchain/13.2.Rel1/arm-none-eabi/bin/../lib/gcc/arm-none-eabi/13.2.1/../../../../arm-none-eabi/lib/thumb/v7-m/nofp/libg.a(libc_a-vfprintf.o) (__swsetup_r)
/Applications/ArmGNUToolchain/13.2.Rel1/arm-none-eabi/bin/../lib/gcc/arm-none-eabi/13.2.1/../../../../arm-none-eabi/lib/thumb/v7-m/nofp/libg.a(libc_a-fputwc.o)
                              /Applications/ArmGNUToolchain/13.2.Rel1/arm-none-eabi/bin/../lib/gcc/arm-none-eabi/13.2.1/../../../../arm-none-eabi/lib/thumb/v7-m/nofp/libg.a(libc_a-vfiprintf.o) (_fputwc_r)
/Applications/ArmGNUToolchain/13.2.Rel1/arm-none-eabi/bin/../lib/gcc/arm-none-eabi/13.2.1/../../../../arm-none-eabi/lib/thumb/v7-m/nofp/libg.a(libc_a-memmove.o)
                              /Applications/ArmGNUToolchain/13.2.Rel1/arm-none-eabi/bin/../lib/gcc/arm-none-eabi/13.2.1/../../../../arm-none-eabi/lib/thumb/v7-m/nofp/libg.a(libc_a-fvwrite.o) (memmove)
/Applications/ArmGNUToolchain/13.2.Rel1/arm-none-eabi/bin/../lib/gcc/arm-none-eabi/13.2.1/../../../../arm-none-eabi/lib/thumb/v7-m/nofp/libg.a(libc_a-memset.o)
[...]
Memory Configuration

Name             Origin             Length             Attributes
RAM              0x20000000         0x00005000         xrw
FLASH            0x08000000         0x00010000         xr
*default*        0x00000000         0xffffffff

Linker script and memory map

LOAD /Applications/ArmGNUToolchain/13.2.Rel1/arm-none-eabi/bin/../lib/gcc/arm-none-eabi/13.2.1/thumb/v7-m/nofp/crti.o
LOAD /Applications/ArmGNUToolchain/13.2.Rel1/arm-none-eabi/bin/../lib/gcc/arm-none-eabi/13.2.1/thumb/v7-m/nofp/crtbegin.o
LOAD /Applications/ArmGNUToolchain/13.2.Rel1/arm-none-eabi/bin/../lib/gcc/arm-none-eabi/13.2.1/../../../../arm-none-eabi/lib/thumb/v7-m/nofp/crt0.o
LOAD CMakeFiles/stm32F103C8T6Project.elf.dir/Libraries/CMSIS/core_cm3.c.obj
LOAD CMakeFiles/stm32F103C8T6Project.elf.dir/Libraries/CMSIS/system_stm32f10x.c.obj
LOAD CMakeFiles/stm32F103C8T6Project.elf.dir/Libraries/STM32F10x_StdPeriph_Driver/src/misc.c.obj
LOAD CMakeFiles/stm32F103C8T6Project.elf.dir/Libraries/STM32F10x_StdPeriph_Driver/src/stm32f10x_adc.c.obj
LOAD CMakeFiles/stm32F103C8T6Project.elf.dir/Libraries/STM32F10x_StdPeriph_Driver/src/stm32f10x_bkp.c.obj
LOAD CMakeFiles/stm32F103C8T6Project.elf.dir/Libraries/STM32F10x_StdPeriph_Driver/src/stm32f10x_can.c.obj
LOAD CMakeFiles/stm32F103C8T6Project.elf.dir/Libraries/STM32F10x_StdPeriph_Driver/src/stm32f10x_cec.c.obj
LOAD CMakeFiles/stm32F103C8T6Project.elf.dir/Libraries/STM32F10x_StdPeriph_Driver/src/stm32f10x_crc.c.obj
LOAD CMakeFiles/stm32F103C8T6Project.elf.dir/Libraries/STM32F10x_StdPeriph_Driver/src/stm32f10x_dac.c.obj
LOAD CMakeFiles/stm32F103C8T6Project.elf.dir/Libraries/STM32F10x_StdPeriph_Driver/src/stm32f10x_dbgmcu.c.obj
LOAD CMakeFiles/stm32F103C8T6Project.elf.dir/Libraries/STM32F10x_StdPeriph_Driver/src/stm32f10x_dma.c.obj
LOAD CMakeFiles/stm32F103C8T6Project.elf.dir/Libraries/STM32F10x_StdPeriph_Driver/src/stm32f10x_exti.c.obj
LOAD CMakeFiles/stm32F103C8T6Project.elf.dir/Libraries/STM32F10x_StdPeriph_Driver/src/stm32f10x_flash.c.obj
LOAD CMakeFiles/stm32F103C8T6Project.elf.dir/Libraries/STM32F10x_StdPeriph_Driver/src/stm32f10x_fsmc.c.obj
LOAD CMakeFiles/stm32F103C8T6Project.elf.dir/Libraries/STM32F10x_StdPeriph_Driver/src/stm32f10x_gpio.c.obj
LOAD CMakeFiles/stm32F103C8T6Project.elf.dir/Libraries/STM32F10x_StdPeriph_Driver/src/stm32f10x_i2c.c.obj
LOAD CMakeFiles/stm32F103C8T6Project.elf.dir/Libraries/STM32F10x_StdPeriph_Driver/src/stm32f10x_iwdg.c.obj
LOAD CMakeFiles/stm32F103C8T6Project.elf.dir/Libraries/STM32F10x_StdPeriph_Driver/src/stm32f10x_pwr.c.obj
LOAD CMakeFiles/stm32F103C8T6Project.elf.dir/Libraries/STM32F10x_StdPeriph_Driver/src/stm32f10x_rcc.c.obj
LOAD CMakeFiles/stm32F103C8T6Project.elf.dir/Libraries/STM32F10x_StdPeriph_Driver/src/stm32f10x_rtc.c.obj
LOAD CMakeFiles/stm32F103C8T6Project.elf.dir/Libraries/STM32F10x_StdPeriph_Driver/src/stm32f10x_sdio.c.obj
LOAD CMakeFiles/stm32F103C8T6Project.elf.dir/Libraries/STM32F10x_StdPeriph_Driver/src/stm32f10x_spi.c.obj
LOAD CMakeFiles/stm32F103C8T6Project.elf.dir/Libraries/STM32F10x_StdPeriph_Driver/src/stm32f10x_tim.c.obj
LOAD CMakeFiles/stm32F103C8T6Project.elf.dir/Libraries/STM32F10x_StdPeriph_Driver/src/stm32f10x_usart.c.obj
LOAD CMakeFiles/stm32F103C8T6Project.elf.dir/Libraries/STM32F10x_StdPeriph_Driver/src/stm32f10x_wwdg.c.obj
LOAD CMakeFiles/stm32F103C8T6Project.elf.dir/User/main.c.obj
LOAD CMakeFiles/stm32F103C8T6Project.elf.dir/User/stm32f10x_it.c.obj
LOAD CMakeFiles/stm32F103C8T6Project.elf.dir/components/AD/AD.c.obj
LOAD CMakeFiles/stm32F103C8T6Project.elf.dir/components/ADC_DMA/ADC_DMA.c.obj
LOAD CMakeFiles/stm32F103C8T6Project.elf.dir/components/DCMotor/DCMotor.c.obj
LOAD CMakeFiles/stm32F103C8T6Project.elf.dir/components/Encode/Encode.c.obj
LOAD CMakeFiles/stm32F103C8T6Project.elf.dir/components/IC/IC.c.obj
LOAD CMakeFiles/stm32F103C8T6Project.elf.dir/components/LED/LED.c.obj
LOAD CMakeFiles/stm32F103C8T6Project.elf.dir/components/PWM/PWM.c.obj
LOAD CMakeFiles/stm32F103C8T6Project.elf.dir/components/Serial/Serial.c.obj
LOAD CMakeFiles/stm32F103C8T6Project.elf.dir/components/Timer/Timer.c.obj
LOAD CMakeFiles/stm32F103C8T6Project.elf.dir/components/countSensor/countSensor.c.obj
LOAD CMakeFiles/stm32F103C8T6Project.elf.dir/components/customDMA/customDMA.c.obj
LOAD CMakeFiles/stm32F103C8T6Project.elf.dir/components/delay/delay.c.obj
LOAD CMakeFiles/stm32F103C8T6Project.elf.dir/components/key/key.c.obj
LOAD CMakeFiles/stm32F103C8T6Project.elf.dir/components/oled/OLED.c.obj
LOAD CMakeFiles/stm32F103C8T6Project.elf.dir/components/servo/servo.c.obj
LOAD CMakeFiles/stm32F103C8T6Project.elf.dir/components/unMicroLibRedirect/unMicroLibRedirect.c.obj
LOAD CMakeFiles/stm32F103C8T6Project.elf.dir/startup/startup_stm32f103c8tx.s.obj
LOAD CMakeFiles/stm32F103C8T6Project.elf.dir/system/retarget/retarget.c.obj
LOAD CMakeFiles/stm32F103C8T6Project.elf.dir/system/syscalls/syscalls.c.obj
START GROUP
LOAD /Applications/ArmGNUToolchain/13.2.Rel1/arm-none-eabi/bin/../lib/gcc/arm-none-eabi/13.2.1/thumb/v7-m/nofp/libgcc.a
LOAD /Applications/ArmGNUToolchain/13.2.Rel1/arm-none-eabi/bin/../lib/gcc/arm-none-eabi/13.2.1/../../../../arm-none-eabi/lib/thumb/v7-m/nofp/libg.a
LOAD /Applications/ArmGNUToolchain/13.2.Rel1/arm-none-eabi/bin/../lib/gcc/arm-none-eabi/13.2.1/../../../../arm-none-eabi/lib/thumb/v7-m/nofp/libc.a
END GROUP
LOAD /Applications/ArmGNUToolchain/13.2.Rel1/arm-none-eabi/bin/../lib/gcc/arm-none-eabi/13.2.1/thumb/v7-m/nofp/crtend.o
LOAD /Applications/ArmGNUToolchain/13.2.Rel1/arm-none-eabi/bin/../lib/gcc/arm-none-eabi/13.2.1/thumb/v7-m/nofp/crtn.o
                0x20005000                        _estack = (ORIGIN (RAM) + LENGTH (RAM))
                0x00000200                        _Min_Heap_Size = 0x200
                0x00000400                        _Min_Stack_Size = 0x400

.isr_vector     0x08000000      0x10c
                0x08000000                        . = ALIGN (0x4)
 *(.isr_vector)
 .isr_vector    0x08000000      0x10c CMakeFiles/stm32F103C8T6Project.elf.dir/startup/startup_stm32f103c8tx.s.obj
                0x08000000                g_pfnVectors
                0x0800010c                        . = ALIGN (0x4)

.text           0x08000110     0x9848
                0x08000110                        . = ALIGN (0x4)
 *(.text)
 .text          0x08000110       0xec /Applications/ArmGNUToolchain/13.2.Rel1/arm-none-eabi/bin/../lib/gcc/arm-none-eabi/13.2.1/../../../../arm-none-eabi/lib/thumb/v7-m/nofp/libg.a(libc_a-memcpy.o)
                0x08000110                memcpy
 .text          0x080001fc      0x378 /Applications/ArmGNUToolchain/13.2.Rel1/arm-none-eabi/bin/../lib/gcc/arm-none-eabi/13.2.1/thumb/v7-m/nofp/libgcc.a(_arm_addsubdf3.o)
                0x080001fc                __aeabi_drsub
                0x08000204                __subdf3
                0x08000204                __aeabi_dsub
                0x08000208                __aeabi_dadd
                0x08000208                __adddf3
                0x08000480                __aeabi_ui2d
                0x08000480                __floatunsidf
                0x080004a0                __floatsidf
                0x080004a0                __aeabi_i2d
                0x080004c4                __extendsfdf2
                0x080004c4                __aeabi_f2d
                0x08000508                __aeabi_ul2d
                0x08000508                __floatundidf
                0x08000518                __aeabi_l2d
                0x08000518                __floatdidf
 .text          0x08000574      0x424 /Applications/ArmGNUToolchain/13.2.Rel1/arm-none-eabi/bin/../lib/gcc/arm-none-eabi/13.2.1/thumb/v7-m/nofp/libgcc.a(_arm_muldivdf3.o)
                0x08000574                __aeabi_dmul
                0x08000574                __muldf3
                0x080007c8                __aeabi_ddiv
                0x080007c8                __divdf3
 .text          0x08000998      0x110 /Applications/ArmGNUToolchain/13.2.Rel1/arm-none-eabi/bin/../lib/gcc/arm-none-eabi/13.2.1/thumb/v7-m/nofp/libgcc.a(_arm_cmpdf2.o)
                0x08000998                __gedf2
                0x08000998                __gtdf2
                0x080009a0                __ledf2
                0x080009a0                __ltdf2
                0x080009a8                __cmpdf2
                0x080009a8                __eqdf2
                0x080009a8                __nedf2
                0x08000a24                __aeabi_cdrcmple
                0x08000a34                __aeabi_cdcmple
                0x08000a34                __aeabi_cdcmpeq
                0x08000a44                __aeabi_dcmpeq
                0x08000a58                __aeabi_dcmplt
                0x08000a6c                __aeabi_dcmple
                0x08000a80                __aeabi_dcmpge
                0x08000a94                __aeabi_dcmpgt
 .text          0x08000aa8       0x2c /Applications/ArmGNUToolchain/13.2.Rel1/arm-none-eabi/bin/../lib/gcc/arm-none-eabi/13.2.1/thumb/v7-m/nofp/libgcc.a(_arm_unorddf2.o)
                0x08000aa8                __aeabi_dcmpun
                0x08000aa8                __unorddf2
 .text          0x08000ad4       0x50 /Applications/ArmGNUToolchain/13.2.Rel1/arm-none-eabi/bin/../lib/gcc/arm-none-eabi/13.2.1/thumb/v7-m/nofp/libgcc.a(_arm_fixdfsi.o)
                0x08000ad4                __fixdfsi
                0x08000ad4                __aeabi_d2iz
 *(.text*)
 .text.deregister_tm_clones
                0x08000b24       0x1c /Applications/ArmGNUToolchain/13.2.Rel1/arm-none-eabi/bin/../lib/gcc/arm-none-eabi/13.2.1/thumb/v7-m/nofp/crtbegin.o
 .text.register_tm_clones
                0x08000b40       0x24 /Applications/ArmGNUToolchain/13.2.Rel1/arm-none-eabi/bin/../lib/gcc/arm-none-eabi/13.2.1/thumb/v7-m/nofp/crtbegin.o
 .text.__do_global_dtors_aux
                0x08000b64       0x28 /Applications/ArmGNUToolchain/13.2.Rel1/arm-none-eabi/bin/../lib/gcc/arm-none-eabi/13.2.1/thumb/v7-m/nofp/crtbegin.o
 .text.frame_dummy
                0x08000b8c       0x24 /Applications/ArmGNUToolchain/13.2.Rel1/arm-none-eabi/bin/../lib/gcc/arm-none-eabi/13.2.1/thumb/v7-m/nofp/crtbegin.o
 .text.SetSysClockTo72
                0x08000bb0       0xc4 CMakeFiles/stm32F103C8T6Project.elf.dir/Libraries/CMSIS/system_stm32f10x.c.obj
 .text.SetSysClock
                0x08000c74        0x8 CMakeFiles/stm32F103C8T6Project.elf.dir/Libraries/CMSIS/system_stm32f10x.c.obj
 .text.SystemInit
                0x08000c7c       0x50 CMakeFiles/stm32F103C8T6Project.elf.dir/Libraries/CMSIS/system_stm32f10x.c.obj
                0x08000c7c                SystemInit
 .text.EXTI_GetITStatus
                0x08000ccc       0x20 CMakeFiles/stm32F103C8T6Project.elf.dir/Libraries/STM32F10x_StdPeriph_Driver/src/stm32f10x_exti.c.obj
                0x08000ccc                EXTI_GetITStatus
 .text.EXTI_ClearITPendingBit
                0x08000cec        0xc CMakeFiles/stm32F103C8T6Project.elf.dir/Libraries/STM32F10x_StdPeriph_Driver/src/stm32f10x_exti.c.obj
                0x08000cec                EXTI_ClearITPendingBit
 .text.GPIO_Init
                0x08000cf8       0xb0 CMakeFiles/stm32F103C8T6Project.elf.dir/Libraries/STM32F10x_StdPeriph_Driver/src/stm32f10x_gpio.c.obj
                0x08000cf8                GPIO_Init
 .text.GPIO_WriteBit
                0x08000da8        0xa CMakeFiles/stm32F103C8T6Project.elf.dir/Libraries/STM32F10x_StdPeriph_Driver/src/stm32f10x_gpio.c.obj
                0x08000da8                GPIO_WriteBit
 *fill*         0x08000db2        0x2 
 .text.RCC_GetClocksFreq
                0x08000db4       0xbc CMakeFiles/stm32F103C8T6Project.elf.dir/Libraries/STM32F10x_StdPeriph_Driver/src/stm32f10x_rcc.c.obj
                0x08000db4                RCC_GetClocksFreq
 .text.RCC_APB2PeriphClockCmd
                0x08000e70       0x1c CMakeFiles/stm32F103C8T6Project.elf.dir/Libraries/STM32F10x_StdPeriph_Driver/src/stm32f10x_rcc.c.obj
                0x08000e70                RCC_APB2PeriphClockCmd
 .text.USART_Init
                0x08000e8c       0xc4 CMakeFiles/stm32F103C8T6Project.elf.dir/Libraries/STM32F10x_StdPeriph_Driver/src/stm32f10x_usart.c.obj
                0x08000e8c                USART_Init
 .text.USART_Cmd
                0x08000f50       0x1c CMakeFiles/stm32F103C8T6Project.elf.dir/Libraries/STM32F10x_StdPeriph_Driver/src/stm32f10x_usart.c.obj
                0x08000f50                USART_Cmd
 .text.USART_SendData
                0x08000f6c        0x8 CMakeFiles/stm32F103C8T6Project.elf.dir/Libraries/STM32F10x_StdPeriph_Driver/src/stm32f10x_usart.c.obj
                0x08000f6c                USART_SendData
 .text.USART_ReceiveData
                0x08000f74        0x8 CMakeFiles/stm32F103C8T6Project.elf.dir/Libraries/STM32F10x_StdPeriph_Driver/src/stm32f10x_usart.c.obj
                0x08000f74                USART_ReceiveData
 .text.USART_GetFlagStatus
                0x08000f7c        0xe CMakeFiles/stm32F103C8T6Project.elf.dir/Libraries/STM32F10x_StdPeriph_Driver/src/stm32f10x_usart.c.obj
                0x08000f7c                USART_GetFlagStatus
 *fill*         0x08000f8a        0x2 
 .text.main     0x08000f8c       0xac CMakeFiles/stm32F103C8T6Project.elf.dir/User/main.c.obj
                0x08000f8c                main
 .text.NMI_Handler
                0x08001038        0x2 CMakeFiles/stm32F103C8T6Project.elf.dir/User/stm32f10x_it.c.obj
                0x08001038                NMI_Handler
 .text.HardFault_Handler
                0x0800103a        0x2 CMakeFiles/stm32F103C8T6Project.elf.dir/User/stm32f10x_it.c.obj
                0x0800103a                HardFault_Handler
 .text.MemManage_Handler
                0x0800103c        0x2 CMakeFiles/stm32F103C8T6Project.elf.dir/User/stm32f10x_it.c.obj
                0x0800103c                MemManage_Handler
 .text.BusFault_Handler
                0x0800103e        0x2 CMakeFiles/stm32F103C8T6Project.elf.dir/User/stm32f10x_it.c.obj
                0x0800103e                BusFault_Handler
 .text.UsageFault_Handler
                0x08001040        0x2 CMakeFiles/stm32F103C8T6Project.elf.dir/User/stm32f10x_it.c.obj
                0x08001040                UsageFault_Handler
 .text.SVC_Handler
                0x08001042        0x2 CMakeFiles/stm32F103C8T6Project.elf.dir/User/stm32f10x_it.c.obj
                0x08001042                SVC_Handler
 .text.DebugMon_Handler
                0x08001044        0x2 CMakeFiles/stm32F103C8T6Project.elf.dir/User/stm32f10x_it.c.obj
                0x08001044                DebugMon_Handler
 .text.PendSV_Handler
                0x08001046        0x2 CMakeFiles/stm32F103C8T6Project.elf.dir/User/stm32f10x_it.c.obj
                0x08001046                PendSV_Handler
 .text.SysTick_Handler
                0x08001048        0x2 CMakeFiles/stm32F103C8T6Project.elf.dir/User/stm32f10x_it.c.obj
                0x08001048                SysTick_Handler
 *fill*         0x0800104a        0x2 
 .text.Serial_Init
                0x0800104c       0x70 CMakeFiles/stm32F103C8T6Project.elf.dir/components/Serial/Serial.c.obj
                0x0800104c                Serial_Init
 .text.Serial_SendByte
                0x080010bc       0x1c CMakeFiles/stm32F103C8T6Project.elf.dir/components/Serial/Serial.c.obj
                0x080010bc                Serial_SendByte
 .text.Serial_SendArr
                0x080010d8       0x18 CMakeFiles/stm32F103C8T6Project.elf.dir/components/Serial/Serial.c.obj
                0x080010d8                Serial_SendArr
 .text.Serial_SendString
                0x080010f0       0x16 CMakeFiles/stm32F103C8T6Project.elf.dir/components/Serial/Serial.c.obj
                0x080010f0                Serial_SendString
 .text.Serial_Pow
                0x08001106       0x14 CMakeFiles/stm32F103C8T6Project.elf.dir/components/Serial/Serial.c.obj
                0x08001106                Serial_Pow
 *fill*         0x0800111a        0x2 
 .text.Serial_SendNumber
                0x0800111c       0x40 CMakeFiles/stm32F103C8T6Project.elf.dir/components/Serial/Serial.c.obj
                0x0800111c                Serial_SendNumber
 .text.Serial_Print
                0x0800115c       0x24 CMakeFiles/stm32F103C8T6Project.elf.dir/components/Serial/Serial.c.obj
                0x0800115c                Serial_Print
 .text.EXTI15_10_IRQHandler
                0x08001180       0x28 CMakeFiles/stm32F103C8T6Project.elf.dir/components/countSensor/countSensor.c.obj
                0x08001180                EXTI15_10_IRQHandler
 .text.Delay_us
                0x080011a8       0x2a CMakeFiles/stm32F103C8T6Project.elf.dir/components/delay/delay.c.obj
                0x080011a8                Delay_us
 .text.Delay_ms
                0x080011d2       0x16 CMakeFiles/stm32F103C8T6Project.elf.dir/components/delay/delay.c.obj
                0x080011d2                Delay_ms
 .text.OLED_I2C_Init
                0x080011e8       0x58 CMakeFiles/stm32F103C8T6Project.elf.dir/components/oled/OLED.c.obj
                0x080011e8                OLED_I2C_Init
 .text.OLED_I2C_Start
                0x08001240       0x3c CMakeFiles/stm32F103C8T6Project.elf.dir/components/oled/OLED.c.obj
                0x08001240                OLED_I2C_Start
 .text.OLED_I2C_Stop
                0x0800127c       0x30 CMakeFiles/stm32F103C8T6Project.elf.dir/components/oled/OLED.c.obj
                0x0800127c                OLED_I2C_Stop
 .text.OLED_I2C_SendByte
                0x080012ac       0x5c CMakeFiles/stm32F103C8T6Project.elf.dir/components/oled/OLED.c.obj
                0x080012ac                OLED_I2C_SendByte
 .text.OLED_WriteCommand
                0x08001308       0x20 CMakeFiles/stm32F103C8T6Project.elf.dir/components/oled/OLED.c.obj
                0x08001308                OLED_WriteCommand
 .text.OLED_WriteData
                0x08001328       0x20 CMakeFiles/stm32F103C8T6Project.elf.dir/components/oled/OLED.c.obj
                0x08001328                OLED_WriteData
 .text.OLED_SetCursor
                0x08001348       0x20 CMakeFiles/stm32F103C8T6Project.elf.dir/components/oled/OLED.c.obj
                0x08001348                OLED_SetCursor
 .text.OLED_Clear
                0x08001368       0x2c CMakeFiles/stm32F103C8T6Project.elf.dir/components/oled/OLED.c.obj
                0x08001368                OLED_Clear
 .text.OLED_ShowChar
                0x08001394       0x6c CMakeFiles/stm32F103C8T6Project.elf.dir/components/oled/OLED.c.obj
                0x08001394                OLED_ShowChar
 .text.OLED_ShowString
                0x08001400       0x22 CMakeFiles/stm32F103C8T6Project.elf.dir/components/oled/OLED.c.obj
                0x08001400                OLED_ShowString
 .text.OLED_Pow
                0x08001422       0x14 CMakeFiles/stm32F103C8T6Project.elf.dir/components/oled/OLED.c.obj
                0x08001422                OLED_Pow
 .text.OLED_ShowHexNum
                0x08001436       0x4c CMakeFiles/stm32F103C8T6Project.elf.dir/components/oled/OLED.c.obj
                0x08001436                OLED_ShowHexNum
 .text.OLED_Init
                0x08001482       0xae CMakeFiles/stm32F103C8T6Project.elf.dir/components/oled/OLED.c.obj
                0x08001482                OLED_Init
 .text.Reset_Handler
                0x08001530       0x48 CMakeFiles/stm32F103C8T6Project.elf.dir/startup/startup_stm32f103c8tx.s.obj
                0x08001530                Reset_Handler
 .text.Default_Handler
                0x08001578        0x2 CMakeFiles/stm32F103C8T6Project.elf.dir/startup/startup_stm32f103c8tx.s.obj
                0x08001578                USBWakeUp_IRQHandler
                0x08001578                EXTI2_IRQHandler
                0x08001578                TIM1_CC_IRQHandler
                0x08001578                PVD_IRQHandler
                0x08001578                EXTI3_IRQHandler
                0x08001578                EXTI0_IRQHandler
                0x08001578                I2C2_EV_IRQHandler
                0x08001578                ADC1_2_IRQHandler
                0x08001578                SPI1_IRQHandler
                0x08001578                TAMPER_IRQHandler
                0x08001578                DMA1_Channel4_IRQHandler
                0x08001578                USART3_IRQHandler
                0x08001578                RTC_IRQHandler
                0x08001578                DMA1_Channel7_IRQHandler
                0x08001578                CAN1_RX1_IRQHandler
                0x08001578                TIM4_IRQHandler
                0x08001578                I2C1_EV_IRQHandler
                0x08001578                DMA1_Channel6_IRQHandler
                0x08001578                TIM3_IRQHandler
                0x08001578                RCC_IRQHandler
                0x08001578                TIM1_TRG_COM_IRQHandler
                0x08001578                DMA1_Channel1_IRQHandler
                0x08001578                Default_Handler
                0x08001578                EXTI9_5_IRQHandler
                0x08001578                SPI2_IRQHandler
                0x08001578                DMA1_Channel5_IRQHandler
                0x08001578                EXTI4_IRQHandler
                0x08001578                USB_LP_CAN1_RX0_IRQHandler
                0x08001578                USB_HP_CAN1_TX_IRQHandler
                0x08001578                DMA1_Channel3_IRQHandler
                0x08001578                TIM1_UP_IRQHandler
                0x08001578                WWDG_IRQHandler
                0x08001578                TIM2_IRQHandler
                0x08001578                TIM1_BRK_IRQHandler
                0x08001578                EXTI1_IRQHandler
                0x08001578                USART2_IRQHandler
                0x08001578                I2C2_ER_IRQHandler
                0x08001578                DMA1_Channel2_IRQHandler
                0x08001578                CAN1_SCE_IRQHandler
                0x08001578                FLASH_IRQHandler
                0x08001578                USART1_IRQHandler
                0x08001578                I2C1_ER_IRQHandler
                0x08001578                RTC_Alarm_IRQHandler
 *fill*         0x0800157a        0x2 
 .text.RetargetInit
                0x0800157c       0x30 CMakeFiles/stm32F103C8T6Project.elf.dir/system/retarget/retarget.c.obj
                0x0800157c                RetargetInit
 .text.__io_putchar
                0x080015ac       0x24 CMakeFiles/stm32F103C8T6Project.elf.dir/system/retarget/retarget.c.obj
                0x080015ac                __io_putchar
 .text.__io_getchar
                0x080015d0       0x20 CMakeFiles/stm32F103C8T6Project.elf.dir/system/retarget/retarget.c.obj
                0x080015d0                __io_getchar
 .text._getpid  0x080015f0        0x4 CMakeFiles/stm32F103C8T6Project.elf.dir/system/syscalls/syscalls.c.obj
                0x080015f0                _getpid
 .text._kill    0x080015f4       0x10 CMakeFiles/stm32F103C8T6Project.elf.dir/system/syscalls/syscalls.c.obj
                0x080015f4                _kill
 .text._exit    0x08001604        0xc CMakeFiles/stm32F103C8T6Project.elf.dir/system/syscalls/syscalls.c.obj
                0x08001604                _exit
 .text._read    0x08001610       0x20 CMakeFiles/stm32F103C8T6Project.elf.dir/system/syscalls/syscalls.c.obj
                0x08001610                _read
 .text._write   0x08001630       0x1c CMakeFiles/stm32F103C8T6Project.elf.dir/system/syscalls/syscalls.c.obj
                0x08001630                _write
 .text._sbrk    0x0800164c       0x3c CMakeFiles/stm32F103C8T6Project.elf.dir/system/syscalls/syscalls.c.obj
                0x0800164c                _sbrk
 .text._close   0x08001688        0x6 CMakeFiles/stm32F103C8T6Project.elf.dir/system/syscalls/syscalls.c.obj
                0x08001688                _close
 .text._fstat   0x0800168e        0xa CMakeFiles/stm32F103C8T6Project.elf.dir/system/syscalls/syscalls.c.obj
                0x0800168e                _fstat
 .text._isatty  0x08001698        0x4 CMakeFiles/stm32F103C8T6Project.elf.dir/system/syscalls/syscalls.c.obj
                0x08001698                _isatty
 .text._lseek   0x0800169c        0x4 CMakeFiles/stm32F103C8T6Project.elf.dir/system/syscalls/syscalls.c.obj
                0x0800169c                _lseek
 .text.printf   0x080016a0       0x28 /Applications/ArmGNUToolchain/13.2.Rel1/arm-none-eabi/bin/../lib/gcc/arm-none-eabi/13.2.1/../../../../arm-none-eabi/lib/thumb/v7-m/nofp/libg.a(libc_a-printf.o)
                0x080016a0                printf
 .text._vfprintf_r
                0x080016c8     0x1bf0 /Applications/ArmGNUToolchain/13.2.Rel1/arm-none-eabi/bin/../lib/gcc/arm-none-eabi/13.2.1/../../../../arm-none-eabi/lib/thumb/v7-m/nofp/libg.a(libc_a-vfprintf.o)
                0x080016c8                _vfprintf_r
 .text.__sbprintf
                0x080032b8       0x80 /Applications/ArmGNUToolchain/13.2.Rel1/arm-none-eabi/bin/../lib/gcc/arm-none-eabi/13.2.1/../../../../arm-none-eabi/lib/thumb/v7-m/nofp/libg.a(libc_a-vfprintf.o)
 .text.__sprint_r.part.0
                0x08003338       0x78 /Applications/ArmGNUToolchain/13.2.Rel1/arm-none-eabi/bin/../lib/gcc/arm-none-eabi/13.2.1/../../../../arm-none-eabi/lib/thumb/v7-m/nofp/libg.a(libc_a-vfiprintf.o)
 .text.__sprint_r
                0x080033b0       0x14 /Applications/ArmGNUToolchain/13.2.Rel1/arm-none-eabi/bin/../lib/gcc/arm-none-eabi/13.2.1/../../../../arm-none-eabi/lib/thumb/v7-m/nofp/libg.a(libc_a-vfiprintf.o)
                0x080033b0                __sprint_r
 .text._vfiprintf_r
                0x080033c4      0xfe8 /Applications/ArmGNUToolchain/13.2.Rel1/arm-none-eabi/bin/../lib/gcc/arm-none-eabi/13.2.1/../../../../arm-none-eabi/lib/thumb/v7-m/nofp/libg.a(libc_a-vfiprintf.o)
                0x080033c4                _vfiprintf_r
 .text.__sbprintf
                0x080043ac       0x80 /Applications/ArmGNUToolchain/13.2.Rel1/arm-none-eabi/bin/../lib/gcc/arm-none-eabi/13.2.1/../../../../arm-none-eabi/lib/thumb/v7-m/nofp/libg.a(libc_a-vfiprintf.o)
 .text.setvbuf  0x0800442c      0x1a4 /Applications/ArmGNUToolchain/13.2.Rel1/arm-none-eabi/bin/../lib/gcc/arm-none-eabi/13.2.1/../../../../arm-none-eabi/lib/thumb/v7-m/nofp/libg.a(libc_a-setvbuf.o)
                0x0800442c                setvbuf
 .text.__sflush_r
                0x080045d0      0x128 /Applications/ArmGNUToolchain/13.2.Rel1/arm-none-eabi/bin/../lib/gcc/arm-none-eabi/13.2.1/../../../../arm-none-eabi/lib/thumb/v7-m/nofp/libg.a(libc_a-fflush.o)
                0x080045d0                __sflush_r
 .text._fflush_r
                0x080046f8       0x54 /Applications/ArmGNUToolchain/13.2.Rel1/arm-none-eabi/bin/../lib/gcc/arm-none-eabi/13.2.1/../../../../arm-none-eabi/lib/thumb/v7-m/nofp/libg.a(libc_a-fflush.o)
                0x080046f8                _fflush_r
 .text.stdio_exit_handler
                0x0800474c       0x18 /Applications/ArmGNUToolchain/13.2.Rel1/arm-none-eabi/bin/../lib/gcc/arm-none-eabi/13.2.1/../../../../arm-none-eabi/lib/thumb/v7-m/nofp/libg.a(libc_a-findfp.o)
 .text.cleanup_stdio
                0x08004764       0x40 /Applications/ArmGNUToolchain/13.2.Rel1/arm-none-eabi/bin/../lib/gcc/arm-none-eabi/13.2.1/../../../../arm-none-eabi/lib/thumb/v7-m/nofp/libg.a(libc_a-findfp.o)
 .text.global_stdio_init.part.0
                0x080047a4       0xf0 /Applications/ArmGNUToolchain/13.2.Rel1/arm-none-eabi/bin/../lib/gcc/arm-none-eabi/13.2.1/../../../../arm-none-eabi/lib/thumb/v7-m/nofp/libg.a(libc_a-findfp.o)
 .text.__sinit  0x08004894       0x3c /Applications/ArmGNUToolchain/13.2.Rel1/arm-none-eabi/bin/../lib/gcc/arm-none-eabi/13.2.1/../../../../arm-none-eabi/lib/thumb/v7-m/nofp/libg.a(libc_a-findfp.o)
                0x08004894                __sinit
 .text.__sfp_lock_acquire
                0x080048d0        0xc /Applications/ArmGNUToolchain/13.2.Rel1/arm-none-eabi/bin/../lib/gcc/arm-none-eabi/13.2.1/../../../../arm-none-eabi/lib/thumb/v7-m/nofp/libg.a(libc_a-findfp.o)
                0x080048d0                __sfp_lock_acquire
 .text.__sfp_lock_release
                0x080048dc        0xc /Applications/ArmGNUToolchain/13.2.Rel1/arm-none-eabi/bin/../lib/gcc/arm-none-eabi/13.2.1/../../../../arm-none-eabi/lib/thumb/v7-m/nofp/libg.a(libc_a-findfp.o)
                0x080048dc                __sfp_lock_release
 .text.vsprintf
                0x080048e8       0x38 /Applications/ArmGNUToolchain/13.2.Rel1/arm-none-eabi/bin/../lib/gcc/arm-none-eabi/13.2.1/../../../../arm-none-eabi/lib/thumb/v7-m/nofp/libg.a(libc_a-vsprintf.o)
                0x080048e8                vsprintf
 .text.__sfvwrite_r
                0x08004920      0x2ec /Applications/ArmGNUToolchain/13.2.Rel1/arm-none-eabi/bin/../lib/gcc/arm-none-eabi/13.2.1/../../../../arm-none-eabi/lib/thumb/v7-m/nofp/libg.a(libc_a-fvwrite.o)
                0x08004920                __sfvwrite_r
 .text._fwalk_sglue
                0x08004c0c       0x44 /Applications/ArmGNUToolchain/13.2.Rel1/arm-none-eabi/bin/../lib/gcc/arm-none-eabi/13.2.1/../../../../arm-none-eabi/lib/thumb/v7-m/nofp/libg.a(libc_a-fwalk.o)
                0x08004c0c                _fwalk_sglue
 .text.__swsetup_r
                0x08004c50       0xc4 /Applications/ArmGNUToolchain/13.2.Rel1/arm-none-eabi/bin/../lib/gcc/arm-none-eabi/13.2.1/../../../../arm-none-eabi/lib/thumb/v7-m/nofp/libg.a(libc_a-wsetup.o)
                0x08004c50                __swsetup_r
 .text.__fputwc
                0x08004d14       0x7c /Applications/ArmGNUToolchain/13.2.Rel1/arm-none-eabi/bin/../lib/gcc/arm-none-eabi/13.2.1/../../../../arm-none-eabi/lib/thumb/v7-m/nofp/libg.a(libc_a-fputwc.o)
                0x08004d14                __fputwc
 .text._fputwc_r
                0x08004d90       0x60 /Applications/ArmGNUToolchain/13.2.Rel1/arm-none-eabi/bin/../lib/gcc/arm-none-eabi/13.2.1/../../../../arm-none-eabi/lib/thumb/v7-m/nofp/libg.a(libc_a-fputwc.o)
                0x08004d90                _fputwc_r
 .text.memmove  0x08004df0       0xfc /Applications/ArmGNUToolchain/13.2.Rel1/arm-none-eabi/bin/../lib/gcc/arm-none-eabi/13.2.1/../../../../arm-none-eabi/lib/thumb/v7-m/nofp/libg.a(libc_a-memmove.o)
                0x08004df0                memmove
 .text.memset   0x08004eec       0xa0 /Applications/ArmGNUToolchain/13.2.Rel1/arm-none-eabi/bin/../lib/gcc/arm-none-eabi/13.2.1/../../../../arm-none-eabi/lib/thumb/v7-m/nofp/libg.a(libc_a-memset.o)
                0x08004eec                memset
 .text.strncpy  0x08004f8c       0x6c /Applications/ArmGNUToolchain/13.2.Rel1/arm-none-eabi/bin/../lib/gcc/arm-none-eabi/13.2.1/../../../../arm-none-eabi/lib/thumb/v7-m/nofp/libg.a(libc_a-strncpy.o)
                0x08004f8c                strncpy
 .text.__locale_mb_cur_max
                0x08004ff8        0xc /Applications/ArmGNUToolchain/13.2.Rel1/arm-none-eabi/bin/../lib/gcc/arm-none-eabi/13.2.1/../../../../arm-none-eabi/lib/thumb/v7-m/nofp/libg.a(libc_a-locale.o)
                0x08004ff8                __locale_mb_cur_max
 .text._localeconv_r
                0x08005004        0x8 /Applications/ArmGNUToolchain/13.2.Rel1/arm-none-eabi/bin/../lib/gcc/arm-none-eabi/13.2.1/../../../../arm-none-eabi/lib/thumb/v7-m/nofp/libg.a(libc_a-localeconv.o)
                0x08005004                _localeconv_r
 .text.__errno  0x0800500c        0xc /Applications/ArmGNUToolchain/13.2.Rel1/arm-none-eabi/bin/../lib/gcc/arm-none-eabi/13.2.1/../../../../arm-none-eabi/lib/thumb/v7-m/nofp/libg.a(libc_a-errno.o)
                0x0800500c                __errno
 .text.__libc_init_array
                0x08005018       0x50 /Applications/ArmGNUToolchain/13.2.Rel1/arm-none-eabi/bin/../lib/gcc/arm-none-eabi/13.2.1/../../../../arm-none-eabi/lib/thumb/v7-m/nofp/libg.a(libc_a-init.o)
                0x08005018                __libc_init_array
 .text.__retarget_lock_init_recursive
                0x08005068        0x4 /Applications/ArmGNUToolchain/13.2.Rel1/arm-none-eabi/bin/../lib/gcc/arm-none-eabi/13.2.1/../../../../arm-none-eabi/lib/thumb/v7-m/nofp/libg.a(libc_a-lock.o)
                0x08005068                __retarget_lock_init_recursive
 .text.__retarget_lock_close_recursive
                0x0800506c        0x4 /Applications/ArmGNUToolchain/13.2.Rel1/arm-none-eabi/bin/../lib/gcc/arm-none-eabi/13.2.1/../../../../arm-none-eabi/lib/thumb/v7-m/nofp/libg.a(libc_a-lock.o)
                0x0800506c                __retarget_lock_close_recursive
 .text.__retarget_lock_acquire_recursive
                0x08005070        0x4 /Applications/ArmGNUToolchain/13.2.Rel1/arm-none-eabi/bin/../lib/gcc/arm-none-eabi/13.2.1/../../../../arm-none-eabi/lib/thumb/v7-m/nofp/libg.a(libc_a-lock.o)
                0x08005070                __retarget_lock_acquire_recursive
 .text.__retarget_lock_release_recursive
                0x08005074        0x4 /Applications/ArmGNUToolchain/13.2.Rel1/arm-none-eabi/bin/../lib/gcc/arm-none-eabi/13.2.1/../../../../arm-none-eabi/lib/thumb/v7-m/nofp/libg.a(libc_a-lock.o)
                0x08005074                __retarget_lock_release_recursive
 .text.memchr   0x08005078       0x98 /Applications/ArmGNUToolchain/13.2.Rel1/arm-none-eabi/bin/../lib/gcc/arm-none-eabi/13.2.1/../../../../arm-none-eabi/lib/thumb/v7-m/nofp/libg.a(libc_a-memchr-stub.o)
                0x08005078                memchr
 .text.strlen   0x08005110       0x5c /Applications/ArmGNUToolchain/13.2.Rel1/arm-none-eabi/bin/../lib/gcc/arm-none-eabi/13.2.1/../../../../arm-none-eabi/lib/thumb/v7-m/nofp/libg.a(libc_a-strlen-stub.o)
                0x08005110                strlen
 .text._wcrtomb_r
                0x0800516c       0x4c /Applications/ArmGNUToolchain/13.2.Rel1/arm-none-eabi/bin/../lib/gcc/arm-none-eabi/13.2.1/../../../../arm-none-eabi/lib/thumb/v7-m/nofp/libg.a(libc_a-wcrtomb.o)
                0x0800516c                _wcrtomb_r
 .text._wcsrtombs_r
                0x080051b8       0x18 /Applications/ArmGNUToolchain/13.2.Rel1/arm-none-eabi/bin/../lib/gcc/arm-none-eabi/13.2.1/../../../../arm-none-eabi/lib/thumb/v7-m/nofp/libg.a(libc_a-wcsrtombs.o)
                0x080051b8                _wcsrtombs_r
 .text.frexp    0x080051d0       0x6c /Applications/ArmGNUToolchain/13.2.Rel1/arm-none-eabi/bin/../lib/gcc/arm-none-eabi/13.2.1/../../../../arm-none-eabi/lib/thumb/v7-m/nofp/libg.a(libm_a-s_frexp.o)
                0x080051d0                frexp
 .text.startup.register_fini
                0x0800523c       0x14 /Applications/ArmGNUToolchain/13.2.Rel1/arm-none-eabi/bin/../lib/gcc/arm-none-eabi/13.2.1/../../../../arm-none-eabi/lib/thumb/v7-m/nofp/libg.a(libc_a-__call_atexit.o)
 .text.atexit   0x08005250        0xc /Applications/ArmGNUToolchain/13.2.Rel1/arm-none-eabi/bin/../lib/gcc/arm-none-eabi/13.2.1/../../../../arm-none-eabi/lib/thumb/v7-m/nofp/libg.a(libc_a-atexit.o)
                0x08005250                atexit
 .text.quorem   0x0800525c      0x13c /Applications/ArmGNUToolchain/13.2.Rel1/arm-none-eabi/bin/../lib/gcc/arm-none-eabi/13.2.1/../../../../arm-none-eabi/lib/thumb/v7-m/nofp/libg.a(libc_a-dtoa.o)
 .text._dtoa_r  0x08005398      0xe94 /Applications/ArmGNUToolchain/13.2.Rel1/arm-none-eabi/bin/../lib/gcc/arm-none-eabi/13.2.1/../../../../arm-none-eabi/lib/thumb/v7-m/nofp/libg.a(libc_a-dtoa.o)
                0x08005398                _dtoa_r
 .text._malloc_trim_r
                0x0800622c       0xb8 /Applications/ArmGNUToolchain/13.2.Rel1/arm-none-eabi/bin/../lib/gcc/arm-none-eabi/13.2.1/../../../../arm-none-eabi/lib/thumb/v7-m/nofp/libg.a(libc_a-freer.o)
                0x0800622c                _malloc_trim_r
 .text._free_r  0x080062e4      0x1f8 /Applications/ArmGNUToolchain/13.2.Rel1/arm-none-eabi/bin/../lib/gcc/arm-none-eabi/13.2.1/../../../../arm-none-eabi/lib/thumb/v7-m/nofp/libg.a(libc_a-freer.o)
                0x080062e4                _free_r
 .text.malloc   0x080064dc       0x10 /Applications/ArmGNUToolchain/13.2.Rel1/arm-none-eabi/bin/../lib/gcc/arm-none-eabi/13.2.1/../../../../arm-none-eabi/lib/thumb/v7-m/nofp/libg.a(libc_a-malloc.o)
                0x080064dc                malloc
 .text._malloc_r
                0x080064ec      0x568 /Applications/ArmGNUToolchain/13.2.Rel1/arm-none-eabi/bin/../lib/gcc/arm-none-eabi/13.2.1/../../../../arm-none-eabi/lib/thumb/v7-m/nofp/libg.a(libc_a-mallocr.o)
                0x080064ec                _malloc_r
 .text.__ascii_mbtowc
                0x08006a54       0x2c /Applications/ArmGNUToolchain/13.2.Rel1/arm-none-eabi/bin/../lib/gcc/arm-none-eabi/13.2.1/../../../../arm-none-eabi/lib/thumb/v7-m/nofp/libg.a(libc_a-mbtowc_r.o)
                0x08006a54                __ascii_mbtowc
 .text._svfprintf_r
                0x08006a80     0x1b2c /Applications/ArmGNUToolchain/13.2.Rel1/arm-none-eabi/bin/../lib/gcc/arm-none-eabi/13.2.1/../../../../arm-none-eabi/lib/thumb/v7-m/nofp/libg.a(libc_a-svfprintf.o)
                0x08006a80                _svfprintf_r
 .text.__smakebuf_r
                0x080085ac       0xdc /Applications/ArmGNUToolchain/13.2.Rel1/arm-none-eabi/bin/../lib/gcc/arm-none-eabi/13.2.1/../../../../arm-none-eabi/lib/thumb/v7-m/nofp/libg.a(libc_a-makebuf.o)
                0x080085ac                __smakebuf_r
 .text.__swhatbuf_r
                0x08008688       0x60 /Applications/ArmGNUToolchain/13.2.Rel1/arm-none-eabi/bin/../lib/gcc/arm-none-eabi/13.2.1/../../../../arm-none-eabi/lib/thumb/v7-m/nofp/libg.a(libc_a-makebuf.o)
                0x08008688                __swhatbuf_r
 .text.__malloc_lock
                0x080086e8        0xc /Applications/ArmGNUToolchain/13.2.Rel1/arm-none-eabi/bin/../lib/gcc/arm-none-eabi/13.2.1/../../../../arm-none-eabi/lib/thumb/v7-m/nofp/libg.a(libc_a-mlock.o)
                0x080086e8                __malloc_lock
 .text.__malloc_unlock
                0x080086f4        0xc /Applications/ArmGNUToolchain/13.2.Rel1/arm-none-eabi/bin/../lib/gcc/arm-none-eabi/13.2.1/../../../../arm-none-eabi/lib/thumb/v7-m/nofp/libg.a(libc_a-mlock.o)
                0x080086f4                __malloc_unlock
 .text._Balloc  0x08008700       0x4c /Applications/ArmGNUToolchain/13.2.Rel1/arm-none-eabi/bin/../lib/gcc/arm-none-eabi/13.2.1/../../../../arm-none-eabi/lib/thumb/v7-m/nofp/libg.a(libc_a-mprec.o)
                0x08008700                _Balloc
 .text._Bfree   0x0800874c       0x14 /Applications/ArmGNUToolchain/13.2.Rel1/arm-none-eabi/bin/../lib/gcc/arm-none-eabi/13.2.1/../../../../arm-none-eabi/lib/thumb/v7-m/nofp/libg.a(libc_a-mprec.o)
                0x0800874c                _Bfree
 .text.__multadd
                0x08008760       0xa4 /Applications/ArmGNUToolchain/13.2.Rel1/arm-none-eabi/bin/../lib/gcc/arm-none-eabi/13.2.1/../../../../arm-none-eabi/lib/thumb/v7-m/nofp/libg.a(libc_a-mprec.o)
                0x08008760                __multadd
 .text.__hi0bits
                0x08008804       0x44 /Applications/ArmGNUToolchain/13.2.Rel1/arm-none-eabi/bin/../lib/gcc/arm-none-eabi/13.2.1/../../../../arm-none-eabi/lib/thumb/v7-m/nofp/libg.a(libc_a-mprec.o)
                0x08008804                __hi0bits
 .text.__lo0bits
                0x08008848       0x5c /Applications/ArmGNUToolchain/13.2.Rel1/arm-none-eabi/bin/../lib/gcc/arm-none-eabi/13.2.1/../../../../arm-none-eabi/lib/thumb/v7-m/nofp/libg.a(libc_a-mprec.o)
                0x08008848                __lo0bits
 .text.__i2b    0x080088a4       0x5c /Applications/ArmGNUToolchain/13.2.Rel1/arm-none-eabi/bin/../lib/gcc/arm-none-eabi/13.2.1/../../../../arm-none-eabi/lib/thumb/v7-m/nofp/libg.a(libc_a-mprec.o)
                0x080088a4                __i2b
 .text.__multiply
                0x08008900      0x164 /Applications/ArmGNUToolchain/13.2.Rel1/arm-none-eabi/bin/../lib/gcc/arm-none-eabi/13.2.1/../../../../arm-none-eabi/lib/thumb/v7-m/nofp/libg.a(libc_a-mprec.o)
                0x08008900                __multiply
 .text.__pow5mult
                0x08008a64       0xb4 /Applications/ArmGNUToolchain/13.2.Rel1/arm-none-eabi/bin/../lib/gcc/arm-none-eabi/13.2.1/../../../../arm-none-eabi/lib/thumb/v7-m/nofp/libg.a(libc_a-mprec.o)
                0x08008a64                __pow5mult
 .text.__lshift
                0x08008b18       0xec /Applications/ArmGNUToolchain/13.2.Rel1/arm-none-eabi/bin/../lib/gcc/arm-none-eabi/13.2.1/../../../../arm-none-eabi/lib/thumb/v7-m/nofp/libg.a(libc_a-mprec.o)
                0x08008b18                __lshift
 .text.__mcmp   0x08008c04       0x40 /Applications/ArmGNUToolchain/13.2.Rel1/arm-none-eabi/bin/../lib/gcc/arm-none-eabi/13.2.1/../../../../arm-none-eabi/lib/thumb/v7-m/nofp/libg.a(libc_a-mprec.o)
                0x08008c04                __mcmp
 .text.__mdiff  0x08008c44      0x178 /Applications/ArmGNUToolchain/13.2.Rel1/arm-none-eabi/bin/../lib/gcc/arm-none-eabi/13.2.1/../../../../arm-none-eabi/lib/thumb/v7-m/nofp/libg.a(libc_a-mprec.o)
                0x08008c44                __mdiff
 .text.__d2b    0x08008dbc       0xbc /Applications/ArmGNUToolchain/13.2.Rel1/arm-none-eabi/bin/../lib/gcc/arm-none-eabi/13.2.1/../../../../arm-none-eabi/lib/thumb/v7-m/nofp/libg.a(libc_a-mprec.o)
                0x08008dbc                __d2b
 .text._fclose_r
                0x08008e78       0xc0 /Applications/ArmGNUToolchain/13.2.Rel1/arm-none-eabi/bin/../lib/gcc/arm-none-eabi/13.2.1/../../../../arm-none-eabi/lib/thumb/v7-m/nofp/libg.a(libc_a-fclose.o)
                0x08008e78                _fclose_r
 .text._realloc_r
                0x08008f38      0x34c /Applications/ArmGNUToolchain/13.2.Rel1/arm-none-eabi/bin/../lib/gcc/arm-none-eabi/13.2.1/../../../../arm-none-eabi/lib/thumb/v7-m/nofp/libg.a(libc_a-reallocr.o)
                0x08008f38                _realloc_r
 .text.__sread  0x08009284       0x24 /Applications/ArmGNUToolchain/13.2.Rel1/arm-none-eabi/bin/../lib/gcc/arm-none-eabi/13.2.1/../../../../arm-none-eabi/lib/thumb/v7-m/nofp/libg.a(libc_a-stdio.o)
                0x08009284                __sread
 .text.__swrite
                0x080092a8       0x40 /Applications/ArmGNUToolchain/13.2.Rel1/arm-none-eabi/bin/../lib/gcc/arm-none-eabi/13.2.1/../../../../arm-none-eabi/lib/thumb/v7-m/nofp/libg.a(libc_a-stdio.o)
                0x080092a8                __swrite
 .text.__sseek  0x080092e8       0x24 /Applications/ArmGNUToolchain/13.2.Rel1/arm-none-eabi/bin/../lib/gcc/arm-none-eabi/13.2.1/../../../../arm-none-eabi/lib/thumb/v7-m/nofp/libg.a(libc_a-stdio.o)
                0x080092e8                __sseek
 .text.__sclose
                0x0800930c        0x8 /Applications/ArmGNUToolchain/13.2.Rel1/arm-none-eabi/bin/../lib/gcc/arm-none-eabi/13.2.1/../../../../arm-none-eabi/lib/thumb/v7-m/nofp/libg.a(libc_a-stdio.o)
                0x0800930c                __sclose
 .text.__ascii_wctomb
                0x08009314       0x1c /Applications/ArmGNUToolchain/13.2.Rel1/arm-none-eabi/bin/../lib/gcc/arm-none-eabi/13.2.1/../../../../arm-none-eabi/lib/thumb/v7-m/nofp/libg.a(libc_a-wctomb_r.o)
                0x08009314                __ascii_wctomb
 .text.__swbuf_r
                0x08009330       0xac /Applications/ArmGNUToolchain/13.2.Rel1/arm-none-eabi/bin/../lib/gcc/arm-none-eabi/13.2.1/../../../../arm-none-eabi/lib/thumb/v7-m/nofp/libg.a(libc_a-wbuf.o)
                0x08009330                __swbuf_r
 .text._close_r
                0x080093dc       0x24 /Applications/ArmGNUToolchain/13.2.Rel1/arm-none-eabi/bin/../lib/gcc/arm-none-eabi/13.2.1/../../../../arm-none-eabi/lib/thumb/v7-m/nofp/libg.a(libc_a-closer.o)
                0x080093dc                _close_r
 .text._fstat_r
                0x08009400       0x28 /Applications/ArmGNUToolchain/13.2.Rel1/arm-none-eabi/bin/../lib/gcc/arm-none-eabi/13.2.1/../../../../arm-none-eabi/lib/thumb/v7-m/nofp/libg.a(libc_a-fstatr.o)
                0x08009400                _fstat_r
 .text._isatty_r
                0x08009428       0x24 /Applications/ArmGNUToolchain/13.2.Rel1/arm-none-eabi/bin/../lib/gcc/arm-none-eabi/13.2.1/../../../../arm-none-eabi/lib/thumb/v7-m/nofp/libg.a(libc_a-isattyr.o)
                0x08009428                _isatty_r
 .text._lseek_r
                0x0800944c       0x2c /Applications/ArmGNUToolchain/13.2.Rel1/arm-none-eabi/bin/../lib/gcc/arm-none-eabi/13.2.1/../../../../arm-none-eabi/lib/thumb/v7-m/nofp/libg.a(libc_a-lseekr.o)
                0x0800944c                _lseek_r
 .text._read_r  0x08009478       0x2c /Applications/ArmGNUToolchain/13.2.Rel1/arm-none-eabi/bin/../lib/gcc/arm-none-eabi/13.2.1/../../../../arm-none-eabi/lib/thumb/v7-m/nofp/libg.a(libc_a-readr.o)
                0x08009478                _read_r
 .text._sbrk_r  0x080094a4       0x24 /Applications/ArmGNUToolchain/13.2.Rel1/arm-none-eabi/bin/../lib/gcc/arm-none-eabi/13.2.1/../../../../arm-none-eabi/lib/thumb/v7-m/nofp/libg.a(libc_a-sbrkr.o)
                0x080094a4                _sbrk_r
 .text._write_r
                0x080094c8       0x2c /Applications/ArmGNUToolchain/13.2.Rel1/arm-none-eabi/bin/../lib/gcc/arm-none-eabi/13.2.1/../../../../arm-none-eabi/lib/thumb/v7-m/nofp/libg.a(libc_a-writer.o)
                0x080094c8                _write_r
 .text.sysconf  0x080094f4       0x1c /Applications/ArmGNUToolchain/13.2.Rel1/arm-none-eabi/bin/../lib/gcc/arm-none-eabi/13.2.1/../../../../arm-none-eabi/lib/thumb/v7-m/nofp/libg.a(libc_a-sysconf.o)
                0x080094f4                sysconf
 .text.__libc_fini_array
                0x08009510       0x28 /Applications/ArmGNUToolchain/13.2.Rel1/arm-none-eabi/bin/../lib/gcc/arm-none-eabi/13.2.1/../../../../arm-none-eabi/lib/thumb/v7-m/nofp/libg.a(libc_a-fini.o)
                0x08009510                __libc_fini_array
 .text._wcsnrtombs_l
                0x08009538       0xec /Applications/ArmGNUToolchain/13.2.Rel1/arm-none-eabi/bin/../lib/gcc/arm-none-eabi/13.2.1/../../../../arm-none-eabi/lib/thumb/v7-m/nofp/libg.a(libc_a-wcsnrtombs.o)
                0x08009538                _wcsnrtombs_l
 .text._wcsnrtombs_r
                0x08009624       0x24 /Applications/ArmGNUToolchain/13.2.Rel1/arm-none-eabi/bin/../lib/gcc/arm-none-eabi/13.2.1/../../../../arm-none-eabi/lib/thumb/v7-m/nofp/libg.a(libc_a-wcsnrtombs.o)
                0x08009624                _wcsnrtombs_r
 .text.__register_exitproc
                0x08009648       0x80 /Applications/ArmGNUToolchain/13.2.Rel1/arm-none-eabi/bin/../lib/gcc/arm-none-eabi/13.2.1/../../../../arm-none-eabi/lib/thumb/v7-m/nofp/libg.a(libc_a-__atexit.o)
                0x08009648                __register_exitproc
 .text.__assert_func
                0x080096c8       0x40 /Applications/ArmGNUToolchain/13.2.Rel1/arm-none-eabi/bin/../lib/gcc/arm-none-eabi/13.2.1/../../../../arm-none-eabi/lib/thumb/v7-m/nofp/libg.a(libc_a-assert.o)
                0x080096c8                __assert_func
 .text._calloc_r
                0x08009708       0x6c /Applications/ArmGNUToolchain/13.2.Rel1/arm-none-eabi/bin/../lib/gcc/arm-none-eabi/13.2.1/../../../../arm-none-eabi/lib/thumb/v7-m/nofp/libg.a(libc_a-callocr.o)
                0x08009708                _calloc_r
 .text.fiprintf
                0x08009774       0x28 /Applications/ArmGNUToolchain/13.2.Rel1/arm-none-eabi/bin/../lib/gcc/arm-none-eabi/13.2.1/../../../../arm-none-eabi/lib/thumb/v7-m/nofp/libg.a(libc_a-fiprintf.o)
                0x08009774                fiprintf
 .text.__ssprint_r
                0x0800979c      0x110 /Applications/ArmGNUToolchain/13.2.Rel1/arm-none-eabi/bin/../lib/gcc/arm-none-eabi/13.2.1/../../../../arm-none-eabi/lib/thumb/v7-m/nofp/libg.a(libc_a-svfiprintf.o)
                0x0800979c                __ssprint_r
 .text.abort    0x080098ac       0x10 /Applications/ArmGNUToolchain/13.2.Rel1/arm-none-eabi/bin/../lib/gcc/arm-none-eabi/13.2.1/../../../../arm-none-eabi/lib/thumb/v7-m/nofp/libg.a(libc_a-abort.o)
                0x080098ac                abort
 .text.raise    0x080098bc       0x58 /Applications/ArmGNUToolchain/13.2.Rel1/arm-none-eabi/bin/../lib/gcc/arm-none-eabi/13.2.1/../../../../arm-none-eabi/lib/thumb/v7-m/nofp/libg.a(libc_a-signal.o)
                0x080098bc                raise
 .text._kill_r  0x08009914       0x28 /Applications/ArmGNUToolchain/13.2.Rel1/arm-none-eabi/bin/../lib/gcc/arm-none-eabi/13.2.1/../../../../arm-none-eabi/lib/thumb/v7-m/nofp/libg.a(libc_a-signalr.o)
                0x08009914                _kill_r
 .text._getpid_r
                0x0800993c        0x4 /Applications/ArmGNUToolchain/13.2.Rel1/arm-none-eabi/bin/../lib/gcc/arm-none-eabi/13.2.1/../../../../arm-none-eabi/lib/thumb/v7-m/nofp/libg.a(libc_a-signalr.o)
                0x0800993c                _getpid_r
 *(.glue_7)
 .glue_7        0x08009940        0x0 linker stubs
 *(.glue_7t)
 .glue_7t       0x08009940        0x0 linker stubs
 *(.eh_frame)
 .eh_frame      0x08009940        0x0 /Applications/ArmGNUToolchain/13.2.Rel1/arm-none-eabi/bin/../lib/gcc/arm-none-eabi/13.2.1/thumb/v7-m/nofp/crtbegin.o
 *(.init)
 .init          0x08009940        0x4 /Applications/ArmGNUToolchain/13.2.Rel1/arm-none-eabi/bin/../lib/gcc/arm-none-eabi/13.2.1/thumb/v7-m/nofp/crti.o
                0x08009940                _init
 .init          0x08009944        0x8 /Applications/ArmGNUToolchain/13.2.Rel1/arm-none-eabi/bin/../lib/gcc/arm-none-eabi/13.2.1/thumb/v7-m/nofp/crtn.o
 *(.fini)
 .fini          0x0800994c        0x4 /Applications/ArmGNUToolchain/13.2.Rel1/arm-none-eabi/bin/../lib/gcc/arm-none-eabi/13.2.1/thumb/v7-m/nofp/crti.o
                0x0800994c                _fini
 .fini          0x08009950        0x8 /Applications/ArmGNUToolchain/13.2.Rel1/arm-none-eabi/bin/../lib/gcc/arm-none-eabi/13.2.1/thumb/v7-m/nofp/crtn.o
                0x08009958                        . = ALIGN (0x4)
                0x08009958                        _etext = .

.vfp11_veneer   0x08009958        0x0
 .vfp11_veneer  0x08009958        0x0 linker stubs

.v4_bx          0x08009958        0x0
 .v4_bx         0x08009958        0x0 linker stubs

.iplt           0x08009958        0x0
 .iplt          0x08009958        0x0 /Applications/ArmGNUToolchain/13.2.Rel1/arm-none-eabi/bin/../lib/gcc/arm-none-eabi/13.2.1/thumb/v7-m/nofp/crtbegin.o

.rodata         0x08009958      0xa50
                0x08009958                        . = ALIGN (0x4)
 *(.rodata)
 *(.rodata*)
 .rodata.ADCPrescTable
                0x08009958        0x4 CMakeFiles/stm32F103C8T6Project.elf.dir/Libraries/STM32F10x_StdPeriph_Driver/src/stm32f10x_rcc.c.obj
 .rodata.APBAHBPrescTable
                0x0800995c       0x10 CMakeFiles/stm32F103C8T6Project.elf.dir/Libraries/STM32F10x_StdPeriph_Driver/src/stm32f10x_rcc.c.obj
 .rodata.main.str1.4
                0x0800996c      0x1eb CMakeFiles/stm32F103C8T6Project.elf.dir/User/main.c.obj
                                 0x37 (size before relaxing)
 *fill*         0x08009b57        0x1 
 .rodata.OLED_F8x16
                0x08009b58      0x5f0 CMakeFiles/stm32F103C8T6Project.elf.dir/components/oled/OLED.c.obj
                0x08009b58                OLED_F8x16
 .rodata._vfprintf_r.str1.4
                0x0800a148       0x42 /Applications/ArmGNUToolchain/13.2.Rel1/arm-none-eabi/bin/../lib/gcc/arm-none-eabi/13.2.1/../../../../arm-none-eabi/lib/thumb/v7-m/nofp/libg.a(libc_a-vfprintf.o)
 .rodata.zeroes.0
                0x0800a148       0x10 /Applications/ArmGNUToolchain/13.2.Rel1/arm-none-eabi/bin/../lib/gcc/arm-none-eabi/13.2.1/../../../../arm-none-eabi/lib/thumb/v7-m/nofp/libg.a(libc_a-vfprintf.o)
 .rodata.blanks.1
                0x0800a158       0x10 /Applications/ArmGNUToolchain/13.2.Rel1/arm-none-eabi/bin/../lib/gcc/arm-none-eabi/13.2.1/../../../../arm-none-eabi/lib/thumb/v7-m/nofp/libg.a(libc_a-vfprintf.o)
 .rodata._vfiprintf_r.str1.4
                0x0800a168       0x2f /Applications/ArmGNUToolchain/13.2.Rel1/arm-none-eabi/bin/../lib/gcc/arm-none-eabi/13.2.1/../../../../arm-none-eabi/lib/thumb/v7-m/nofp/libg.a(libc_a-vfiprintf.o)
 .rodata.zeroes.0
                0x0800a168       0x10 /Applications/ArmGNUToolchain/13.2.Rel1/arm-none-eabi/bin/../lib/gcc/arm-none-eabi/13.2.1/../../../../arm-none-eabi/lib/thumb/v7-m/nofp/libg.a(libc_a-vfiprintf.o)
 .rodata.blanks.1
                0x0800a178       0x10 /Applications/ArmGNUToolchain/13.2.Rel1/arm-none-eabi/bin/../lib/gcc/arm-none-eabi/13.2.1/../../../../arm-none-eabi/lib/thumb/v7-m/nofp/libg.a(libc_a-vfiprintf.o)
 .rodata.str1.4
                0x0800a188       0x4c /Applications/ArmGNUToolchain/13.2.Rel1/arm-none-eabi/bin/../lib/gcc/arm-none-eabi/13.2.1/../../../../arm-none-eabi/lib/thumb/v7-m/nofp/libg.a(libc_a-locale.o)
 .rodata._ctype_
                0x0800a188      0x101 /Applications/ArmGNUToolchain/13.2.Rel1/arm-none-eabi/bin/../lib/gcc/arm-none-eabi/13.2.1/../../../../arm-none-eabi/lib/thumb/v7-m/nofp/libg.a(libc_a-ctype_.o)
                0x0800a188                _ctype_
 .rodata._dtoa_r.str1.4
                0x0800a289       0x89 /Applications/ArmGNUToolchain/13.2.Rel1/arm-none-eabi/bin/../lib/gcc/arm-none-eabi/13.2.1/../../../../arm-none-eabi/lib/thumb/v7-m/nofp/libg.a(libc_a-dtoa.o)
 .rodata._svfprintf_r.str1.4
                0x0800a289       0x42 /Applications/ArmGNUToolchain/13.2.Rel1/arm-none-eabi/bin/../lib/gcc/arm-none-eabi/13.2.1/../../../../arm-none-eabi/lib/thumb/v7-m/nofp/libg.a(libc_a-svfprintf.o)
 *fill*         0x0800a289        0x3 
 .rodata.zeroes.0
                0x0800a28c       0x10 /Applications/ArmGNUToolchain/13.2.Rel1/arm-none-eabi/bin/../lib/gcc/arm-none-eabi/13.2.1/../../../../arm-none-eabi/lib/thumb/v7-m/nofp/libg.a(libc_a-svfprintf.o)
 .rodata.blanks.1
                0x0800a29c       0x10 /Applications/ArmGNUToolchain/13.2.Rel1/arm-none-eabi/bin/../lib/gcc/arm-none-eabi/13.2.1/../../../../arm-none-eabi/lib/thumb/v7-m/nofp/libg.a(libc_a-svfprintf.o)
 .rodata.__multadd.str1.4
                0x0800a2ac       0x76 /Applications/ArmGNUToolchain/13.2.Rel1/arm-none-eabi/bin/../lib/gcc/arm-none-eabi/13.2.1/../../../../arm-none-eabi/lib/thumb/v7-m/nofp/libg.a(libc_a-mprec.o)
 .rodata.p05.0  0x0800a2ac        0xc /Applications/ArmGNUToolchain/13.2.Rel1/arm-none-eabi/bin/../lib/gcc/arm-none-eabi/13.2.1/../../../../arm-none-eabi/lib/thumb/v7-m/nofp/libg.a(libc_a-mprec.o)
 .rodata.__mprec_bigtens
                0x0800a2b8       0x28 /Applications/ArmGNUToolchain/13.2.Rel1/arm-none-eabi/bin/../lib/gcc/arm-none-eabi/13.2.1/../../../../arm-none-eabi/lib/thumb/v7-m/nofp/libg.a(libc_a-mprec.o)
                0x0800a2b8                __mprec_bigtens
 .rodata.__mprec_tens
                0x0800a2e0       0xc8 /Applications/ArmGNUToolchain/13.2.Rel1/arm-none-eabi/bin/../lib/gcc/arm-none-eabi/13.2.1/../../../../arm-none-eabi/lib/thumb/v7-m/nofp/libg.a(libc_a-mprec.o)
                0x0800a2e0                __mprec_tens
 .rodata.__assert_func.str1.4
                0x0800a3a8       0x43 /Applications/ArmGNUToolchain/13.2.Rel1/arm-none-eabi/bin/../lib/gcc/arm-none-eabi/13.2.1/../../../../arm-none-eabi/lib/thumb/v7-m/nofp/libg.a(libc_a-assert.o)
                0x0800a3ec                        . = ALIGN (0x4)

.ARM.extab      0x0800a3a8        0x0
                0x0800a3a8                        . = ALIGN (0x4)
 *(.ARM.extab* .gnu.linkonce.armextab.*)
                0x0800a3a8                        . = ALIGN (0x4)

.ARM            0x0800a3a8        0x8
                0x0800a3a8                        . = ALIGN (0x4)
                0x0800a3a8                        __exidx_start = .
 *(.ARM.exidx*)
 .ARM.exidx     0x0800a3a8        0x8 /Applications/ArmGNUToolchain/13.2.Rel1/arm-none-eabi/bin/../lib/gcc/arm-none-eabi/13.2.1/../../../../arm-none-eabi/lib/thumb/v7-m/nofp/libg.a(libc_a-memcpy.o)
                0x0800a3b0                        __exidx_end = .
                0x0800a3b0                        . = ALIGN (0x4)

.rel.dyn        0x0800a3b0        0x0
 .rel.iplt      0x0800a3b0        0x0 /Applications/ArmGNUToolchain/13.2.Rel1/arm-none-eabi/bin/../lib/gcc/arm-none-eabi/13.2.1/thumb/v7-m/nofp/crtbegin.o

.preinit_array  0x0800a3b0        0x0
                0x0800a3b0                        . = ALIGN (0x4)
                0x0800a3b0                        PROVIDE (__preinit_array_start = .)
 *(.preinit_array*)
                0x0800a3b0                        PROVIDE (__preinit_array_end = .)
                0x0800a3b0                        . = ALIGN (0x4)

.init_array     0x0800a3b0        0x8
                0x0800a3b0                        . = ALIGN (0x4)
                0x0800a3b0                        PROVIDE (__init_array_start = .)
 *(SORT_BY_NAME(.init_array.*))
 .init_array.00000
                0x0800a3b0        0x4 /Applications/ArmGNUToolchain/13.2.Rel1/arm-none-eabi/bin/../lib/gcc/arm-none-eabi/13.2.1/../../../../arm-none-eabi/lib/thumb/v7-m/nofp/libg.a(libc_a-__call_atexit.o)
 *(.init_array*)
 .init_array    0x0800a3b4        0x4 /Applications/ArmGNUToolchain/13.2.Rel1/arm-none-eabi/bin/../lib/gcc/arm-none-eabi/13.2.1/thumb/v7-m/nofp/crtbegin.o
                0x0800a3b8                        PROVIDE (__init_array_end = .)
                0x0800a3b8                        . = ALIGN (0x4)

.fini_array     0x0800a3b8        0x4
                0x0800a3b8                        . = ALIGN (0x4)
                0x0800a3b8                        PROVIDE (__fini_array_start = .)
 *(SORT_BY_NAME(.fini_array.*))
 *(.fini_array*)
 .fini_array    0x0800a3b8        0x4 /Applications/ArmGNUToolchain/13.2.Rel1/arm-none-eabi/bin/../lib/gcc/arm-none-eabi/13.2.1/thumb/v7-m/nofp/crtbegin.o
                0x0800a3bc                        PROVIDE (__fini_array_end = .)
                0x0800a3bc                        . = ALIGN (0x4)
                0x0800a3bc                        _sidata = LOADADDR (.data)

.data           0x20000000      0x6c0 load address 0x0800a3bc
                0x20000000                        . = ALIGN (0x4)
                0x20000000                        _sdata = .
 *(.data)
 *(.data*)
 .data.Arr      0x20000000        0x3 CMakeFiles/stm32F103C8T6Project.elf.dir/User/main.c.obj
                0x20000000                Arr
 *fill*         0x20000003        0x1 
 .data.num      0x20000004        0x2 CMakeFiles/stm32F103C8T6Project.elf.dir/User/main.c.obj
                0x20000004                num
 .data.data     0x20000006        0x1 CMakeFiles/stm32F103C8T6Project.elf.dir/User/main.c.obj
                0x20000006                data
 *fill*         0x20000007        0x1 
 .data.counsensor_count
                0x20000008        0x2 CMakeFiles/stm32F103C8T6Project.elf.dir/components/countSensor/countSensor.c.obj
                0x20000008                counsensor_count
 *fill*         0x2000000a        0x2 
 .data.__sglue  0x2000000c        0xc /Applications/ArmGNUToolchain/13.2.Rel1/arm-none-eabi/bin/../lib/gcc/arm-none-eabi/13.2.1/../../../../arm-none-eabi/lib/thumb/v7-m/nofp/libg.a(libc_a-findfp.o)
                0x2000000c                __sglue
 .data.__global_locale
                0x20000018      0x16c /Applications/ArmGNUToolchain/13.2.Rel1/arm-none-eabi/bin/../lib/gcc/arm-none-eabi/13.2.1/../../../../arm-none-eabi/lib/thumb/v7-m/nofp/libg.a(libc_a-locale.o)
                0x20000018                __global_locale
 .data._impure_ptr
                0x20000184        0x4 /Applications/ArmGNUToolchain/13.2.Rel1/arm-none-eabi/bin/../lib/gcc/arm-none-eabi/13.2.1/../../../../arm-none-eabi/lib/thumb/v7-m/nofp/libg.a(libc_a-impure.o)
                0x20000184                _impure_ptr
 .data._impure_data
                0x20000188      0x120 /Applications/ArmGNUToolchain/13.2.Rel1/arm-none-eabi/bin/../lib/gcc/arm-none-eabi/13.2.1/../../../../arm-none-eabi/lib/thumb/v7-m/nofp/libg.a(libc_a-impure.o)
                0x20000188                _impure_data
 .data.__atexit_recursive_mutex
                0x200002a8        0x4 /Applications/ArmGNUToolchain/13.2.Rel1/arm-none-eabi/bin/../lib/gcc/arm-none-eabi/13.2.1/../../../../arm-none-eabi/lib/thumb/v7-m/nofp/libg.a(libc_a-__call_atexit.o)
                0x200002a8                __atexit_recursive_mutex
 .data.__malloc_sbrk_base
                0x200002ac        0x4 /Applications/ArmGNUToolchain/13.2.Rel1/arm-none-eabi/bin/../lib/gcc/arm-none-eabi/13.2.1/../../../../arm-none-eabi/lib/thumb/v7-m/nofp/libg.a(libc_a-mallocr.o)
                0x200002ac                __malloc_sbrk_base
 .data.__malloc_trim_threshold
                0x200002b0        0x4 /Applications/ArmGNUToolchain/13.2.Rel1/arm-none-eabi/bin/../lib/gcc/arm-none-eabi/13.2.1/../../../../arm-none-eabi/lib/thumb/v7-m/nofp/libg.a(libc_a-mallocr.o)
                0x200002b0                __malloc_trim_threshold
 *fill*         0x200002b4        0x4 
 .data.__malloc_av_
                0x200002b8      0x408 /Applications/ArmGNUToolchain/13.2.Rel1/arm-none-eabi/bin/../lib/gcc/arm-none-eabi/13.2.1/../../../../arm-none-eabi/lib/thumb/v7-m/nofp/libg.a(libc_a-mallocr.o)
                0x200002b8                __malloc_av_
 *(.RamFunc)
 *(.RamFunc*)
                0x200006c0                        . = ALIGN (0x4)
                0x200006c0                        _edata = .

.tm_clone_table
                0x200006c0        0x0 load address 0x0800aa7c
 .tm_clone_table
                0x200006c0        0x0 /Applications/ArmGNUToolchain/13.2.Rel1/arm-none-eabi/bin/../lib/gcc/arm-none-eabi/13.2.1/thumb/v7-m/nofp/crtbegin.o
 .tm_clone_table
                0x200006c0        0x0 /Applications/ArmGNUToolchain/13.2.Rel1/arm-none-eabi/bin/../lib/gcc/arm-none-eabi/13.2.1/thumb/v7-m/nofp/crtend.o

.igot.plt       0x200006c0        0x0 load address 0x0800aa7c
 .igot.plt      0x200006c0        0x0 /Applications/ArmGNUToolchain/13.2.Rel1/arm-none-eabi/bin/../lib/gcc/arm-none-eabi/13.2.1/thumb/v7-m/nofp/crtbegin.o
                0x200006c0                        . = ALIGN (0x4)

.bss            0x200006c0      0x338 load address 0x0800aa7c
                0x200006c0                        _sbss = .
                0x200006c0                        __bss_start__ = _sbss
 *(.bss)
 *(.bss*)
 .bss.completed.1
                0x200006c0        0x1 /Applications/ArmGNUToolchain/13.2.Rel1/arm-none-eabi/bin/../lib/gcc/arm-none-eabi/13.2.1/thumb/v7-m/nofp/crtbegin.o
 *fill*         0x200006c1        0x3 
 .bss.object.0  0x200006c4       0x18 /Applications/ArmGNUToolchain/13.2.Rel1/arm-none-eabi/bin/../lib/gcc/arm-none-eabi/13.2.1/thumb/v7-m/nofp/crtbegin.o
 .bss.sg_retargetUsart
                0x200006dc        0x4 CMakeFiles/stm32F103C8T6Project.elf.dir/system/retarget/retarget.c.obj
 .bss.heap_end.0
                0x200006e0        0x4 CMakeFiles/stm32F103C8T6Project.elf.dir/system/syscalls/syscalls.c.obj
 .bss.__sf      0x200006e4      0x138 /Applications/ArmGNUToolchain/13.2.Rel1/arm-none-eabi/bin/../lib/gcc/arm-none-eabi/13.2.1/../../../../arm-none-eabi/lib/thumb/v7-m/nofp/libg.a(libc_a-findfp.o)
                0x200006e4                __sf
 .bss.__stdio_exit_handler
                0x2000081c        0x4 /Applications/ArmGNUToolchain/13.2.Rel1/arm-none-eabi/bin/../lib/gcc/arm-none-eabi/13.2.1/../../../../arm-none-eabi/lib/thumb/v7-m/nofp/libg.a(libc_a-findfp.o)
                0x2000081c                __stdio_exit_handler
 .bss.__lock___malloc_recursive_mutex
                0x20000820        0x1 /Applications/ArmGNUToolchain/13.2.Rel1/arm-none-eabi/bin/../lib/gcc/arm-none-eabi/13.2.1/../../../../arm-none-eabi/lib/thumb/v7-m/nofp/libg.a(libc_a-lock.o)
                0x20000820                __lock___malloc_recursive_mutex
 *fill*         0x20000821        0x3 
 .bss.__lock___atexit_recursive_mutex
                0x20000824        0x1 /Applications/ArmGNUToolchain/13.2.Rel1/arm-none-eabi/bin/../lib/gcc/arm-none-eabi/13.2.1/../../../../arm-none-eabi/lib/thumb/v7-m/nofp/libg.a(libc_a-lock.o)
                0x20000824                __lock___atexit_recursive_mutex
 *fill*         0x20000825        0x3 
 .bss.__lock___sfp_recursive_mutex
                0x20000828        0x1 /Applications/ArmGNUToolchain/13.2.Rel1/arm-none-eabi/bin/../lib/gcc/arm-none-eabi/13.2.1/../../../../arm-none-eabi/lib/thumb/v7-m/nofp/libg.a(libc_a-lock.o)
                0x20000828                __lock___sfp_recursive_mutex
 *fill*         0x20000829        0x3 
 .bss.__atexit  0x2000082c        0x4 /Applications/ArmGNUToolchain/13.2.Rel1/arm-none-eabi/bin/../lib/gcc/arm-none-eabi/13.2.1/../../../../arm-none-eabi/lib/thumb/v7-m/nofp/libg.a(libc_a-__call_atexit.o)
                0x2000082c                __atexit
 .bss.__malloc_current_mallinfo
                0x20000830       0x28 /Applications/ArmGNUToolchain/13.2.Rel1/arm-none-eabi/bin/../lib/gcc/arm-none-eabi/13.2.1/../../../../arm-none-eabi/lib/thumb/v7-m/nofp/libg.a(libc_a-mallocr.o)
                0x20000830                __malloc_current_mallinfo
 .bss.__malloc_max_total_mem
                0x20000858        0x4 /Applications/ArmGNUToolchain/13.2.Rel1/arm-none-eabi/bin/../lib/gcc/arm-none-eabi/13.2.1/../../../../arm-none-eabi/lib/thumb/v7-m/nofp/libg.a(libc_a-mallocr.o)
                0x20000858                __malloc_max_total_mem
 .bss.__malloc_max_sbrked_mem
                0x2000085c        0x4 /Applications/ArmGNUToolchain/13.2.Rel1/arm-none-eabi/bin/../lib/gcc/arm-none-eabi/13.2.1/../../../../arm-none-eabi/lib/thumb/v7-m/nofp/libg.a(libc_a-mallocr.o)
                0x2000085c                __malloc_max_sbrked_mem
 .bss.__malloc_top_pad
                0x20000860        0x4 /Applications/ArmGNUToolchain/13.2.Rel1/arm-none-eabi/bin/../lib/gcc/arm-none-eabi/13.2.1/../../../../arm-none-eabi/lib/thumb/v7-m/nofp/libg.a(libc_a-mallocr.o)
                0x20000860                __malloc_top_pad
 .bss.errno     0x20000864        0x4 /Applications/ArmGNUToolchain/13.2.Rel1/arm-none-eabi/bin/../lib/gcc/arm-none-eabi/13.2.1/../../../../arm-none-eabi/lib/thumb/v7-m/nofp/libg.a(libc_a-reent.o)
                0x20000864                errno
 .bss.__atexit0
                0x20000868      0x190 /Applications/ArmGNUToolchain/13.2.Rel1/arm-none-eabi/bin/../lib/gcc/arm-none-eabi/13.2.1/../../../../arm-none-eabi/lib/thumb/v7-m/nofp/libg.a(libc_a-__atexit.o)
                0x20000868                __atexit0
 *(COMMON)
                0x200009f8                        . = ALIGN (0x4)
                0x200009f8                        _ebss = .
                0x200009f8                        __bss_end__ = _ebss

._user_heap_stack
                0x200009f8      0x600 load address 0x0800aa7c
                0x200009f8                        . = ALIGN (0x8)
                0x200009f8                        PROVIDE (end = .)
                [!provide]                        PROVIDE (_end = .)
                0x20000bf8                        . = (. + _Min_Heap_Size)
 *fill*         0x200009f8      0x200 
                0x20000ff8                        . = (. + _Min_Stack_Size)
 *fill*         0x20000bf8      0x400 
                0x20000ff8                        . = ALIGN (0x8)

/DISCARD/
 libc.a(*)
 libm.a(*)
 libgcc.a(*)

.ARM.attributes
                0x00000000       0x29
 *(.ARM.attributes)
 .ARM.attributes
                0x00000000       0x1d /Applications/ArmGNUToolchain/13.2.Rel1/arm-none-eabi/bin/../lib/gcc/arm-none-eabi/13.2.1/thumb/v7-m/nofp/crti.o
 .ARM.attributes
                0x0000001d       0x2d /Applications/ArmGNUToolchain/13.2.Rel1/arm-none-eabi/bin/../lib/gcc/arm-none-eabi/13.2.1/thumb/v7-m/nofp/crtbegin.o
 .ARM.attributes
                0x0000004a       0x2d CMakeFiles/stm32F103C8T6Project.elf.dir/Libraries/CMSIS/system_stm32f10x.c.obj
 .ARM.attributes
                0x00000077       0x2d CMakeFiles/stm32F103C8T6Project.elf.dir/Libraries/STM32F10x_StdPeriph_Driver/src/stm32f10x_exti.c.obj
 .ARM.attributes
                0x000000a4       0x2d CMakeFiles/stm32F103C8T6Project.elf.dir/Libraries/STM32F10x_StdPeriph_Driver/src/stm32f10x_gpio.c.obj
 .ARM.attributes
                0x000000d1       0x2d CMakeFiles/stm32F103C8T6Project.elf.dir/Libraries/STM32F10x_StdPeriph_Driver/src/stm32f10x_rcc.c.obj
 .ARM.attributes
                0x000000fe       0x2d CMakeFiles/stm32F103C8T6Project.elf.dir/Libraries/STM32F10x_StdPeriph_Driver/src/stm32f10x_usart.c.obj
 .ARM.attributes
                0x0000012b       0x2d CMakeFiles/stm32F103C8T6Project.elf.dir/User/main.c.obj
 .ARM.attributes
                0x00000158       0x2d CMakeFiles/stm32F103C8T6Project.elf.dir/User/stm32f10x_it.c.obj
 .ARM.attributes
                0x00000185       0x2d CMakeFiles/stm32F103C8T6Project.elf.dir/components/Serial/Serial.c.obj
 .ARM.attributes
                0x000001b2       0x2d CMakeFiles/stm32F103C8T6Project.elf.dir/components/countSensor/countSensor.c.obj
 .ARM.attributes
                0x000001df       0x2d CMakeFiles/stm32F103C8T6Project.elf.dir/components/delay/delay.c.obj
 .ARM.attributes
                0x0000020c       0x2d CMakeFiles/stm32F103C8T6Project.elf.dir/components/oled/OLED.c.obj
 .ARM.attributes
                0x00000239       0x21 CMakeFiles/stm32F103C8T6Project.elf.dir/startup/startup_stm32f103c8tx.s.obj
 .ARM.attributes
                0x0000025a       0x2d CMakeFiles/stm32F103C8T6Project.elf.dir/system/retarget/retarget.c.obj
 .ARM.attributes
                0x00000287       0x2d CMakeFiles/stm32F103C8T6Project.elf.dir/system/syscalls/syscalls.c.obj
 .ARM.attributes
                0x000002b4       0x2d /Applications/ArmGNUToolchain/13.2.Rel1/arm-none-eabi/bin/../lib/gcc/arm-none-eabi/13.2.1/../../../../arm-none-eabi/lib/thumb/v7-m/nofp/libg.a(libc_a-printf.o)
 .ARM.attributes
                0x000002e1       0x2d /Applications/ArmGNUToolchain/13.2.Rel1/arm-none-eabi/bin/../lib/gcc/arm-none-eabi/13.2.1/../../../../arm-none-eabi/lib/thumb/v7-m/nofp/libg.a(libc_a-vfprintf.o)
 .ARM.attributes
                0x0000030e       0x2d /Applications/ArmGNUToolchain/13.2.Rel1/arm-none-eabi/bin/../lib/gcc/arm-none-eabi/13.2.1/../../../../arm-none-eabi/lib/thumb/v7-m/nofp/libg.a(libc_a-vfiprintf.o)
 .ARM.attributes
                0x0000033b       0x2d /Applications/ArmGNUToolchain/13.2.Rel1/arm-none-eabi/bin/../lib/gcc/arm-none-eabi/13.2.1/../../../../arm-none-eabi/lib/thumb/v7-m/nofp/libg.a(libc_a-setvbuf.o)
 .ARM.attributes
                0x00000368       0x2d /Applications/ArmGNUToolchain/13.2.Rel1/arm-none-eabi/bin/../lib/gcc/arm-none-eabi/13.2.1/../../../../arm-none-eabi/lib/thumb/v7-m/nofp/libg.a(libc_a-fflush.o)
 .ARM.attributes
                0x00000395       0x2d /Applications/ArmGNUToolchain/13.2.Rel1/arm-none-eabi/bin/../lib/gcc/arm-none-eabi/13.2.1/../../../../arm-none-eabi/lib/thumb/v7-m/nofp/libg.a(libc_a-findfp.o)
 .ARM.attributes
                0x000003c2       0x2d /Applications/ArmGNUToolchain/13.2.Rel1/arm-none-eabi/bin/../lib/gcc/arm-none-eabi/13.2.1/../../../../arm-none-eabi/lib/thumb/v7-m/nofp/libg.a(libc_a-vsprintf.o)
 .ARM.attributes
                0x000003ef       0x2d /Applications/ArmGNUToolchain/13.2.Rel1/arm-none-eabi/bin/../lib/gcc/arm-none-eabi/13.2.1/../../../../arm-none-eabi/lib/thumb/v7-m/nofp/libg.a(libc_a-fvwrite.o)
 .ARM.attributes
                0x0000041c       0x2d /Applications/ArmGNUToolchain/13.2.Rel1/arm-none-eabi/bin/../lib/gcc/arm-none-eabi/13.2.1/../../../../arm-none-eabi/lib/thumb/v7-m/nofp/libg.a(libc_a-fwalk.o)
 .ARM.attributes
                0x00000449       0x2d /Applications/ArmGNUToolchain/13.2.Rel1/arm-none-eabi/bin/../lib/gcc/arm-none-eabi/13.2.1/../../../../arm-none-eabi/lib/thumb/v7-m/nofp/libg.a(libc_a-wsetup.o)
 .ARM.attributes
                0x00000476       0x2d /Applications/ArmGNUToolchain/13.2.Rel1/arm-none-eabi/bin/../lib/gcc/arm-none-eabi/13.2.1/../../../../arm-none-eabi/lib/thumb/v7-m/nofp/libg.a(libc_a-fputwc.o)
 .ARM.attributes
                0x000004a3       0x2d /Applications/ArmGNUToolchain/13.2.Rel1/arm-none-eabi/bin/../lib/gcc/arm-none-eabi/13.2.1/../../../../arm-none-eabi/lib/thumb/v7-m/nofp/libg.a(libc_a-memmove.o)
 .ARM.attributes
                0x000004d0       0x2d /Applications/ArmGNUToolchain/13.2.Rel1/arm-none-eabi/bin/../lib/gcc/arm-none-eabi/13.2.1/../../../../arm-none-eabi/lib/thumb/v7-m/nofp/libg.a(libc_a-memset.o)
 .ARM.attributes
                0x000004fd       0x2d /Applications/ArmGNUToolchain/13.2.Rel1/arm-none-eabi/bin/../lib/gcc/arm-none-eabi/13.2.1/../../../../arm-none-eabi/lib/thumb/v7-m/nofp/libg.a(libc_a-strncpy.o)
 .ARM.attributes
                0x0000052a       0x2d /Applications/ArmGNUToolchain/13.2.Rel1/arm-none-eabi/bin/../lib/gcc/arm-none-eabi/13.2.1/../../../../arm-none-eabi/lib/thumb/v7-m/nofp/libg.a(libc_a-locale.o)
 .ARM.attributes
                0x00000557       0x2d /Applications/ArmGNUToolchain/13.2.Rel1/arm-none-eabi/bin/../lib/gcc/arm-none-eabi/13.2.1/../../../../arm-none-eabi/lib/thumb/v7-m/nofp/libg.a(libc_a-localeconv.o)
 .ARM.attributes
                0x00000584       0x2d /Applications/ArmGNUToolchain/13.2.Rel1/arm-none-eabi/bin/../lib/gcc/arm-none-eabi/13.2.1/../../../../arm-none-eabi/lib/thumb/v7-m/nofp/libg.a(libc_a-impure.o)
 .ARM.attributes
                0x000005b1       0x2d /Applications/ArmGNUToolchain/13.2.Rel1/arm-none-eabi/bin/../lib/gcc/arm-none-eabi/13.2.1/../../../../arm-none-eabi/lib/thumb/v7-m/nofp/libg.a(libc_a-errno.o)
 .ARM.attributes
                0x000005de       0x2d /Applications/ArmGNUToolchain/13.2.Rel1/arm-none-eabi/bin/../lib/gcc/arm-none-eabi/13.2.1/../../../../arm-none-eabi/lib/thumb/v7-m/nofp/libg.a(libc_a-init.o)
 .ARM.attributes
                0x0000060b       0x2d /Applications/ArmGNUToolchain/13.2.Rel1/arm-none-eabi/bin/../lib/gcc/arm-none-eabi/13.2.1/../../../../arm-none-eabi/lib/thumb/v7-m/nofp/libg.a(libc_a-lock.o)
 .ARM.attributes
                0x00000638       0x2d /Applications/ArmGNUToolchain/13.2.Rel1/arm-none-eabi/bin/../lib/gcc/arm-none-eabi/13.2.1/../../../../arm-none-eabi/lib/thumb/v7-m/nofp/libg.a(libc_a-memchr-stub.o)
 .ARM.attributes
                0x00000665       0x1b /Applications/ArmGNUToolchain/13.2.Rel1/arm-none-eabi/bin/../lib/gcc/arm-none-eabi/13.2.1/../../../../arm-none-eabi/lib/thumb/v7-m/nofp/libg.a(libc_a-memcpy.o)
 .ARM.attributes
                0x00000680       0x2d /Applications/ArmGNUToolchain/13.2.Rel1/arm-none-eabi/bin/../lib/gcc/arm-none-eabi/13.2.1/../../../../arm-none-eabi/lib/thumb/v7-m/nofp/libg.a(libc_a-strlen-stub.o)
 .ARM.attributes
                0x000006ad       0x2d /Applications/ArmGNUToolchain/13.2.Rel1/arm-none-eabi/bin/../lib/gcc/arm-none-eabi/13.2.1/../../../../arm-none-eabi/lib/thumb/v7-m/nofp/libg.a(libc_a-wcrtomb.o)
 .ARM.attributes
                0x000006da       0x2d /Applications/ArmGNUToolchain/13.2.Rel1/arm-none-eabi/bin/../lib/gcc/arm-none-eabi/13.2.1/../../../../arm-none-eabi/lib/thumb/v7-m/nofp/libg.a(libc_a-wcsrtombs.o)
 .ARM.attributes
                0x00000707       0x2d /Applications/ArmGNUToolchain/13.2.Rel1/arm-none-eabi/bin/../lib/gcc/arm-none-eabi/13.2.1/../../../../arm-none-eabi/lib/thumb/v7-m/nofp/libg.a(libc_a-ctype_.o)
 .ARM.attributes
                0x00000734       0x2d /Applications/ArmGNUToolchain/13.2.Rel1/arm-none-eabi/bin/../lib/gcc/arm-none-eabi/13.2.1/../../../../arm-none-eabi/lib/thumb/v7-m/nofp/libg.a(libm_a-s_frexp.o)
 .ARM.attributes
                0x00000761       0x2d /Applications/ArmGNUToolchain/13.2.Rel1/arm-none-eabi/bin/../lib/gcc/arm-none-eabi/13.2.1/../../../../arm-none-eabi/lib/thumb/v7-m/nofp/libg.a(libc_a-__call_atexit.o)
 .ARM.attributes
                0x0000078e       0x2d /Applications/ArmGNUToolchain/13.2.Rel1/arm-none-eabi/bin/../lib/gcc/arm-none-eabi/13.2.1/../../../../arm-none-eabi/lib/thumb/v7-m/nofp/libg.a(libc_a-atexit.o)
 .ARM.attributes
                0x000007bb       0x2d /Applications/ArmGNUToolchain/13.2.Rel1/arm-none-eabi/bin/../lib/gcc/arm-none-eabi/13.2.1/../../../../arm-none-eabi/lib/thumb/v7-m/nofp/libg.a(libc_a-dtoa.o)
 .ARM.attributes
                0x000007e8       0x2d /Applications/ArmGNUToolchain/13.2.Rel1/arm-none-eabi/bin/../lib/gcc/arm-none-eabi/13.2.1/../../../../arm-none-eabi/lib/thumb/v7-m/nofp/libg.a(libc_a-freer.o)
 .ARM.attributes
                0x00000815       0x2d /Applications/ArmGNUToolchain/13.2.Rel1/arm-none-eabi/bin/../lib/gcc/arm-none-eabi/13.2.1/../../../../arm-none-eabi/lib/thumb/v7-m/nofp/libg.a(libc_a-malloc.o)
 .ARM.attributes
                0x00000842       0x2d /Applications/ArmGNUToolchain/13.2.Rel1/arm-none-eabi/bin/../lib/gcc/arm-none-eabi/13.2.1/../../../../arm-none-eabi/lib/thumb/v7-m/nofp/libg.a(libc_a-mallocr.o)
 .ARM.attributes
                0x0000086f       0x2d /Applications/ArmGNUToolchain/13.2.Rel1/arm-none-eabi/bin/../lib/gcc/arm-none-eabi/13.2.1/../../../../arm-none-eabi/lib/thumb/v7-m/nofp/libg.a(libc_a-mbtowc_r.o)
 .ARM.attributes
                0x0000089c       0x2d /Applications/ArmGNUToolchain/13.2.Rel1/arm-none-eabi/bin/../lib/gcc/arm-none-eabi/13.2.1/../../../../arm-none-eabi/lib/thumb/v7-m/nofp/libg.a(libc_a-svfprintf.o)
 .ARM.attributes
                0x000008c9       0x2d /Applications/ArmGNUToolchain/13.2.Rel1/arm-none-eabi/bin/../lib/gcc/arm-none-eabi/13.2.1/../../../../arm-none-eabi/lib/thumb/v7-m/nofp/libg.a(libc_a-makebuf.o)
 .ARM.attributes
                0x000008f6       0x2d /Applications/ArmGNUToolchain/13.2.Rel1/arm-none-eabi/bin/../lib/gcc/arm-none-eabi/13.2.1/../../../../arm-none-eabi/lib/thumb/v7-m/nofp/libg.a(libc_a-mlock.o)
 .ARM.attributes
                0x00000923       0x2d /Applications/ArmGNUToolchain/13.2.Rel1/arm-none-eabi/bin/../lib/gcc/arm-none-eabi/13.2.1/../../../../arm-none-eabi/lib/thumb/v7-m/nofp/libg.a(libc_a-mprec.o)
 .ARM.attributes
                0x00000950       0x2d /Applications/ArmGNUToolchain/13.2.Rel1/arm-none-eabi/bin/../lib/gcc/arm-none-eabi/13.2.1/../../../../arm-none-eabi/lib/thumb/v7-m/nofp/libg.a(libc_a-fclose.o)
 .ARM.attributes
                0x0000097d       0x2d /Applications/ArmGNUToolchain/13.2.Rel1/arm-none-eabi/bin/../lib/gcc/arm-none-eabi/13.2.1/../../../../arm-none-eabi/lib/thumb/v7-m/nofp/libg.a(libc_a-reallocr.o)
 .ARM.attributes
                0x000009aa       0x2d /Applications/ArmGNUToolchain/13.2.Rel1/arm-none-eabi/bin/../lib/gcc/arm-none-eabi/13.2.1/../../../../arm-none-eabi/lib/thumb/v7-m/nofp/libg.a(libc_a-stdio.o)
 .ARM.attributes
                0x000009d7       0x2d /Applications/ArmGNUToolchain/13.2.Rel1/arm-none-eabi/bin/../lib/gcc/arm-none-eabi/13.2.1/../../../../arm-none-eabi/lib/thumb/v7-m/nofp/libg.a(libc_a-wctomb_r.o)
 .ARM.attributes
                0x00000a04       0x2d /Applications/ArmGNUToolchain/13.2.Rel1/arm-none-eabi/bin/../lib/gcc/arm-none-eabi/13.2.1/../../../../arm-none-eabi/lib/thumb/v7-m/nofp/libg.a(libc_a-wbuf.o)
 .ARM.attributes
                0x00000a31       0x2d /Applications/ArmGNUToolchain/13.2.Rel1/arm-none-eabi/bin/../lib/gcc/arm-none-eabi/13.2.1/../../../../arm-none-eabi/lib/thumb/v7-m/nofp/libg.a(libc_a-closer.o)
 .ARM.attributes
                0x00000a5e       0x2d /Applications/ArmGNUToolchain/13.2.Rel1/arm-none-eabi/bin/../lib/gcc/arm-none-eabi/13.2.1/../../../../arm-none-eabi/lib/thumb/v7-m/nofp/libg.a(libc_a-reent.o)
 .ARM.attributes
                0x00000a8b       0x2d /Applications/ArmGNUToolchain/13.2.Rel1/arm-none-eabi/bin/../lib/gcc/arm-none-eabi/13.2.1/../../../../arm-none-eabi/lib/thumb/v7-m/nofp/libg.a(libc_a-fstatr.o)
 .ARM.attributes
                0x00000ab8       0x2d /Applications/ArmGNUToolchain/13.2.Rel1/arm-none-eabi/bin/../lib/gcc/arm-none-eabi/13.2.1/../../../../arm-none-eabi/lib/thumb/v7-m/nofp/libg.a(libc_a-isattyr.o)
 .ARM.attributes
                0x00000ae5       0x2d /Applications/ArmGNUToolchain/13.2.Rel1/arm-none-eabi/bin/../lib/gcc/arm-none-eabi/13.2.1/../../../../arm-none-eabi/lib/thumb/v7-m/nofp/libg.a(libc_a-lseekr.o)
 .ARM.attributes
                0x00000b12       0x2d /Applications/ArmGNUToolchain/13.2.Rel1/arm-none-eabi/bin/../lib/gcc/arm-none-eabi/13.2.1/../../../../arm-none-eabi/lib/thumb/v7-m/nofp/libg.a(libc_a-readr.o)
 .ARM.attributes
                0x00000b3f       0x2d /Applications/ArmGNUToolchain/13.2.Rel1/arm-none-eabi/bin/../lib/gcc/arm-none-eabi/13.2.1/../../../../arm-none-eabi/lib/thumb/v7-m/nofp/libg.a(libc_a-sbrkr.o)
 .ARM.attributes
                0x00000b6c       0x2d /Applications/ArmGNUToolchain/13.2.Rel1/arm-none-eabi/bin/../lib/gcc/arm-none-eabi/13.2.1/../../../../arm-none-eabi/lib/thumb/v7-m/nofp/libg.a(libc_a-writer.o)
 .ARM.attributes
                0x00000b99       0x2d /Applications/ArmGNUToolchain/13.2.Rel1/arm-none-eabi/bin/../lib/gcc/arm-none-eabi/13.2.1/../../../../arm-none-eabi/lib/thumb/v7-m/nofp/libg.a(libc_a-sysconf.o)
 .ARM.attributes
                0x00000bc6       0x2d /Applications/ArmGNUToolchain/13.2.Rel1/arm-none-eabi/bin/../lib/gcc/arm-none-eabi/13.2.1/../../../../arm-none-eabi/lib/thumb/v7-m/nofp/libg.a(libc_a-fini.o)
 .ARM.attributes
                0x00000bf3       0x2d /Applications/ArmGNUToolchain/13.2.Rel1/arm-none-eabi/bin/../lib/gcc/arm-none-eabi/13.2.1/../../../../arm-none-eabi/lib/thumb/v7-m/nofp/libg.a(libc_a-wcsnrtombs.o)
 .ARM.attributes
                0x00000c20       0x2d /Applications/ArmGNUToolchain/13.2.Rel1/arm-none-eabi/bin/../lib/gcc/arm-none-eabi/13.2.1/../../../../arm-none-eabi/lib/thumb/v7-m/nofp/libg.a(libc_a-__atexit.o)
 .ARM.attributes
                0x00000c4d       0x2d /Applications/ArmGNUToolchain/13.2.Rel1/arm-none-eabi/bin/../lib/gcc/arm-none-eabi/13.2.1/../../../../arm-none-eabi/lib/thumb/v7-m/nofp/libg.a(libc_a-assert.o)
 .ARM.attributes
                0x00000c7a       0x2d /Applications/ArmGNUToolchain/13.2.Rel1/arm-none-eabi/bin/../lib/gcc/arm-none-eabi/13.2.1/../../../../arm-none-eabi/lib/thumb/v7-m/nofp/libg.a(libc_a-callocr.o)
 .ARM.attributes
                0x00000ca7       0x2d /Applications/ArmGNUToolchain/13.2.Rel1/arm-none-eabi/bin/../lib/gcc/arm-none-eabi/13.2.1/../../../../arm-none-eabi/lib/thumb/v7-m/nofp/libg.a(libc_a-fiprintf.o)
 .ARM.attributes
                0x00000cd4       0x2d /Applications/ArmGNUToolchain/13.2.Rel1/arm-none-eabi/bin/../lib/gcc/arm-none-eabi/13.2.1/../../../../arm-none-eabi/lib/thumb/v7-m/nofp/libg.a(libc_a-svfiprintf.o)
 .ARM.attributes
                0x00000d01       0x2d /Applications/ArmGNUToolchain/13.2.Rel1/arm-none-eabi/bin/../lib/gcc/arm-none-eabi/13.2.1/../../../../arm-none-eabi/lib/thumb/v7-m/nofp/libg.a(libc_a-abort.o)
 .ARM.attributes
                0x00000d2e       0x2d /Applications/ArmGNUToolchain/13.2.Rel1/arm-none-eabi/bin/../lib/gcc/arm-none-eabi/13.2.1/../../../../arm-none-eabi/lib/thumb/v7-m/nofp/libg.a(libc_a-signal.o)
 .ARM.attributes
                0x00000d5b       0x2d /Applications/ArmGNUToolchain/13.2.Rel1/arm-none-eabi/bin/../lib/gcc/arm-none-eabi/13.2.1/../../../../arm-none-eabi/lib/thumb/v7-m/nofp/libg.a(libc_a-signalr.o)
 .ARM.attributes
                0x00000d88       0x1d /Applications/ArmGNUToolchain/13.2.Rel1/arm-none-eabi/bin/../lib/gcc/arm-none-eabi/13.2.1/thumb/v7-m/nofp/libgcc.a(_arm_addsubdf3.o)
 .ARM.attributes
                0x00000da5       0x1d /Applications/ArmGNUToolchain/13.2.Rel1/arm-none-eabi/bin/../lib/gcc/arm-none-eabi/13.2.1/thumb/v7-m/nofp/libgcc.a(_arm_muldivdf3.o)
 .ARM.attributes
                0x00000dc2       0x1d /Applications/ArmGNUToolchain/13.2.Rel1/arm-none-eabi/bin/../lib/gcc/arm-none-eabi/13.2.1/thumb/v7-m/nofp/libgcc.a(_arm_cmpdf2.o)
 .ARM.attributes
                0x00000ddf       0x1d /Applications/ArmGNUToolchain/13.2.Rel1/arm-none-eabi/bin/../lib/gcc/arm-none-eabi/13.2.1/thumb/v7-m/nofp/libgcc.a(_arm_unorddf2.o)
 .ARM.attributes
                0x00000dfc       0x1d /Applications/ArmGNUToolchain/13.2.Rel1/arm-none-eabi/bin/../lib/gcc/arm-none-eabi/13.2.1/thumb/v7-m/nofp/libgcc.a(_arm_fixdfsi.o)
 .ARM.attributes
                0x00000e19       0x2d /Applications/ArmGNUToolchain/13.2.Rel1/arm-none-eabi/bin/../lib/gcc/arm-none-eabi/13.2.1/thumb/v7-m/nofp/crtend.o
 .ARM.attributes
                0x00000e46       0x1d /Applications/ArmGNUToolchain/13.2.Rel1/arm-none-eabi/bin/../lib/gcc/arm-none-eabi/13.2.1/thumb/v7-m/nofp/crtn.o
OUTPUT(stm32F103C8T6Project.elf elf32-littlearm)
LOAD linker stubs
LOAD /Applications/ArmGNUToolchain/13.2.Rel1/arm-none-eabi/bin/../lib/gcc/arm-none-eabi/13.2.1/../../../../arm-none-eabi/lib/thumb/v7-m/nofp/libc.a
LOAD /Applications/ArmGNUToolchain/13.2.Rel1/arm-none-eabi/bin/../lib/gcc/arm-none-eabi/13.2.1/../../../../arm-none-eabi/lib/thumb/v7-m/nofp/libm.a
LOAD /Applications/ArmGNUToolchain/13.2.Rel1/arm-none-eabi/bin/../lib/gcc/arm-none-eabi/13.2.1/thumb/v7-m/nofp/libgcc.a

.debug_info     0x00000000     0x66fe
 .debug_info    0x00000000      0x439 CMakeFiles/stm32F103C8T6Project.elf.dir/Libraries/CMSIS/system_stm32f10x.c.obj
 .debug_info    0x00000439      0x337 CMakeFiles/stm32F103C8T6Project.elf.dir/Libraries/STM32F10x_StdPeriph_Driver/src/stm32f10x_exti.c.obj
 .debug_info    0x00000770      0x8be CMakeFiles/stm32F103C8T6Project.elf.dir/Libraries/STM32F10x_StdPeriph_Driver/src/stm32f10x_gpio.c.obj
 .debug_info    0x0000102e      0x8bc CMakeFiles/stm32F103C8T6Project.elf.dir/Libraries/STM32F10x_StdPeriph_Driver/src/stm32f10x_rcc.c.obj
 .debug_info    0x000018ea      0xb82 CMakeFiles/stm32F103C8T6Project.elf.dir/Libraries/STM32F10x_StdPeriph_Driver/src/stm32f10x_usart.c.obj
 .debug_info    0x0000246c      0xb3d CMakeFiles/stm32F103C8T6Project.elf.dir/User/main.c.obj
 .debug_info    0x00002fa9       0xfd CMakeFiles/stm32F103C8T6Project.elf.dir/User/stm32f10x_it.c.obj
 .debug_info    0x000030a6      0xe5a CMakeFiles/stm32F103C8T6Project.elf.dir/components/Serial/Serial.c.obj
 .debug_info    0x00003f00      0x696 CMakeFiles/stm32F103C8T6Project.elf.dir/components/countSensor/countSensor.c.obj
 .debug_info    0x00004596      0x170 CMakeFiles/stm32F103C8T6Project.elf.dir/components/delay/delay.c.obj
 .debug_info    0x00004706      0xdd9 CMakeFiles/stm32F103C8T6Project.elf.dir/components/oled/OLED.c.obj
 .debug_info    0x000054df       0x30 CMakeFiles/stm32F103C8T6Project.elf.dir/startup/startup_stm32f103c8tx.s.obj
 .debug_info    0x0000550f      0x9e0 CMakeFiles/stm32F103C8T6Project.elf.dir/system/retarget/retarget.c.obj
 .debug_info    0x00005eef      0x80f CMakeFiles/stm32F103C8T6Project.elf.dir/system/syscalls/syscalls.c.obj

.debug_abbrev   0x00000000     0x1966
 .debug_abbrev  0x00000000      0x1c7 CMakeFiles/stm32F103C8T6Project.elf.dir/Libraries/CMSIS/system_stm32f10x.c.obj
 .debug_abbrev  0x000001c7      0x193 CMakeFiles/stm32F103C8T6Project.elf.dir/Libraries/STM32F10x_StdPeriph_Driver/src/stm32f10x_exti.c.obj
 .debug_abbrev  0x0000035a      0x250 CMakeFiles/stm32F103C8T6Project.elf.dir/Libraries/STM32F10x_StdPeriph_Driver/src/stm32f10x_gpio.c.obj
 .debug_abbrev  0x000005aa      0x20d CMakeFiles/stm32F103C8T6Project.elf.dir/Libraries/STM32F10x_StdPeriph_Driver/src/stm32f10x_rcc.c.obj
 .debug_abbrev  0x000007b7      0x209 CMakeFiles/stm32F103C8T6Project.elf.dir/Libraries/STM32F10x_StdPeriph_Driver/src/stm32f10x_usart.c.obj
 .debug_abbrev  0x000009c0      0x262 CMakeFiles/stm32F103C8T6Project.elf.dir/User/main.c.obj
 .debug_abbrev  0x00000c22       0x45 CMakeFiles/stm32F103C8T6Project.elf.dir/User/stm32f10x_it.c.obj
 .debug_abbrev  0x00000c67      0x334 CMakeFiles/stm32F103C8T6Project.elf.dir/components/Serial/Serial.c.obj
 .debug_abbrev  0x00000f9b      0x1e9 CMakeFiles/stm32F103C8T6Project.elf.dir/components/countSensor/countSensor.c.obj
 .debug_abbrev  0x00001184       0xe6 CMakeFiles/stm32F103C8T6Project.elf.dir/components/delay/delay.c.obj
 .debug_abbrev  0x0000126a      0x253 CMakeFiles/stm32F103C8T6Project.elf.dir/components/oled/OLED.c.obj
 .debug_abbrev  0x000014bd       0x24 CMakeFiles/stm32F103C8T6Project.elf.dir/startup/startup_stm32f103c8tx.s.obj
 .debug_abbrev  0x000014e1      0x29f CMakeFiles/stm32F103C8T6Project.elf.dir/system/retarget/retarget.c.obj
 .debug_abbrev  0x00001780      0x1e6 CMakeFiles/stm32F103C8T6Project.elf.dir/system/syscalls/syscalls.c.obj

.debug_loclists
                0x00000000     0x1aa9
 .debug_loclists
                0x00000000       0xb7 CMakeFiles/stm32F103C8T6Project.elf.dir/Libraries/CMSIS/system_stm32f10x.c.obj
 .debug_loclists
                0x000000b7      0x112 CMakeFiles/stm32F103C8T6Project.elf.dir/Libraries/STM32F10x_StdPeriph_Driver/src/stm32f10x_exti.c.obj
 .debug_loclists
                0x000001c9      0x4d0 CMakeFiles/stm32F103C8T6Project.elf.dir/Libraries/STM32F10x_StdPeriph_Driver/src/stm32f10x_gpio.c.obj
 .debug_loclists
                0x00000699      0x33f CMakeFiles/stm32F103C8T6Project.elf.dir/Libraries/STM32F10x_StdPeriph_Driver/src/stm32f10x_rcc.c.obj
 .debug_loclists
                0x000009d8      0x62d CMakeFiles/stm32F103C8T6Project.elf.dir/Libraries/STM32F10x_StdPeriph_Driver/src/stm32f10x_usart.c.obj
 .debug_loclists
                0x00001005      0x17f CMakeFiles/stm32F103C8T6Project.elf.dir/components/Serial/Serial.c.obj
 .debug_loclists
                0x00001184       0x6d CMakeFiles/stm32F103C8T6Project.elf.dir/components/delay/delay.c.obj
 .debug_loclists
                0x000011f1      0x54d CMakeFiles/stm32F103C8T6Project.elf.dir/components/oled/OLED.c.obj
 .debug_loclists
                0x0000173e       0x4f CMakeFiles/stm32F103C8T6Project.elf.dir/system/retarget/retarget.c.obj
 .debug_loclists
                0x0000178d      0x31c CMakeFiles/stm32F103C8T6Project.elf.dir/system/syscalls/syscalls.c.obj

.debug_aranges  0x00000000      0x630
 .debug_aranges
                0x00000000       0x38 CMakeFiles/stm32F103C8T6Project.elf.dir/Libraries/CMSIS/system_stm32f10x.c.obj
 .debug_aranges
                0x00000038       0x58 CMakeFiles/stm32F103C8T6Project.elf.dir/Libraries/STM32F10x_StdPeriph_Driver/src/stm32f10x_exti.c.obj
 .debug_aranges
                0x00000090       0xa8 CMakeFiles/stm32F103C8T6Project.elf.dir/Libraries/STM32F10x_StdPeriph_Driver/src/stm32f10x_gpio.c.obj
 .debug_aranges
                0x00000138      0x118 CMakeFiles/stm32F103C8T6Project.elf.dir/Libraries/STM32F10x_StdPeriph_Driver/src/stm32f10x_rcc.c.obj
 .debug_aranges
                0x00000250      0x100 CMakeFiles/stm32F103C8T6Project.elf.dir/Libraries/STM32F10x_StdPeriph_Driver/src/stm32f10x_usart.c.obj
 .debug_aranges
                0x00000350       0x28 CMakeFiles/stm32F103C8T6Project.elf.dir/User/main.c.obj
 .debug_aranges
                0x00000378       0x60 CMakeFiles/stm32F103C8T6Project.elf.dir/User/stm32f10x_it.c.obj
 .debug_aranges
                0x000003d8       0x58 CMakeFiles/stm32F103C8T6Project.elf.dir/components/Serial/Serial.c.obj
 .debug_aranges
                0x00000430       0x30 CMakeFiles/stm32F103C8T6Project.elf.dir/components/countSensor/countSensor.c.obj
 .debug_aranges
                0x00000460       0x30 CMakeFiles/stm32F103C8T6Project.elf.dir/components/delay/delay.c.obj
 .debug_aranges
                0x00000490       0x98 CMakeFiles/stm32F103C8T6Project.elf.dir/components/oled/OLED.c.obj
 .debug_aranges
                0x00000528       0x28 CMakeFiles/stm32F103C8T6Project.elf.dir/startup/startup_stm32f103c8tx.s.obj
 .debug_aranges
                0x00000550       0x30 CMakeFiles/stm32F103C8T6Project.elf.dir/system/retarget/retarget.c.obj
 .debug_aranges
                0x00000580       0xb0 CMakeFiles/stm32F103C8T6Project.elf.dir/system/syscalls/syscalls.c.obj

.debug_rnglists
                0x00000000      0x468
 .debug_rnglists
                0x00000000       0x27 CMakeFiles/stm32F103C8T6Project.elf.dir/Libraries/CMSIS/system_stm32f10x.c.obj
 .debug_rnglists
                0x00000027       0x3e CMakeFiles/stm32F103C8T6Project.elf.dir/Libraries/STM32F10x_StdPeriph_Driver/src/stm32f10x_exti.c.obj
 .debug_rnglists
                0x00000065       0x7b CMakeFiles/stm32F103C8T6Project.elf.dir/Libraries/STM32F10x_StdPeriph_Driver/src/stm32f10x_gpio.c.obj
 .debug_rnglists
                0x000000e0       0xce CMakeFiles/stm32F103C8T6Project.elf.dir/Libraries/STM32F10x_StdPeriph_Driver/src/stm32f10x_rcc.c.obj
 .debug_rnglists
                0x000001ae       0xbd CMakeFiles/stm32F103C8T6Project.elf.dir/Libraries/STM32F10x_StdPeriph_Driver/src/stm32f10x_usart.c.obj
 .debug_rnglists
                0x0000026b       0x1a CMakeFiles/stm32F103C8T6Project.elf.dir/User/main.c.obj
 .debug_rnglists
                0x00000285       0x43 CMakeFiles/stm32F103C8T6Project.elf.dir/User/stm32f10x_it.c.obj
 .debug_rnglists
                0x000002c8       0x3d CMakeFiles/stm32F103C8T6Project.elf.dir/components/Serial/Serial.c.obj
 .debug_rnglists
                0x00000305       0x1f CMakeFiles/stm32F103C8T6Project.elf.dir/components/countSensor/countSensor.c.obj
 .debug_rnglists
                0x00000324       0x1f CMakeFiles/stm32F103C8T6Project.elf.dir/components/delay/delay.c.obj
 .debug_rnglists
                0x00000343       0x6e CMakeFiles/stm32F103C8T6Project.elf.dir/components/oled/OLED.c.obj
 .debug_rnglists
                0x000003b1       0x19 CMakeFiles/stm32F103C8T6Project.elf.dir/startup/startup_stm32f103c8tx.s.obj
 .debug_rnglists
                0x000003ca       0x1f CMakeFiles/stm32F103C8T6Project.elf.dir/system/retarget/retarget.c.obj
 .debug_rnglists
                0x000003e9       0x7f CMakeFiles/stm32F103C8T6Project.elf.dir/system/syscalls/syscalls.c.obj

.debug_line     0x00000000     0x3e98
 .debug_line    0x00000000      0x3e1 CMakeFiles/stm32F103C8T6Project.elf.dir/Libraries/CMSIS/system_stm32f10x.c.obj
 .debug_line    0x000003e1      0x3f0 CMakeFiles/stm32F103C8T6Project.elf.dir/Libraries/STM32F10x_StdPeriph_Driver/src/stm32f10x_exti.c.obj
 .debug_line    0x000007d1      0x723 CMakeFiles/stm32F103C8T6Project.elf.dir/Libraries/STM32F10x_StdPeriph_Driver/src/stm32f10x_gpio.c.obj
 .debug_line    0x00000ef4      0x90e CMakeFiles/stm32F103C8T6Project.elf.dir/Libraries/STM32F10x_StdPeriph_Driver/src/stm32f10x_rcc.c.obj
 .debug_line    0x00001802      0x978 CMakeFiles/stm32F103C8T6Project.elf.dir/Libraries/STM32F10x_StdPeriph_Driver/src/stm32f10x_usart.c.obj
 .debug_line    0x0000217a      0x3a0 CMakeFiles/stm32F103C8T6Project.elf.dir/User/main.c.obj
 .debug_line    0x0000251a      0x11b CMakeFiles/stm32F103C8T6Project.elf.dir/User/stm32f10x_it.c.obj
 .debug_line    0x00002635      0x4e1 CMakeFiles/stm32F103C8T6Project.elf.dir/components/Serial/Serial.c.obj
 .debug_line    0x00002b16      0x2d1 CMakeFiles/stm32F103C8T6Project.elf.dir/components/countSensor/countSensor.c.obj
 .debug_line    0x00002de7      0x217 CMakeFiles/stm32F103C8T6Project.elf.dir/components/delay/delay.c.obj
 .debug_line    0x00002ffe      0x674 CMakeFiles/stm32F103C8T6Project.elf.dir/components/oled/OLED.c.obj
 .debug_line    0x00003672       0x78 CMakeFiles/stm32F103C8T6Project.elf.dir/startup/startup_stm32f103c8tx.s.obj
 .debug_line    0x000036ea      0x34d CMakeFiles/stm32F103C8T6Project.elf.dir/system/retarget/retarget.c.obj
 .debug_line    0x00003a37      0x461 CMakeFiles/stm32F103C8T6Project.elf.dir/system/syscalls/syscalls.c.obj

.debug_str      0x00000000     0x2023
 .debug_str     0x00000000     0x2023 CMakeFiles/stm32F103C8T6Project.elf.dir/Libraries/CMSIS/system_stm32f10x.c.obj
                                0x33b (size before relaxing)
 .debug_str     0x00002023      0x3bd CMakeFiles/stm32F103C8T6Project.elf.dir/Libraries/STM32F10x_StdPeriph_Driver/src/stm32f10x_exti.c.obj
 .debug_str     0x00002023      0x5a4 CMakeFiles/stm32F103C8T6Project.elf.dir/Libraries/STM32F10x_StdPeriph_Driver/src/stm32f10x_gpio.c.obj