Archive member included to satisfy reference by file (symbol)

/Applications/ArmGNUToolchain/13.2.Rel1/arm-none-eabi/bin/../lib/gcc/arm-none-eabi/13.2.1/thumb/v7-m/nofp/libgcc.a(_arm_cmpsf2.o)
                              CMakeFiles/stm32F103C8T6Project.elf.dir/components/DCMotor/DCMotor.c.obj (__aeabi_fcmpgt)
/Applications/ArmGNUToolchain/13.2.Rel1/arm-none-eabi/bin/../lib/gcc/arm-none-eabi/13.2.1/../../../../arm-none-eabi/lib/thumb/v7-m/nofp/libg.a(libc_a-exit.o)
                              /Applications/ArmGNUToolchain/13.2.Rel1/arm-none-eabi/bin/../lib/gcc/arm-none-eabi/13.2.1/../../../../arm-none-eabi/lib/thumb/v7-m/nofp/crt0.o (exit)
/Applications/ArmGNUToolchain/13.2.Rel1/arm-none-eabi/bin/../lib/gcc/arm-none-eabi/13.2.1/../../../../arm-none-eabi/lib/thumb/v7-m/nofp/libg.a(libc_a-findfp.o)
                              /Applications/ArmGNUToolchain/13.2.Rel1/arm-none-eabi/bin/../lib/gcc/arm-none-eabi/13.2.1/../../../../arm-none-eabi/lib/thumb/v7-m/nofp/libg.a(libc_a-exit.o) (__stdio_exit_handler)
/Applications/ArmGNUToolchain/13.2.Rel1/arm-none-eabi/bin/../lib/gcc/arm-none-eabi/13.2.1/../../../../arm-none-eabi/lib/thumb/v7-m/nofp/libg.a(libc_a-fwalk.o)
                              /Applications/ArmGNUToolchain/13.2.Rel1/arm-none-eabi/bin/../lib/gcc/arm-none-eabi/13.2.1/../../../../arm-none-eabi/lib/thumb/v7-m/nofp/libg.a(libc_a-findfp.o) (_fwalk_sglue)
/Applications/ArmGNUToolchain/13.2.Rel1/arm-none-eabi/bin/../lib/gcc/arm-none-eabi/13.2.1/../../../../arm-none-eabi/lib/thumb/v7-m/nofp/libg.a(libc_a-memset.o)
                              /Applications/ArmGNUToolchain/13.2.Rel1/arm-none-eabi/bin/../lib/gcc/arm-none-eabi/13.2.1/../../../../arm-none-eabi/lib/thumb/v7-m/nofp/crt0.o (memset)
/Applications/ArmGNUToolchain/13.2.Rel1/arm-none-eabi/bin/../lib/gcc/arm-none-eabi/13.2.1/../../../../arm-none-eabi/lib/thumb/v7-m/nofp/libg.a(libc_a-impure.o)
                              /Applications/ArmGNUToolchain/13.2.Rel1/arm-none-eabi/bin/../lib/gcc/arm-none-eabi/13.2.1/../../../../arm-none-eabi/lib/thumb/v7-m/nofp/libg.a(libc_a-findfp.o) (_impure_data)
/Applications/ArmGNUToolchain/13.2.Rel1/arm-none-eabi/bin/../lib/gcc/arm-none-eabi/13.2.1/../../../../arm-none-eabi/lib/thumb/v7-m/nofp/libg.a(libc_a-init.o)
                              /Applications/ArmGNUToolchain/13.2.Rel1/arm-none-eabi/bin/../lib/gcc/arm-none-eabi/13.2.1/../../../../arm-none-eabi/lib/thumb/v7-m/nofp/crt0.o (__libc_init_array)
/Applications/ArmGNUToolchain/13.2.Rel1/arm-none-eabi/bin/../lib/gcc/arm-none-eabi/13.2.1/../../../../arm-none-eabi/lib/thumb/v7-m/nofp/libg.a(libc_a-lock.o)
                              /Applications/ArmGNUToolchain/13.2.Rel1/arm-none-eabi/bin/../lib/gcc/arm-none-eabi/13.2.1/../../../../arm-none-eabi/lib/thumb/v7-m/nofp/libg.a(libc_a-findfp.o) (__retarget_lock_init_recursive)
/Applications/ArmGNUToolchain/13.2.Rel1/arm-none-eabi/bin/../lib/gcc/arm-none-eabi/13.2.1/../../../../arm-none-eabi/lib/thumb/v7-m/nofp/libg.a(libc_a-__call_atexit.o)
                              /Applications/ArmGNUToolchain/13.2.Rel1/arm-none-eabi/bin/../lib/gcc/arm-none-eabi/13.2.1/../../../../arm-none-eabi/lib/thumb/v7-m/nofp/libg.a(libc_a-exit.o) (__call_exitprocs)
/Applications/ArmGNUToolchain/13.2.Rel1/arm-none-eabi/bin/../lib/gcc/arm-none-eabi/13.2.1/../../../../arm-none-eabi/lib/thumb/v7-m/nofp/libg.a(libc_a-atexit.o)
                              /Applications/ArmGNUToolchain/13.2.Rel1/arm-none-eabi/bin/../lib/gcc/arm-none-eabi/13.2.1/../../../../arm-none-eabi/lib/thumb/v7-m/nofp/libg.a(libc_a-__call_atexit.o) (atexit)
/Applications/ArmGNUToolchain/13.2.Rel1/arm-none-eabi/bin/../lib/gcc/arm-none-eabi/13.2.1/../../../../arm-none-eabi/lib/thumb/v7-m/nofp/libg.a(libc_a-mallocr.o)
                              /Applications/ArmGNUToolchain/13.2.Rel1/arm-none-eabi/bin/../lib/gcc/arm-none-eabi/13.2.1/../../../../arm-none-eabi/lib/thumb/v7-m/nofp/libg.a(libc_a-findfp.o) (_malloc_r)
/Applications/ArmGNUToolchain/13.2.Rel1/arm-none-eabi/bin/../lib/gcc/arm-none-eabi/13.2.1/../../../../arm-none-eabi/lib/thumb/v7-m/nofp/libg.a(libc_a-mlock.o)
                              /Applications/ArmGNUToolchain/13.2.Rel1/arm-none-eabi/bin/../lib/gcc/arm-none-eabi/13.2.1/../../../../arm-none-eabi/lib/thumb/v7-m/nofp/libg.a(libc_a-mallocr.o) (__malloc_lock)
/Applications/ArmGNUToolchain/13.2.Rel1/arm-none-eabi/bin/../lib/gcc/arm-none-eabi/13.2.1/../../../../arm-none-eabi/lib/thumb/v7-m/nofp/libg.a(libc_a-fclose.o)
                              /Applications/ArmGNUToolchain/13.2.Rel1/arm-none-eabi/bin/../lib/gcc/arm-none-eabi/13.2.1/../../../../arm-none-eabi/lib/thumb/v7-m/nofp/libg.a(libc_a-findfp.o) (_fclose_r)
/Applications/ArmGNUToolchain/13.2.Rel1/arm-none-eabi/bin/../lib/gcc/arm-none-eabi/13.2.1/../../../../arm-none-eabi/lib/thumb/v7-m/nofp/libg.a(libc_a-fflush.o)
[...]
Memory Configuration

Name             Origin             Length             Attributes
RAM              0x20000000         0x00005000         xrw
FLASH            0x08000000         0x00010000         xr
*default*        0x00000000         0xffffffff

Linker script and memory map

LOAD /Applications/ArmGNUToolchain/13.2.Rel1/arm-none-eabi/bin/../lib/gcc/arm-none-eabi/13.2.1/thumb/v7-m/nofp/crti.o
LOAD /Applications/ArmGNUToolchain/13.2.Rel1/arm-none-eabi/bin/../lib/gcc/arm-none-eabi/13.2.1/thumb/v7-m/nofp/crtbegin.o
LOAD /Applications/ArmGNUToolchain/13.2.Rel1/arm-none-eabi/bin/../lib/gcc/arm-none-eabi/13.2.1/../../../../arm-none-eabi/lib/thumb/v7-m/nofp/crt0.o
LOAD CMakeFiles/stm32F103C8T6Project.elf.dir/Libraries/CMSIS/core_cm3.c.obj
LOAD CMakeFiles/stm32F103C8T6Project.elf.dir/Libraries/CMSIS/system_stm32f10x.c.obj
LOAD CMakeFiles/stm32F103C8T6Project.elf.dir/Libraries/STM32F10x_StdPeriph_Driver/src/misc.c.obj
LOAD CMakeFiles/stm32F103C8T6Project.elf.dir/Libraries/STM32F10x_StdPeriph_Driver/src/stm32f10x_adc.c.obj
LOAD CMakeFiles/stm32F103C8T6Project.elf.dir/Libraries/STM32F10x_StdPeriph_Driver/src/stm32f10x_bkp.c.obj
LOAD CMakeFiles/stm32F103C8T6Project.elf.dir/Libraries/STM32F10x_StdPeriph_Driver/src/stm32f10x_can.c.obj
LOAD CMakeFiles/stm32F103C8T6Project.elf.dir/Libraries/STM32F10x_StdPeriph_Driver/src/stm32f10x_cec.c.obj
LOAD CMakeFiles/stm32F103C8T6Project.elf.dir/Libraries/STM32F10x_StdPeriph_Driver/src/stm32f10x_crc.c.obj
LOAD CMakeFiles/stm32F103C8T6Project.elf.dir/Libraries/STM32F10x_StdPeriph_Driver/src/stm32f10x_dac.c.obj
LOAD CMakeFiles/stm32F103C8T6Project.elf.dir/Libraries/STM32F10x_StdPeriph_Driver/src/stm32f10x_dbgmcu.c.obj
LOAD CMakeFiles/stm32F103C8T6Project.elf.dir/Libraries/STM32F10x_StdPeriph_Driver/src/stm32f10x_dma.c.obj
LOAD CMakeFiles/stm32F103C8T6Project.elf.dir/Libraries/STM32F10x_StdPeriph_Driver/src/stm32f10x_exti.c.obj
LOAD CMakeFiles/stm32F103C8T6Project.elf.dir/Libraries/STM32F10x_StdPeriph_Driver/src/stm32f10x_flash.c.obj
LOAD CMakeFiles/stm32F103C8T6Project.elf.dir/Libraries/STM32F10x_StdPeriph_Driver/src/stm32f10x_fsmc.c.obj
LOAD CMakeFiles/stm32F103C8T6Project.elf.dir/Libraries/STM32F10x_StdPeriph_Driver/src/stm32f10x_gpio.c.obj
LOAD CMakeFiles/stm32F103C8T6Project.elf.dir/Libraries/STM32F10x_StdPeriph_Driver/src/stm32f10x_i2c.c.obj
LOAD CMakeFiles/stm32F103C8T6Project.elf.dir/Libraries/STM32F10x_StdPeriph_Driver/src/stm32f10x_iwdg.c.obj
LOAD CMakeFiles/stm32F103C8T6Project.elf.dir/Libraries/STM32F10x_StdPeriph_Driver/src/stm32f10x_pwr.c.obj
LOAD CMakeFiles/stm32F103C8T6Project.elf.dir/Libraries/STM32F10x_StdPeriph_Driver/src/stm32f10x_rcc.c.obj
LOAD CMakeFiles/stm32F103C8T6Project.elf.dir/Libraries/STM32F10x_StdPeriph_Driver/src/stm32f10x_rtc.c.obj
LOAD CMakeFiles/stm32F103C8T6Project.elf.dir/Libraries/STM32F10x_StdPeriph_Driver/src/stm32f10x_sdio.c.obj
LOAD CMakeFiles/stm32F103C8T6Project.elf.dir/Libraries/STM32F10x_StdPeriph_Driver/src/stm32f10x_spi.c.obj
LOAD CMakeFiles/stm32F103C8T6Project.elf.dir/Libraries/STM32F10x_StdPeriph_Driver/src/stm32f10x_tim.c.obj
LOAD CMakeFiles/stm32F103C8T6Project.elf.dir/Libraries/STM32F10x_StdPeriph_Driver/src/stm32f10x_usart.c.obj
LOAD CMakeFiles/stm32F103C8T6Project.elf.dir/Libraries/STM32F10x_StdPeriph_Driver/src/stm32f10x_wwdg.c.obj
LOAD CMakeFiles/stm32F103C8T6Project.elf.dir/User/main.c.obj
LOAD CMakeFiles/stm32F103C8T6Project.elf.dir/User/stm32f10x_it.c.obj
LOAD CMakeFiles/stm32F103C8T6Project.elf.dir/components/DCMotor/DCMotor.c.obj
LOAD CMakeFiles/stm32F103C8T6Project.elf.dir/components/IC/IC.c.obj
LOAD CMakeFiles/stm32F103C8T6Project.elf.dir/components/LED/LED.c.obj
LOAD CMakeFiles/stm32F103C8T6Project.elf.dir/components/PWM/PWM.c.obj
LOAD CMakeFiles/stm32F103C8T6Project.elf.dir/components/Timer/Timer.c.obj
LOAD CMakeFiles/stm32F103C8T6Project.elf.dir/components/countSensor/countSensor.c.obj
LOAD CMakeFiles/stm32F103C8T6Project.elf.dir/components/delay/delay.c.obj
LOAD CMakeFiles/stm32F103C8T6Project.elf.dir/components/key/key.c.obj
LOAD CMakeFiles/stm32F103C8T6Project.elf.dir/components/oled/OLED.c.obj
LOAD CMakeFiles/stm32F103C8T6Project.elf.dir/components/servo/servo.c.obj
LOAD CMakeFiles/stm32F103C8T6Project.elf.dir/startup/startup_stm32f103c8tx.s.obj
START GROUP
LOAD /Applications/ArmGNUToolchain/13.2.Rel1/arm-none-eabi/bin/../lib/gcc/arm-none-eabi/13.2.1/thumb/v7-m/nofp/libgcc.a
LOAD /Applications/ArmGNUToolchain/13.2.Rel1/arm-none-eabi/bin/../lib/gcc/arm-none-eabi/13.2.1/../../../../arm-none-eabi/lib/thumb/v7-m/nofp/libg.a
LOAD /Applications/ArmGNUToolchain/13.2.Rel1/arm-none-eabi/bin/../lib/gcc/arm-none-eabi/13.2.1/../../../../arm-none-eabi/lib/thumb/v7-m/nofp/libc.a
END GROUP
LOAD /Applications/ArmGNUToolchain/13.2.Rel1/arm-none-eabi/bin/../lib/gcc/arm-none-eabi/13.2.1/thumb/v7-m/nofp/crtend.o
LOAD /Applications/ArmGNUToolchain/13.2.Rel1/arm-none-eabi/bin/../lib/gcc/arm-none-eabi/13.2.1/thumb/v7-m/nofp/crtn.o
                0x20005000                        _estack = (ORIGIN (RAM) + LENGTH (RAM))
                0x00000200                        _Min_Heap_Size = 0x200
                0x00000400                        _Min_Stack_Size = 0x400

.isr_vector     0x08000000      0x10c
                0x08000000                        . = ALIGN (0x4)
 *(.isr_vector)
 .isr_vector    0x08000000      0x10c CMakeFiles/stm32F103C8T6Project.elf.dir/startup/startup_stm32f103c8tx.s.obj
                0x08000000                g_pfnVectors
                0x0800010c                        . = ALIGN (0x4)

.text           0x0800010c      0xedc
                0x0800010c                        . = ALIGN (0x4)
 *(.text)
 *(.text*)
 .text.deregister_tm_clones
                0x0800010c       0x1c /Applications/ArmGNUToolchain/13.2.Rel1/arm-none-eabi/bin/../lib/gcc/arm-none-eabi/13.2.1/thumb/v7-m/nofp/crtbegin.o
 .text.register_tm_clones
                0x08000128       0x24 /Applications/ArmGNUToolchain/13.2.Rel1/arm-none-eabi/bin/../lib/gcc/arm-none-eabi/13.2.1/thumb/v7-m/nofp/crtbegin.o
 .text.__do_global_dtors_aux
                0x0800014c       0x28 /Applications/ArmGNUToolchain/13.2.Rel1/arm-none-eabi/bin/../lib/gcc/arm-none-eabi/13.2.1/thumb/v7-m/nofp/crtbegin.o
 .text.frame_dummy
                0x08000174       0x24 /Applications/ArmGNUToolchain/13.2.Rel1/arm-none-eabi/bin/../lib/gcc/arm-none-eabi/13.2.1/thumb/v7-m/nofp/crtbegin.o
 .text.SetSysClockTo72
                0x08000198       0xc4 CMakeFiles/stm32F103C8T6Project.elf.dir/Libraries/CMSIS/system_stm32f10x.c.obj
 .text.SetSysClock
                0x0800025c        0x8 CMakeFiles/stm32F103C8T6Project.elf.dir/Libraries/CMSIS/system_stm32f10x.c.obj
 .text.SystemInit
                0x08000264       0x50 CMakeFiles/stm32F103C8T6Project.elf.dir/Libraries/CMSIS/system_stm32f10x.c.obj
                0x08000264                SystemInit
 .text.EXTI_GetITStatus
                0x080002b4       0x20 CMakeFiles/stm32F103C8T6Project.elf.dir/Libraries/STM32F10x_StdPeriph_Driver/src/stm32f10x_exti.c.obj
                0x080002b4                EXTI_GetITStatus
 .text.EXTI_ClearITPendingBit
                0x080002d4        0xc CMakeFiles/stm32F103C8T6Project.elf.dir/Libraries/STM32F10x_StdPeriph_Driver/src/stm32f10x_exti.c.obj
                0x080002d4                EXTI_ClearITPendingBit
 .text.GPIO_Init
                0x080002e0       0xb0 CMakeFiles/stm32F103C8T6Project.elf.dir/Libraries/STM32F10x_StdPeriph_Driver/src/stm32f10x_gpio.c.obj
                0x080002e0                GPIO_Init
 .text.GPIO_WriteBit
                0x08000390        0xa CMakeFiles/stm32F103C8T6Project.elf.dir/Libraries/STM32F10x_StdPeriph_Driver/src/stm32f10x_gpio.c.obj
                0x08000390                GPIO_WriteBit
 *fill*         0x0800039a        0x2 
 .text.RCC_APB2PeriphClockCmd
                0x0800039c       0x1c CMakeFiles/stm32F103C8T6Project.elf.dir/Libraries/STM32F10x_StdPeriph_Driver/src/stm32f10x_rcc.c.obj
                0x0800039c                RCC_APB2PeriphClockCmd
 .text.RCC_APB1PeriphClockCmd
                0x080003b8       0x1c CMakeFiles/stm32F103C8T6Project.elf.dir/Libraries/STM32F10x_StdPeriph_Driver/src/stm32f10x_rcc.c.obj
                0x080003b8                RCC_APB1PeriphClockCmd
 .text.TI1_Config
                0x080003d4       0x88 CMakeFiles/stm32F103C8T6Project.elf.dir/Libraries/STM32F10x_StdPeriph_Driver/src/stm32f10x_tim.c.obj
 .text.TI2_Config
                0x0800045c       0x94 CMakeFiles/stm32F103C8T6Project.elf.dir/Libraries/STM32F10x_StdPeriph_Driver/src/stm32f10x_tim.c.obj
 .text.TI3_Config
                0x080004f0       0x8c CMakeFiles/stm32F103C8T6Project.elf.dir/Libraries/STM32F10x_StdPeriph_Driver/src/stm32f10x_tim.c.obj
 .text.TI4_Config
                0x0800057c       0x98 CMakeFiles/stm32F103C8T6Project.elf.dir/Libraries/STM32F10x_StdPeriph_Driver/src/stm32f10x_tim.c.obj
 .text.TIM_TimeBaseInit
                0x08000614       0x94 CMakeFiles/stm32F103C8T6Project.elf.dir/Libraries/STM32F10x_StdPeriph_Driver/src/stm32f10x_tim.c.obj
                0x08000614                TIM_TimeBaseInit
 .text.TIM_OC1Init
                0x080006a8       0x94 CMakeFiles/stm32F103C8T6Project.elf.dir/Libraries/STM32F10x_StdPeriph_Driver/src/stm32f10x_tim.c.obj
                0x080006a8                TIM_OC1Init
 .text.TIM_OCStructInit
                0x0800073c       0x14 CMakeFiles/stm32F103C8T6Project.elf.dir/Libraries/STM32F10x_StdPeriph_Driver/src/stm32f10x_tim.c.obj
                0x0800073c                TIM_OCStructInit
 .text.TIM_Cmd  0x08000750       0x1c CMakeFiles/stm32F103C8T6Project.elf.dir/Libraries/STM32F10x_StdPeriph_Driver/src/stm32f10x_tim.c.obj
                0x08000750                TIM_Cmd
 .text.TIM_InternalClockConfig
                0x0800076c        0xe CMakeFiles/stm32F103C8T6Project.elf.dir/Libraries/STM32F10x_StdPeriph_Driver/src/stm32f10x_tim.c.obj
                0x0800076c                TIM_InternalClockConfig
 .text.TIM_PrescalerConfig
                0x0800077a        0x6 CMakeFiles/stm32F103C8T6Project.elf.dir/Libraries/STM32F10x_StdPeriph_Driver/src/stm32f10x_tim.c.obj
                0x0800077a                TIM_PrescalerConfig
 .text.TIM_SelectInputTrigger
                0x08000780        0xe CMakeFiles/stm32F103C8T6Project.elf.dir/Libraries/STM32F10x_StdPeriph_Driver/src/stm32f10x_tim.c.obj
                0x08000780                TIM_SelectInputTrigger
 .text.TIM_SelectSlaveMode
                0x0800078e       0x16 CMakeFiles/stm32F103C8T6Project.elf.dir/Libraries/STM32F10x_StdPeriph_Driver/src/stm32f10x_tim.c.obj
                0x0800078e                TIM_SelectSlaveMode
 .text.TIM_SetCompare1
                0x080007a4        0x4 CMakeFiles/stm32F103C8T6Project.elf.dir/Libraries/STM32F10x_StdPeriph_Driver/src/stm32f10x_tim.c.obj
                0x080007a4                TIM_SetCompare1
 .text.TIM_SetIC1Prescaler
                0x080007a8       0x16 CMakeFiles/stm32F103C8T6Project.elf.dir/Libraries/STM32F10x_StdPeriph_Driver/src/stm32f10x_tim.c.obj
                0x080007a8                TIM_SetIC1Prescaler
 .text.TIM_SetIC2Prescaler
                0x080007be       0x1a CMakeFiles/stm32F103C8T6Project.elf.dir/Libraries/STM32F10x_StdPeriph_Driver/src/stm32f10x_tim.c.obj
                0x080007be                TIM_SetIC2Prescaler
 .text.TIM_PWMIConfig
                0x080007d8       0x6c CMakeFiles/stm32F103C8T6Project.elf.dir/Libraries/STM32F10x_StdPeriph_Driver/src/stm32f10x_tim.c.obj
                0x080007d8                TIM_PWMIConfig
 .text.TIM_SetIC3Prescaler
                0x08000844       0x16 CMakeFiles/stm32F103C8T6Project.elf.dir/Libraries/STM32F10x_StdPeriph_Driver/src/stm32f10x_tim.c.obj
                0x08000844                TIM_SetIC3Prescaler
 .text.TIM_SetIC4Prescaler
                0x0800085a       0x1a CMakeFiles/stm32F103C8T6Project.elf.dir/Libraries/STM32F10x_StdPeriph_Driver/src/stm32f10x_tim.c.obj
                0x0800085a                TIM_SetIC4Prescaler
 .text.TIM_ICInit
                0x08000874       0x62 CMakeFiles/stm32F103C8T6Project.elf.dir/Libraries/STM32F10x_StdPeriph_Driver/src/stm32f10x_tim.c.obj
                0x08000874                TIM_ICInit
 .text.TIM_GetCapture1
                0x080008d6        0x6 CMakeFiles/stm32F103C8T6Project.elf.dir/Libraries/STM32F10x_StdPeriph_Driver/src/stm32f10x_tim.c.obj
                0x080008d6                TIM_GetCapture1
 .text.TIM_GetCapture2
                0x080008dc        0x6 CMakeFiles/stm32F103C8T6Project.elf.dir/Libraries/STM32F10x_StdPeriph_Driver/src/stm32f10x_tim.c.obj
                0x080008dc                TIM_GetCapture2
 *fill*         0x080008e2        0x2 
 .text.main     0x080008e4       0x5c CMakeFiles/stm32F103C8T6Project.elf.dir/User/main.c.obj
                0x080008e4                main
 .text.NMI_Handler
                0x08000940        0x2 CMakeFiles/stm32F103C8T6Project.elf.dir/User/stm32f10x_it.c.obj
                0x08000940                NMI_Handler
 .text.HardFault_Handler
                0x08000942        0x2 CMakeFiles/stm32F103C8T6Project.elf.dir/User/stm32f10x_it.c.obj
                0x08000942                HardFault_Handler
 .text.MemManage_Handler
                0x08000944        0x2 CMakeFiles/stm32F103C8T6Project.elf.dir/User/stm32f10x_it.c.obj
                0x08000944                MemManage_Handler
 .text.BusFault_Handler
                0x08000946        0x2 CMakeFiles/stm32F103C8T6Project.elf.dir/User/stm32f10x_it.c.obj
                0x08000946                BusFault_Handler
 .text.UsageFault_Handler
                0x08000948        0x2 CMakeFiles/stm32F103C8T6Project.elf.dir/User/stm32f10x_it.c.obj
                0x08000948                UsageFault_Handler
 .text.SVC_Handler
                0x0800094a        0x2 CMakeFiles/stm32F103C8T6Project.elf.dir/User/stm32f10x_it.c.obj
                0x0800094a                SVC_Handler
 .text.DebugMon_Handler
                0x0800094c        0x2 CMakeFiles/stm32F103C8T6Project.elf.dir/User/stm32f10x_it.c.obj
                0x0800094c                DebugMon_Handler
 .text.PendSV_Handler
                0x0800094e        0x2 CMakeFiles/stm32F103C8T6Project.elf.dir/User/stm32f10x_it.c.obj
                0x0800094e                PendSV_Handler
 .text.SysTick_Handler
                0x08000950        0x2 CMakeFiles/stm32F103C8T6Project.elf.dir/User/stm32f10x_it.c.obj
                0x08000950                SysTick_Handler
 *fill*         0x08000952        0x2 
 .text.IC_Init  0x08000954       0xa8 CMakeFiles/stm32F103C8T6Project.elf.dir/components/IC/IC.c.obj
                0x08000954                IC_Init
 .text.IC_GetFreq
                0x080009fc       0x1c CMakeFiles/stm32F103C8T6Project.elf.dir/components/IC/IC.c.obj
                0x080009fc                IC_GetFreq
 .text.IC_GetDuty
                0x08000a18       0x24 CMakeFiles/stm32F103C8T6Project.elf.dir/components/IC/IC.c.obj
                0x08000a18                IC_GetDuty
 .text.PWM_Init
                0x08000a3c       0x90 CMakeFiles/stm32F103C8T6Project.elf.dir/components/PWM/PWM.c.obj
                0x08000a3c                PWM_Init
 .text.PWM_SetCompare1
                0x08000acc        0xe CMakeFiles/stm32F103C8T6Project.elf.dir/components/PWM/PWM.c.obj
                0x08000acc                PWM_SetCompare1
 .text.PWM_SetPrescaler
                0x08000ada       0x10 CMakeFiles/stm32F103C8T6Project.elf.dir/components/PWM/PWM.c.obj
                0x08000ada                PWM_SetPrescaler
 *fill*         0x08000aea        0x2 
 .text.EXTI15_10_IRQHandler
                0x08000aec       0x28 CMakeFiles/stm32F103C8T6Project.elf.dir/components/countSensor/countSensor.c.obj
                0x08000aec                EXTI15_10_IRQHandler
 .text.OLED_I2C_Init
                0x08000b14       0x58 CMakeFiles/stm32F103C8T6Project.elf.dir/components/oled/OLED.c.obj
                0x08000b14                OLED_I2C_Init
 .text.OLED_I2C_Start
                0x08000b6c       0x3c CMakeFiles/stm32F103C8T6Project.elf.dir/components/oled/OLED.c.obj
                0x08000b6c                OLED_I2C_Start
 .text.OLED_I2C_Stop
                0x08000ba8       0x30 CMakeFiles/stm32F103C8T6Project.elf.dir/components/oled/OLED.c.obj
                0x08000ba8                OLED_I2C_Stop
 .text.OLED_I2C_SendByte
                0x08000bd8       0x5c CMakeFiles/stm32F103C8T6Project.elf.dir/components/oled/OLED.c.obj
                0x08000bd8                OLED_I2C_SendByte
 .text.OLED_WriteCommand
                0x08000c34       0x20 CMakeFiles/stm32F103C8T6Project.elf.dir/components/oled/OLED.c.obj
                0x08000c34                OLED_WriteCommand
 .text.OLED_WriteData
                0x08000c54       0x20 CMakeFiles/stm32F103C8T6Project.elf.dir/components/oled/OLED.c.obj
                0x08000c54                OLED_WriteData
 .text.OLED_SetCursor
                0x08000c74       0x20 CMakeFiles/stm32F103C8T6Project.elf.dir/components/oled/OLED.c.obj
                0x08000c74                OLED_SetCursor
 .text.OLED_Clear
                0x08000c94       0x2c CMakeFiles/stm32F103C8T6Project.elf.dir/components/oled/OLED.c.obj
                0x08000c94                OLED_Clear
 .text.OLED_ShowChar
                0x08000cc0       0x6c CMakeFiles/stm32F103C8T6Project.elf.dir/components/oled/OLED.c.obj
                0x08000cc0                OLED_ShowChar
 .text.OLED_ShowString
                0x08000d2c       0x22 CMakeFiles/stm32F103C8T6Project.elf.dir/components/oled/OLED.c.obj
                0x08000d2c                OLED_ShowString
 .text.OLED_Pow
                0x08000d4e       0x14 CMakeFiles/stm32F103C8T6Project.elf.dir/components/oled/OLED.c.obj
                0x08000d4e                OLED_Pow
 *fill*         0x08000d62        0x2 
 .text.OLED_ShowNum
                0x08000d64       0x50 CMakeFiles/stm32F103C8T6Project.elf.dir/components/oled/OLED.c.obj
                0x08000d64                OLED_ShowNum
 .text.OLED_Init
                0x08000db4       0xae CMakeFiles/stm32F103C8T6Project.elf.dir/components/oled/OLED.c.obj
                0x08000db4                OLED_Init
 *fill*         0x08000e62        0x2 
 .text.Reset_Handler
                0x08000e64       0x48 CMakeFiles/stm32F103C8T6Project.elf.dir/startup/startup_stm32f103c8tx.s.obj
                0x08000e64                Reset_Handler
 .text.Default_Handler
                0x08000eac        0x2 CMakeFiles/stm32F103C8T6Project.elf.dir/startup/startup_stm32f103c8tx.s.obj
                0x08000eac                USBWakeUp_IRQHandler
                0x08000eac                EXTI2_IRQHandler
                0x08000eac                TIM1_CC_IRQHandler
                0x08000eac                PVD_IRQHandler
                0x08000eac                EXTI3_IRQHandler
                0x08000eac                EXTI0_IRQHandler
                0x08000eac                I2C2_EV_IRQHandler
                0x08000eac                ADC1_2_IRQHandler
                0x08000eac                SPI1_IRQHandler
                0x08000eac                TAMPER_IRQHandler
                0x08000eac                DMA1_Channel4_IRQHandler
                0x08000eac                USART3_IRQHandler
                0x08000eac                RTC_IRQHandler
                0x08000eac                DMA1_Channel7_IRQHandler
                0x08000eac                CAN1_RX1_IRQHandler
                0x08000eac                TIM4_IRQHandler
                0x08000eac                I2C1_EV_IRQHandler
                0x08000eac                DMA1_Channel6_IRQHandler
                0x08000eac                TIM3_IRQHandler
                0x08000eac                RCC_IRQHandler
                0x08000eac                TIM1_TRG_COM_IRQHandler
                0x08000eac                DMA1_Channel1_IRQHandler
                0x08000eac                Default_Handler
                0x08000eac                EXTI9_5_IRQHandler
                0x08000eac                SPI2_IRQHandler
                0x08000eac                DMA1_Channel5_IRQHandler
                0x08000eac                EXTI4_IRQHandler
                0x08000eac                USB_LP_CAN1_RX0_IRQHandler
                0x08000eac                USB_HP_CAN1_TX_IRQHandler
                0x08000eac                DMA1_Channel3_IRQHandler
                0x08000eac                TIM1_UP_IRQHandler
                0x08000eac                WWDG_IRQHandler
                0x08000eac                TIM2_IRQHandler
                0x08000eac                TIM1_BRK_IRQHandler
                0x08000eac                EXTI1_IRQHandler
                0x08000eac                USART2_IRQHandler
                0x08000eac                I2C2_ER_IRQHandler
                0x08000eac                DMA1_Channel2_IRQHandler
                0x08000eac                CAN1_SCE_IRQHandler
                0x08000eac                FLASH_IRQHandler
                0x08000eac                USART1_IRQHandler
                0x08000eac                I2C1_ER_IRQHandler
                0x08000eac                RTC_Alarm_IRQHandler
 *fill*         0x08000eae        0x2 
 .text.__libc_init_array
                0x08000eb0       0x50 /Applications/ArmGNUToolchain/13.2.Rel1/arm-none-eabi/bin/../lib/gcc/arm-none-eabi/13.2.1/../../../../arm-none-eabi/lib/thumb/v7-m/nofp/libg.a(libc_a-init.o)
                0x08000eb0                __libc_init_array
 .text.__retarget_lock_acquire_recursive
                0x08000f00        0x4 /Applications/ArmGNUToolchain/13.2.Rel1/arm-none-eabi/bin/../lib/gcc/arm-none-eabi/13.2.1/../../../../arm-none-eabi/lib/thumb/v7-m/nofp/libg.a(libc_a-lock.o)
                0x08000f00                __retarget_lock_acquire_recursive
 .text.__retarget_lock_release_recursive
                0x08000f04        0x4 /Applications/ArmGNUToolchain/13.2.Rel1/arm-none-eabi/bin/../lib/gcc/arm-none-eabi/13.2.1/../../../../arm-none-eabi/lib/thumb/v7-m/nofp/libg.a(libc_a-lock.o)
                0x08000f04                __retarget_lock_release_recursive
 .text.startup.register_fini
                0x08000f08       0x14 /Applications/ArmGNUToolchain/13.2.Rel1/arm-none-eabi/bin/../lib/gcc/arm-none-eabi/13.2.1/../../../../arm-none-eabi/lib/thumb/v7-m/nofp/libg.a(libc_a-__call_atexit.o)
 .text.atexit   0x08000f1c        0xc /Applications/ArmGNUToolchain/13.2.Rel1/arm-none-eabi/bin/../lib/gcc/arm-none-eabi/13.2.1/../../../../arm-none-eabi/lib/thumb/v7-m/nofp/libg.a(libc_a-atexit.o)
                0x08000f1c                atexit
 .text.__libc_fini_array
                0x08000f28       0x28 /Applications/ArmGNUToolchain/13.2.Rel1/arm-none-eabi/bin/../lib/gcc/arm-none-eabi/13.2.1/../../../../arm-none-eabi/lib/thumb/v7-m/nofp/libg.a(libc_a-fini.o)
                0x08000f28                __libc_fini_array
 .text.__register_exitproc
                0x08000f50       0x80 /Applications/ArmGNUToolchain/13.2.Rel1/arm-none-eabi/bin/../lib/gcc/arm-none-eabi/13.2.1/../../../../arm-none-eabi/lib/thumb/v7-m/nofp/libg.a(libc_a-__atexit.o)
                0x08000f50                __register_exitproc
 *(.glue_7)
 .glue_7        0x08000fd0        0x0 linker stubs
 *(.glue_7t)
 .glue_7t       0x08000fd0        0x0 linker stubs
 *(.eh_frame)
 .eh_frame      0x08000fd0        0x0 /Applications/ArmGNUToolchain/13.2.Rel1/arm-none-eabi/bin/../lib/gcc/arm-none-eabi/13.2.1/thumb/v7-m/nofp/crtbegin.o
 *(.init)
 .init          0x08000fd0        0x4 /Applications/ArmGNUToolchain/13.2.Rel1/arm-none-eabi/bin/../lib/gcc/arm-none-eabi/13.2.1/thumb/v7-m/nofp/crti.o
                0x08000fd0                _init
 .init          0x08000fd4        0x8 /Applications/ArmGNUToolchain/13.2.Rel1/arm-none-eabi/bin/../lib/gcc/arm-none-eabi/13.2.1/thumb/v7-m/nofp/crtn.o
 *(.fini)
 .fini          0x08000fdc        0x4 /Applications/ArmGNUToolchain/13.2.Rel1/arm-none-eabi/bin/../lib/gcc/arm-none-eabi/13.2.1/thumb/v7-m/nofp/crti.o
                0x08000fdc                _fini
 .fini          0x08000fe0        0x8 /Applications/ArmGNUToolchain/13.2.Rel1/arm-none-eabi/bin/../lib/gcc/arm-none-eabi/13.2.1/thumb/v7-m/nofp/crtn.o
                0x08000fe8                        . = ALIGN (0x4)
                0x08000fe8                        _etext = .

.vfp11_veneer   0x08000fe8        0x0
 .vfp11_veneer  0x08000fe8        0x0 linker stubs

.v4_bx          0x08000fe8        0x0
 .v4_bx         0x08000fe8        0x0 linker stubs

.iplt           0x08000fe8        0x0
 .iplt          0x08000fe8        0x0 /Applications/ArmGNUToolchain/13.2.Rel1/arm-none-eabi/bin/../lib/gcc/arm-none-eabi/13.2.1/thumb/v7-m/nofp/crtbegin.o

.rodata         0x08000fe8      0x60c
                0x08000fe8                        . = ALIGN (0x4)
 *(.rodata)
 *(.rodata*)
 .rodata.main.str1.4
                0x08000fe8       0x1a CMakeFiles/stm32F103C8T6Project.elf.dir/User/main.c.obj
 *fill*         0x08001002        0x2 
 .rodata.OLED_F8x16
                0x08001004      0x5f0 CMakeFiles/stm32F103C8T6Project.elf.dir/components/oled/OLED.c.obj
                0x08001004                OLED_F8x16
                0x080015f4                        . = ALIGN (0x4)

.rel.dyn        0x080015f4        0x0
 .rel.iplt      0x080015f4        0x0 /Applications/ArmGNUToolchain/13.2.Rel1/arm-none-eabi/bin/../lib/gcc/arm-none-eabi/13.2.1/thumb/v7-m/nofp/crtbegin.o

.ARM.extab      0x080015f4        0x0
                0x080015f4                        . = ALIGN (0x4)
 *(.ARM.extab* .gnu.linkonce.armextab.*)
                0x080015f4                        . = ALIGN (0x4)

.ARM            0x080015f4        0x0
                0x080015f4                        . = ALIGN (0x4)
                0x080015f4                        __exidx_start = .
 *(.ARM.exidx*)
                0x080015f4                        __exidx_end = .
                0x080015f4                        . = ALIGN (0x4)

.preinit_array  0x080015f4        0x0
                0x080015f4                        . = ALIGN (0x4)
                0x080015f4                        PROVIDE (__preinit_array_start = .)
 *(.preinit_array*)
                0x080015f4                        PROVIDE (__preinit_array_end = .)
                0x080015f4                        . = ALIGN (0x4)

.init_array     0x080015f4        0x8
                0x080015f4                        . = ALIGN (0x4)
                0x080015f4                        PROVIDE (__init_array_start = .)
 *(SORT_BY_NAME(.init_array.*))
 .init_array.00000
                0x080015f4        0x4 /Applications/ArmGNUToolchain/13.2.Rel1/arm-none-eabi/bin/../lib/gcc/arm-none-eabi/13.2.1/../../../../arm-none-eabi/lib/thumb/v7-m/nofp/libg.a(libc_a-__call_atexit.o)
 *(.init_array*)
 .init_array    0x080015f8        0x4 /Applications/ArmGNUToolchain/13.2.Rel1/arm-none-eabi/bin/../lib/gcc/arm-none-eabi/13.2.1/thumb/v7-m/nofp/crtbegin.o
                0x080015fc                        PROVIDE (__init_array_end = .)
                0x080015fc                        . = ALIGN (0x4)

.fini_array     0x080015fc        0x4
                0x080015fc                        . = ALIGN (0x4)
                0x080015fc                        PROVIDE (__fini_array_start = .)
 *(SORT_BY_NAME(.fini_array.*))
 *(.fini_array*)
 .fini_array    0x080015fc        0x4 /Applications/ArmGNUToolchain/13.2.Rel1/arm-none-eabi/bin/../lib/gcc/arm-none-eabi/13.2.1/thumb/v7-m/nofp/crtbegin.o
                0x08001600                        PROVIDE (__fini_array_end = .)
                0x08001600                        . = ALIGN (0x4)
                0x08001600                        _sidata = LOADADDR (.data)

.data           0x20000000        0x8 load address 0x08001600
                0x20000000                        . = ALIGN (0x4)
                0x20000000                        _sdata = .
 *(.data)
 *(.data*)
 .data.counsensor_count
                0x20000000        0x2 CMakeFiles/stm32F103C8T6Project.elf.dir/components/countSensor/countSensor.c.obj
                0x20000000                counsensor_count
 *fill*         0x20000002        0x2 
 .data.__atexit_recursive_mutex
                0x20000004        0x4 /Applications/ArmGNUToolchain/13.2.Rel1/arm-none-eabi/bin/../lib/gcc/arm-none-eabi/13.2.1/../../../../arm-none-eabi/lib/thumb/v7-m/nofp/libg.a(libc_a-__call_atexit.o)
                0x20000004                __atexit_recursive_mutex
 *(.RamFunc)
 *(.RamFunc*)
                0x20000008                        . = ALIGN (0x4)
                0x20000008                        _edata = .

.tm_clone_table
                0x20000008        0x0 load address 0x08001608
 .tm_clone_table
                0x20000008        0x0 /Applications/ArmGNUToolchain/13.2.Rel1/arm-none-eabi/bin/../lib/gcc/arm-none-eabi/13.2.1/thumb/v7-m/nofp/crtbegin.o
 .tm_clone_table
                0x20000008        0x0 /Applications/ArmGNUToolchain/13.2.Rel1/arm-none-eabi/bin/../lib/gcc/arm-none-eabi/13.2.1/thumb/v7-m/nofp/crtend.o

.igot.plt       0x20000008        0x0 load address 0x08001608
 .igot.plt      0x20000008        0x0 /Applications/ArmGNUToolchain/13.2.Rel1/arm-none-eabi/bin/../lib/gcc/arm-none-eabi/13.2.1/thumb/v7-m/nofp/crtbegin.o
                0x20000008                        . = ALIGN (0x4)

.bss            0x20000008      0x1b4 load address 0x08001608
                0x20000008                        _sbss = .
                0x20000008                        __bss_start__ = _sbss
 *(.bss)
 *(.bss*)
 .bss.completed.1
                0x20000008        0x1 /Applications/ArmGNUToolchain/13.2.Rel1/arm-none-eabi/bin/../lib/gcc/arm-none-eabi/13.2.1/thumb/v7-m/nofp/crtbegin.o
 *fill*         0x20000009        0x3 
 .bss.object.0  0x2000000c       0x18 /Applications/ArmGNUToolchain/13.2.Rel1/arm-none-eabi/bin/../lib/gcc/arm-none-eabi/13.2.1/thumb/v7-m/nofp/crtbegin.o
 .bss.__lock___atexit_recursive_mutex
                0x20000024        0x1 /Applications/ArmGNUToolchain/13.2.Rel1/arm-none-eabi/bin/../lib/gcc/arm-none-eabi/13.2.1/../../../../arm-none-eabi/lib/thumb/v7-m/nofp/libg.a(libc_a-lock.o)
                0x20000024                __lock___atexit_recursive_mutex
 *fill*         0x20000025        0x3 
 .bss.__atexit  0x20000028        0x4 /Applications/ArmGNUToolchain/13.2.Rel1/arm-none-eabi/bin/../lib/gcc/arm-none-eabi/13.2.1/../../../../arm-none-eabi/lib/thumb/v7-m/nofp/libg.a(libc_a-__call_atexit.o)
                0x20000028                __atexit
 .bss.__atexit0
                0x2000002c      0x190 /Applications/ArmGNUToolchain/13.2.Rel1/arm-none-eabi/bin/../lib/gcc/arm-none-eabi/13.2.1/../../../../arm-none-eabi/lib/thumb/v7-m/nofp/libg.a(libc_a-__atexit.o)
                0x2000002c                __atexit0
 *(COMMON)
                0x200001bc                        . = ALIGN (0x4)
                0x200001bc                        _ebss = .
                0x200001bc                        __bss_end__ = _ebss

._user_heap_stack
                0x200001bc      0x604 load address 0x08001608
                0x200001c0                        . = ALIGN (0x8)
 *fill*         0x200001bc        0x4 
                [!provide]                        PROVIDE (end = .)
                [!provide]                        PROVIDE (_end = .)
                0x200003c0                        . = (. + _Min_Heap_Size)
 *fill*         0x200001c0      0x200 
                0x200007c0                        . = (. + _Min_Stack_Size)
 *fill*         0x200003c0      0x400 
                0x200007c0                        . = ALIGN (0x8)

/DISCARD/
 libc.a(*)
 libm.a(*)
 libgcc.a(*)

.ARM.attributes
                0x00000000       0x29
 *(.ARM.attributes)
 .ARM.attributes
                0x00000000       0x1d /Applications/ArmGNUToolchain/13.2.Rel1/arm-none-eabi/bin/../lib/gcc/arm-none-eabi/13.2.1/thumb/v7-m/nofp/crti.o
 .ARM.attributes
                0x0000001d       0x2d /Applications/ArmGNUToolchain/13.2.Rel1/arm-none-eabi/bin/../lib/gcc/arm-none-eabi/13.2.1/thumb/v7-m/nofp/crtbegin.o
 .ARM.attributes
                0x0000004a       0x2d CMakeFiles/stm32F103C8T6Project.elf.dir/Libraries/CMSIS/system_stm32f10x.c.obj
 .ARM.attributes
                0x00000077       0x2d CMakeFiles/stm32F103C8T6Project.elf.dir/Libraries/STM32F10x_StdPeriph_Driver/src/stm32f10x_exti.c.obj
 .ARM.attributes
                0x000000a4       0x2d CMakeFiles/stm32F103C8T6Project.elf.dir/Libraries/STM32F10x_StdPeriph_Driver/src/stm32f10x_gpio.c.obj
 .ARM.attributes
                0x000000d1       0x2d CMakeFiles/stm32F103C8T6Project.elf.dir/Libraries/STM32F10x_StdPeriph_Driver/src/stm32f10x_rcc.c.obj
 .ARM.attributes
                0x000000fe       0x2d CMakeFiles/stm32F103C8T6Project.elf.dir/Libraries/STM32F10x_StdPeriph_Driver/src/stm32f10x_tim.c.obj
 .ARM.attributes
                0x0000012b       0x2d CMakeFiles/stm32F103C8T6Project.elf.dir/User/main.c.obj
 .ARM.attributes
                0x00000158       0x2d CMakeFiles/stm32F103C8T6Project.elf.dir/User/stm32f10x_it.c.obj
 .ARM.attributes
                0x00000185       0x2d CMakeFiles/stm32F103C8T6Project.elf.dir/components/IC/IC.c.obj
 .ARM.attributes
                0x000001b2       0x2d CMakeFiles/stm32F103C8T6Project.elf.dir/components/PWM/PWM.c.obj
 .ARM.attributes
                0x000001df       0x2d CMakeFiles/stm32F103C8T6Project.elf.dir/components/countSensor/countSensor.c.obj
 .ARM.attributes
                0x0000020c       0x2d CMakeFiles/stm32F103C8T6Project.elf.dir/components/oled/OLED.c.obj
 .ARM.attributes
                0x00000239       0x21 CMakeFiles/stm32F103C8T6Project.elf.dir/startup/startup_stm32f103c8tx.s.obj
 .ARM.attributes
                0x0000025a       0x2d /Applications/ArmGNUToolchain/13.2.Rel1/arm-none-eabi/bin/../lib/gcc/arm-none-eabi/13.2.1/../../../../arm-none-eabi/lib/thumb/v7-m/nofp/libg.a(libc_a-init.o)
 .ARM.attributes
                0x00000287       0x2d /Applications/ArmGNUToolchain/13.2.Rel1/arm-none-eabi/bin/../lib/gcc/arm-none-eabi/13.2.1/../../../../arm-none-eabi/lib/thumb/v7-m/nofp/libg.a(libc_a-lock.o)
 .ARM.attributes
                0x000002b4       0x2d /Applications/ArmGNUToolchain/13.2.Rel1/arm-none-eabi/bin/../lib/gcc/arm-none-eabi/13.2.1/../../../../arm-none-eabi/lib/thumb/v7-m/nofp/libg.a(libc_a-__call_atexit.o)
 .ARM.attributes
                0x000002e1       0x2d /Applications/ArmGNUToolchain/13.2.Rel1/arm-none-eabi/bin/../lib/gcc/arm-none-eabi/13.2.1/../../../../arm-none-eabi/lib/thumb/v7-m/nofp/libg.a(libc_a-atexit.o)
 .ARM.attributes
                0x0000030e       0x2d /Applications/ArmGNUToolchain/13.2.Rel1/arm-none-eabi/bin/../lib/gcc/arm-none-eabi/13.2.1/../../../../arm-none-eabi/lib/thumb/v7-m/nofp/libg.a(libc_a-fini.o)
 .ARM.attributes
                0x0000033b       0x2d /Applications/ArmGNUToolchain/13.2.Rel1/arm-none-eabi/bin/../lib/gcc/arm-none-eabi/13.2.1/../../../../arm-none-eabi/lib/thumb/v7-m/nofp/libg.a(libc_a-__atexit.o)
 .ARM.attributes
                0x00000368       0x2d /Applications/ArmGNUToolchain/13.2.Rel1/arm-none-eabi/bin/../lib/gcc/arm-none-eabi/13.2.1/thumb/v7-m/nofp/crtend.o
 .ARM.attributes
                0x00000395       0x1d /Applications/ArmGNUToolchain/13.2.Rel1/arm-none-eabi/bin/../lib/gcc/arm-none-eabi/13.2.1/thumb/v7-m/nofp/crtn.o
OUTPUT(stm32F103C8T6Project.elf elf32-littlearm)
LOAD linker stubs
LOAD /Applications/ArmGNUToolchain/13.2.Rel1/arm-none-eabi/bin/../lib/gcc/arm-none-eabi/13.2.1/../../../../arm-none-eabi/lib/thumb/v7-m/nofp/libc.a
LOAD /Applications/ArmGNUToolchain/13.2.Rel1/arm-none-eabi/bin/../lib/gcc/arm-none-eabi/13.2.1/../../../../arm-none-eabi/lib/thumb/v7-m/nofp/libm.a
LOAD /Applications/ArmGNUToolchain/13.2.Rel1/arm-none-eabi/bin/../lib/gcc/arm-none-eabi/13.2.1/thumb/v7-m/nofp/libgcc.a

.debug_info     0x00000000     0x6317
 .debug_info    0x00000000      0x439 CMakeFiles/stm32F103C8T6Project.elf.dir/Libraries/CMSIS/system_stm32f10x.c.obj
 .debug_info    0x00000439      0x337 CMakeFiles/stm32F103C8T6Project.elf.dir/Libraries/STM32F10x_StdPeriph_Driver/src/stm32f10x_exti.c.obj
 .debug_info    0x00000770      0x8be CMakeFiles/stm32F103C8T6Project.elf.dir/Libraries/STM32F10x_StdPeriph_Driver/src/stm32f10x_gpio.c.obj
 .debug_info    0x0000102e      0x8bc CMakeFiles/stm32F103C8T6Project.elf.dir/Libraries/STM32F10x_StdPeriph_Driver/src/stm32f10x_rcc.c.obj
 .debug_info    0x000018ea     0x2376 CMakeFiles/stm32F103C8T6Project.elf.dir/Libraries/STM32F10x_StdPeriph_Driver/src/stm32f10x_tim.c.obj
 .debug_info    0x00003c60      0x22d CMakeFiles/stm32F103C8T6Project.elf.dir/User/main.c.obj
 .debug_info    0x00003e8d       0xfd CMakeFiles/stm32F103C8T6Project.elf.dir/User/stm32f10x_it.c.obj
 .debug_info    0x00003f8a      0x77f CMakeFiles/stm32F103C8T6Project.elf.dir/components/IC/IC.c.obj
 .debug_info    0x00004709      0x76f CMakeFiles/stm32F103C8T6Project.elf.dir/components/PWM/PWM.c.obj
 .debug_info    0x00004e78      0x696 CMakeFiles/stm32F103C8T6Project.elf.dir/components/countSensor/countSensor.c.obj
 .debug_info    0x0000550e      0xdd9 CMakeFiles/stm32F103C8T6Project.elf.dir/components/oled/OLED.c.obj
 .debug_info    0x000062e7       0x30 CMakeFiles/stm32F103C8T6Project.elf.dir/startup/startup_stm32f103c8tx.s.obj

.debug_abbrev   0x00000000     0x1256
 .debug_abbrev  0x00000000      0x1c7 CMakeFiles/stm32F103C8T6Project.elf.dir/Libraries/CMSIS/system_stm32f10x.c.obj
 .debug_abbrev  0x000001c7      0x193 CMakeFiles/stm32F103C8T6Project.elf.dir/Libraries/STM32F10x_StdPeriph_Driver/src/stm32f10x_exti.c.obj
 .debug_abbrev  0x0000035a      0x250 CMakeFiles/stm32F103C8T6Project.elf.dir/Libraries/STM32F10x_StdPeriph_Driver/src/stm32f10x_gpio.c.obj
 .debug_abbrev  0x000005aa      0x20d CMakeFiles/stm32F103C8T6Project.elf.dir/Libraries/STM32F10x_StdPeriph_Driver/src/stm32f10x_rcc.c.obj
 .debug_abbrev  0x000007b7      0x233 CMakeFiles/stm32F103C8T6Project.elf.dir/Libraries/STM32F10x_StdPeriph_Driver/src/stm32f10x_tim.c.obj
 .debug_abbrev  0x000009ea       0xcb CMakeFiles/stm32F103C8T6Project.elf.dir/User/main.c.obj
 .debug_abbrev  0x00000ab5       0x45 CMakeFiles/stm32F103C8T6Project.elf.dir/User/stm32f10x_it.c.obj
 .debug_abbrev  0x00000afa      0x181 CMakeFiles/stm32F103C8T6Project.elf.dir/components/IC/IC.c.obj
 .debug_abbrev  0x00000c7b      0x17b CMakeFiles/stm32F103C8T6Project.elf.dir/components/PWM/PWM.c.obj
 .debug_abbrev  0x00000df6      0x1e9 CMakeFiles/stm32F103C8T6Project.elf.dir/components/countSensor/countSensor.c.obj
 .debug_abbrev  0x00000fdf      0x253 CMakeFiles/stm32F103C8T6Project.elf.dir/components/oled/OLED.c.obj
 .debug_abbrev  0x00001232       0x24 CMakeFiles/stm32F103C8T6Project.elf.dir/startup/startup_stm32f103c8tx.s.obj

.debug_loclists
                0x00000000     0x21c2
 .debug_loclists
                0x00000000       0xb7 CMakeFiles/stm32F103C8T6Project.elf.dir/Libraries/CMSIS/system_stm32f10x.c.obj
 .debug_loclists
                0x000000b7      0x112 CMakeFiles/stm32F103C8T6Project.elf.dir/Libraries/STM32F10x_StdPeriph_Driver/src/stm32f10x_exti.c.obj
 .debug_loclists
                0x000001c9      0x4d0 CMakeFiles/stm32F103C8T6Project.elf.dir/Libraries/STM32F10x_StdPeriph_Driver/src/stm32f10x_gpio.c.obj
 .debug_loclists
                0x00000699      0x33f CMakeFiles/stm32F103C8T6Project.elf.dir/Libraries/STM32F10x_StdPeriph_Driver/src/stm32f10x_rcc.c.obj
 .debug_loclists
                0x000009d8     0x1249 CMakeFiles/stm32F103C8T6Project.elf.dir/Libraries/STM32F10x_StdPeriph_Driver/src/stm32f10x_tim.c.obj
 .debug_loclists
                0x00001c21       0x54 CMakeFiles/stm32F103C8T6Project.elf.dir/components/PWM/PWM.c.obj
 .debug_loclists
                0x00001c75      0x54d CMakeFiles/stm32F103C8T6Project.elf.dir/components/oled/OLED.c.obj

.debug_aranges  0x00000000      0x710
 .debug_aranges
                0x00000000       0x38 CMakeFiles/stm32F103C8T6Project.elf.dir/Libraries/CMSIS/system_stm32f10x.c.obj
 .debug_aranges
                0x00000038       0x58 CMakeFiles/stm32F103C8T6Project.elf.dir/Libraries/STM32F10x_StdPeriph_Driver/src/stm32f10x_exti.c.obj
 .debug_aranges
                0x00000090       0xa8 CMakeFiles/stm32F103C8T6Project.elf.dir/Libraries/STM32F10x_StdPeriph_Driver/src/stm32f10x_gpio.c.obj
 .debug_aranges
                0x00000138      0x118 CMakeFiles/stm32F103C8T6Project.elf.dir/Libraries/STM32F10x_StdPeriph_Driver/src/stm32f10x_rcc.c.obj
 .debug_aranges
                0x00000250      0x2f0 CMakeFiles/stm32F103C8T6Project.elf.dir/Libraries/STM32F10x_StdPeriph_Driver/src/stm32f10x_tim.c.obj
 .debug_aranges
                0x00000540       0x20 CMakeFiles/stm32F103C8T6Project.elf.dir/User/main.c.obj
 .debug_aranges
                0x00000560       0x60 CMakeFiles/stm32F103C8T6Project.elf.dir/User/stm32f10x_it.c.obj
 .debug_aranges
                0x000005c0       0x30 CMakeFiles/stm32F103C8T6Project.elf.dir/components/IC/IC.c.obj
 .debug_aranges
                0x000005f0       0x30 CMakeFiles/stm32F103C8T6Project.elf.dir/components/PWM/PWM.c.obj
 .debug_aranges
                0x00000620       0x30 CMakeFiles/stm32F103C8T6Project.elf.dir/components/countSensor/countSensor.c.obj
 .debug_aranges
                0x00000650       0x98 CMakeFiles/stm32F103C8T6Project.elf.dir/components/oled/OLED.c.obj
 .debug_aranges
                0x000006e8       0x28 CMakeFiles/stm32F103C8T6Project.elf.dir/startup/startup_stm32f103c8tx.s.obj

.debug_rnglists
                0x00000000      0x522
 .debug_rnglists
                0x00000000       0x27 CMakeFiles/stm32F103C8T6Project.elf.dir/Libraries/CMSIS/system_stm32f10x.c.obj
 .debug_rnglists
                0x00000027       0x3e CMakeFiles/stm32F103C8T6Project.elf.dir/Libraries/STM32F10x_StdPeriph_Driver/src/stm32f10x_exti.c.obj
 .debug_rnglists
                0x00000065       0x7b CMakeFiles/stm32F103C8T6Project.elf.dir/Libraries/STM32F10x_StdPeriph_Driver/src/stm32f10x_gpio.c.obj
 .debug_rnglists
                0x000000e0       0xce CMakeFiles/stm32F103C8T6Project.elf.dir/Libraries/STM32F10x_StdPeriph_Driver/src/stm32f10x_rcc.c.obj
 .debug_rnglists
                0x000001ae      0x238 CMakeFiles/stm32F103C8T6Project.elf.dir/Libraries/STM32F10x_StdPeriph_Driver/src/stm32f10x_tim.c.obj
 .debug_rnglists
                0x000003e6       0x13 CMakeFiles/stm32F103C8T6Project.elf.dir/User/main.c.obj
 .debug_rnglists
                0x000003f9       0x43 CMakeFiles/stm32F103C8T6Project.elf.dir/User/stm32f10x_it.c.obj
 .debug_rnglists
                0x0000043c       0x20 CMakeFiles/stm32F103C8T6Project.elf.dir/components/IC/IC.c.obj
 .debug_rnglists
                0x0000045c       0x20 CMakeFiles/stm32F103C8T6Project.elf.dir/components/PWM/PWM.c.obj
 .debug_rnglists
                0x0000047c       0x1f CMakeFiles/stm32F103C8T6Project.elf.dir/components/countSensor/countSensor.c.obj
 .debug_rnglists
                0x0000049b       0x6e CMakeFiles/stm32F103C8T6Project.elf.dir/components/oled/OLED.c.obj
 .debug_rnglists
                0x00000509       0x19 CMakeFiles/stm32F103C8T6Project.elf.dir/startup/startup_stm32f103c8tx.s.obj

.debug_line     0x00000000     0x4588
 .debug_line    0x00000000      0x3e1 CMakeFiles/stm32F103C8T6Project.elf.dir/Libraries/CMSIS/system_stm32f10x.c.obj
 .debug_line    0x000003e1      0x3f0 CMakeFiles/stm32F103C8T6Project.elf.dir/Libraries/STM32F10x_StdPeriph_Driver/src/stm32f10x_exti.c.obj
 .debug_line    0x000007d1      0x723 CMakeFiles/stm32F103C8T6Project.elf.dir/Libraries/STM32F10x_StdPeriph_Driver/src/stm32f10x_gpio.c.obj
 .debug_line    0x00000ef4      0x90e CMakeFiles/stm32F103C8T6Project.elf.dir/Libraries/STM32F10x_StdPeriph_Driver/src/stm32f10x_rcc.c.obj
 .debug_line    0x00001802     0x1b32 CMakeFiles/stm32F103C8T6Project.elf.dir/Libraries/STM32F10x_StdPeriph_Driver/src/stm32f10x_tim.c.obj
 .debug_line    0x00003334      0x1fe CMakeFiles/stm32F103C8T6Project.elf.dir/User/main.c.obj
 .debug_line    0x00003532      0x11b CMakeFiles/stm32F103C8T6Project.elf.dir/User/stm32f10x_it.c.obj
 .debug_line    0x0000364d      0x2d0 CMakeFiles/stm32F103C8T6Project.elf.dir/components/IC/IC.c.obj
 .debug_line    0x0000391d      0x2ae CMakeFiles/stm32F103C8T6Project.elf.dir/components/PWM/PWM.c.obj
 .debug_line    0x00003bcb      0x2d1 CMakeFiles/stm32F103C8T6Project.elf.dir/components/countSensor/countSensor.c.obj
 .debug_line    0x00003e9c      0x674 CMakeFiles/stm32F103C8T6Project.elf.dir/components/oled/OLED.c.obj
 .debug_line    0x00004510       0x78 CMakeFiles/stm32F103C8T6Project.elf.dir/startup/startup_stm32f103c8tx.s.obj

.debug_str      0x00000000     0x2159
 .debug_str     0x00000000     0x2159 CMakeFiles/stm32F103C8T6Project.elf.dir/Libraries/CMSIS/system_stm32f10x.c.obj
                                0x33b (size before relaxing)
 .debug_str     0x00002159      0x3bd CMakeFiles/stm32F103C8T6Project.elf.dir/Libraries/STM32F10x_StdPeriph_Driver/src/stm32f10x_exti.c.obj
 .debug_str     0x00002159      0x5a4 CMakeFiles/stm32F103C8T6Project.elf.dir/Libraries/STM32F10x_StdPeriph_Driver/src/stm32f10x_gpio.c.obj
 .debug_str     0x00002159      0x68e CMakeFiles/stm32F103C8T6Project.elf.dir/Libraries/STM32F10x_StdPeriph_Driver/src/stm32f10x_rcc.c.obj
 .debug_str     0x00002159      0xe7f CMakeFiles/stm32F103C8T6Project.elf.dir/Libraries/STM32F10x_StdPeriph_Driver/src/stm32f10x_tim.c.obj
 .debug_str     0x00002159      0x25b CMakeFiles/stm32F103C8T6Project.elf.dir/User/main.c.obj
 .debug_str     0x00002159      0x240 CMakeFiles/stm32F103C8T6Project.elf.dir/User/stm32f10x_it.c.obj
 .debug_str     0x00002159      0x62c CMakeFiles/stm32F103C8T6Project.elf.dir/components/IC/IC.c.obj
 .debug_str     0x00002159      0x656 CMakeFiles/stm32F103C8T6Project.elf.dir/components/PWM/PWM.c.obj
 .debug_str     0x00002159      0x931 CMakeFiles/stm32F103C8T6Project.elf.dir/components/countSensor/countSensor.c.obj
 .debug_str     0x00002159      0x4e6 CMakeFiles/stm32F103C8T6Project.elf.dir/components/oled/OLED.c.obj
 .debug_str     0x00002159       0x9a CMakeFiles/stm32F103C8T6Project.elf.dir/startup/startup_stm32f103c8tx.s.obj

.comment        0x00000000       0x44
 .comment       0x00000000       0x44 CMakeFiles/stm32F103C8T6Project.elf.dir/Libraries/CMSIS/system_stm32f10x.c.obj
                                 0x45 (size before relaxing)
 .comment       0x00000044       0x45 CMakeFiles/stm32F103C8T6Project.elf.dir/Libraries/STM32F10x_StdPeriph_Driver/src/stm32f10x_exti.c.obj
 .comment       0x00000044       0x45 CMakeFiles/stm32F103C8T6Project.elf.dir/Libraries/STM32F10x_StdPeriph_Driver/src/stm32f10x_gpio.c.obj
 .comment       0x00000044       0x45 CMakeFiles/stm32F103C8T6Project.elf.dir/Libraries/STM32F10x_StdPeriph_Driver/src/stm32f10x_rcc.c.obj
 .comment       0x00000044       0x45 CMakeFiles/stm32F103C8T6Project.elf.dir/Libraries/STM32F10x_StdPeriph_Driver/src/stm32f10x_tim.c.obj
 .comment       0x00000044       0x45 CMakeFiles/stm32F103C8T6Project.elf.dir/User/main.c.obj
 .comment       0x00000044       0x45 CMakeFiles/stm32F103C8T6Project.elf.dir/User/stm32f10x_it.c.obj
 .comment       0x00000044       0x45 CMakeFiles/stm32F103C8T6Project.elf.dir/components/IC/IC.c.obj
 .comment       0x00000044       0x45 CMakeFiles/stm32F103C8T6Project.elf.dir/components/PWM/PWM.c.obj
 .comment       0x00000044       0x45 CMakeFiles/stm32F103C8T6Project.elf.dir/components/countSensor/countSensor.c.obj
 .comment       0x00000044       0x45 CMakeFiles/stm32F103C8T6Project.elf.dir/components/oled/OLED.c.obj

.debug_frame    0x00000000     0x107c
 .debug_frame   0x00000000       0x6c CMakeFiles/stm32F103C8T6Project.elf.dir/Libraries/CMSIS/system_stm32f10x.c.obj
 .debug_frame   0x0000006c       0xa0 CMakeFiles/stm32F103C8T6Project.elf.dir/Libraries/STM32F10x_StdPeriph_Driver/src/stm32f10x_exti.c.obj
 .debug_frame   0x0000010c      0x168 CMakeFiles/stm32F103C8T6Project.elf.dir/Libraries/STM32F10x_StdPeriph_Driver/src/stm32f10x_gpio.c.obj
 .debug_frame   0x00000274      0x228 CMakeFiles/stm32F103C8T6Project.elf.dir/Libraries/STM32F10x_StdPeriph_Driver/src/stm32f10x_rcc.c.obj
 .debug_frame   0x0000049c      0x664 CMakeFiles/stm32F103C8T6Project.elf.dir/Libraries/STM32F10x_StdPeriph_Driver/src/stm32f10x_tim.c.obj
 .debug_frame   0x00000b00       0x28 CMakeFiles/stm32F103C8T6Project.elf.dir/User/main.c.obj
 .debug_frame   0x00000b28       0xa0 CMakeFiles/stm32F103C8T6Project.elf.dir/User/stm32f10x_it.c.obj
 .debug_frame   0x00000bc8       0x64 CMakeFiles/stm32F103C8T6Project.elf.dir/components/IC/IC.c.obj
 .debug_frame   0x00000c2c       0x60 CMakeFiles/stm32F103C8T6Project.elf.dir/components/PWM/PWM.c.obj
 .debug_frame   0x00000c8c       0x58 CMakeFiles/stm32F103C8T6Project.elf.dir/components/countSensor/countSensor.c.obj
 .debug_frame   0x00000ce4      0x1d8 CMakeFiles/stm32F103C8T6Project.elf.dir/components/oled/OLED.c.obj
 .debug_frame   0x00000ebc       0x2c /Applications/ArmGNUToolchain/13.2.Rel1/arm-none-eabi/bin/../lib/gcc/arm-none-eabi/13.2.1/../../../../arm-none-eabi/lib/thumb/v7-m/nofp/libg.a(libc_a-init.o)
 .debug_frame   0x00000ee8       0xb0 /Applications/ArmGNUToolchain/13.2.Rel1/arm-none-eabi/bin/../lib/gcc/arm-none-eabi/13.2.1/../../../../arm-none-eabi/lib/thumb/v7-m/nofp/libg.a(libc_a-lock.o)
 .debug_frame   0x00000f98       0x5c /Applications/ArmGNUToolchain/13.2.Rel1/arm-none-eabi/bin/../lib/gcc/arm-none-eabi/13.2.1/../../../../arm-none-eabi/lib/thumb/v7-m/nofp/libg.a(libc_a-__call_atexit.o)
 .debug_frame   0x00000ff4       0x20 /Applications/ArmGNUToolchain/13.2.Rel1/arm-none-eabi/bin/../lib/gcc/arm-none-eabi/13.2.1/../../../../arm-none-eabi/lib/thumb/v7-m/nofp/libg.a(libc_a-atexit.o)
 .debug_frame   0x00001014       0x34 /Applications/ArmGNUToolchain/13.2.Rel1/arm-none-eabi/bin/../lib/gcc/arm-none-eabi/13.2.1/../../../../arm-none-eabi/lib/thumb/v7-m/nofp/libg.a(libc_a-fini.o)
 .debug_frame   0x00001048       0x34 /Applications/ArmGNUToolchain/13.2.Rel1/arm-none-eabi/bin/../lib/gcc/arm-none-eabi/13.2.1/../../../../arm-none-eabi/lib/thumb/v7-m/nofp/libg.a(libc_a-__atexit.o)

.debug_line_str
                0x00000000       0x7e
 .debug_line_str
                0x00000000       0x7e CMakeFiles/stm32F103C8T6Project.elf.dir/startup/startup_stm32f103c8tx.s.obj
