Archive member included to satisfy reference by file (symbol)

/Applications/ArmGNUToolchain/13.2.Rel1/arm-none-eabi/bin/../lib/gcc/arm-none-eabi/13.2.1/../../../../arm-none-eabi/lib/thumb/v7-m/nofp/libg.a(libc_a-exit.o)
                              /Applications/ArmGNUToolchain/13.2.Rel1/arm-none-eabi/bin/../lib/gcc/arm-none-eabi/13.2.1/../../../../arm-none-eabi/lib/thumb/v7-m/nofp/crt0.o (exit)
/Applications/ArmGNUToolchain/13.2.Rel1/arm-none-eabi/bin/../lib/gcc/arm-none-eabi/13.2.1/../../../../arm-none-eabi/lib/thumb/v7-m/nofp/libg.a(libc_a-findfp.o)
                              /Applications/ArmGNUToolchain/13.2.Rel1/arm-none-eabi/bin/../lib/gcc/arm-none-eabi/13.2.1/../../../../arm-none-eabi/lib/thumb/v7-m/nofp/libg.a(libc_a-exit.o) (__stdio_exit_handler)
/Applications/ArmGNUToolchain/13.2.Rel1/arm-none-eabi/bin/../lib/gcc/arm-none-eabi/13.2.1/../../../../arm-none-eabi/lib/thumb/v7-m/nofp/libg.a(libc_a-fwalk.o)
                              /Applications/ArmGNUToolchain/13.2.Rel1/arm-none-eabi/bin/../lib/gcc/arm-none-eabi/13.2.1/../../../../arm-none-eabi/lib/thumb/v7-m/nofp/libg.a(libc_a-findfp.o) (_fwalk_sglue)
/Applications/ArmGNUToolchain/13.2.Rel1/arm-none-eabi/bin/../lib/gcc/arm-none-eabi/13.2.1/../../../../arm-none-eabi/lib/thumb/v7-m/nofp/libg.a(libc_a-memset.o)
                              /Applications/ArmGNUToolchain/13.2.Rel1/arm-none-eabi/bin/../lib/gcc/arm-none-eabi/13.2.1/../../../../arm-none-eabi/lib/thumb/v7-m/nofp/crt0.o (memset)
/Applications/ArmGNUToolchain/13.2.Rel1/arm-none-eabi/bin/../lib/gcc/arm-none-eabi/13.2.1/../../../../arm-none-eabi/lib/thumb/v7-m/nofp/libg.a(libc_a-impure.o)
                              /Applications/ArmGNUToolchain/13.2.Rel1/arm-none-eabi/bin/../lib/gcc/arm-none-eabi/13.2.1/../../../../arm-none-eabi/lib/thumb/v7-m/nofp/libg.a(libc_a-findfp.o) (_impure_data)
/Applications/ArmGNUToolchain/13.2.Rel1/arm-none-eabi/bin/../lib/gcc/arm-none-eabi/13.2.1/../../../../arm-none-eabi/lib/thumb/v7-m/nofp/libg.a(libc_a-errno.o)
                              CMakeFiles/stm32F103C8T6Test.elf.dir/Core/Src/syscalls.c.obj (__errno)
/Applications/ArmGNUToolchain/13.2.Rel1/arm-none-eabi/bin/../lib/gcc/arm-none-eabi/13.2.1/../../../../arm-none-eabi/lib/thumb/v7-m/nofp/libg.a(libc_a-init.o)
                              /Applications/ArmGNUToolchain/13.2.Rel1/arm-none-eabi/bin/../lib/gcc/arm-none-eabi/13.2.1/../../../../arm-none-eabi/lib/thumb/v7-m/nofp/crt0.o (__libc_init_array)
/Applications/ArmGNUToolchain/13.2.Rel1/arm-none-eabi/bin/../lib/gcc/arm-none-eabi/13.2.1/../../../../arm-none-eabi/lib/thumb/v7-m/nofp/libg.a(libc_a-lock.o)
                              /Applications/ArmGNUToolchain/13.2.Rel1/arm-none-eabi/bin/../lib/gcc/arm-none-eabi/13.2.1/../../../../arm-none-eabi/lib/thumb/v7-m/nofp/libg.a(libc_a-findfp.o) (__retarget_lock_init_recursive)
/Applications/ArmGNUToolchain/13.2.Rel1/arm-none-eabi/bin/../lib/gcc/arm-none-eabi/13.2.1/../../../../arm-none-eabi/lib/thumb/v7-m/nofp/libg.a(libc_a-__call_atexit.o)
                              /Applications/ArmGNUToolchain/13.2.Rel1/arm-none-eabi/bin/../lib/gcc/arm-none-eabi/13.2.1/../../../../arm-none-eabi/lib/thumb/v7-m/nofp/libg.a(libc_a-exit.o) (__call_exitprocs)
/Applications/ArmGNUToolchain/13.2.Rel1/arm-none-eabi/bin/../lib/gcc/arm-none-eabi/13.2.1/../../../../arm-none-eabi/lib/thumb/v7-m/nofp/libg.a(libc_a-atexit.o)
                              /Applications/ArmGNUToolchain/13.2.Rel1/arm-none-eabi/bin/../lib/gcc/arm-none-eabi/13.2.1/../../../../arm-none-eabi/lib/thumb/v7-m/nofp/libg.a(libc_a-__call_atexit.o) (atexit)
/Applications/ArmGNUToolchain/13.2.Rel1/arm-none-eabi/bin/../lib/gcc/arm-none-eabi/13.2.1/../../../../arm-none-eabi/lib/thumb/v7-m/nofp/libg.a(libc_a-mallocr.o)
                              /Applications/ArmGNUToolchain/13.2.Rel1/arm-none-eabi/bin/../lib/gcc/arm-none-eabi/13.2.1/../../../../arm-none-eabi/lib/thumb/v7-m/nofp/libg.a(libc_a-findfp.o) (_malloc_r)
/Applications/ArmGNUToolchain/13.2.Rel1/arm-none-eabi/bin/../lib/gcc/arm-none-eabi/13.2.1/../../../../arm-none-eabi/lib/thumb/v7-m/nofp/libg.a(libc_a-mlock.o)
                              /Applications/ArmGNUToolchain/13.2.Rel1/arm-none-eabi/bin/../lib/gcc/arm-none-eabi/13.2.1/../../../../arm-none-eabi/lib/thumb/v7-m/nofp/libg.a(libc_a-mallocr.o) (__malloc_lock)
/Applications/ArmGNUToolchain/13.2.Rel1/arm-none-eabi/bin/../lib/gcc/arm-none-eabi/13.2.1/../../../../arm-none-eabi/lib/thumb/v7-m/nofp/libg.a(libc_a-fclose.o)
                              /Applications/ArmGNUToolchain/13.2.Rel1/arm-none-eabi/bin/../lib/gcc/arm-none-eabi/13.2.1/../../../../arm-none-eabi/lib/thumb/v7-m/nofp/libg.a(libc_a-findfp.o) (_fclose_r)
/Applications/ArmGNUToolchain/13.2.Rel1/arm-none-eabi/bin/../lib/gcc/arm-none-eabi/13.2.1/../../../../arm-none-eabi/lib/thumb/v7-m/nofp/libg.a(libc_a-fflush.o)
[...]
Memory Configuration

Name             Origin             Length             Attributes
RAM              0x20000000         0x00005000         xrw
FLASH            0x08000000         0x00010000         xr
*default*        0x00000000         0xffffffff

Linker script and memory map

LOAD /Applications/ArmGNUToolchain/13.2.Rel1/arm-none-eabi/bin/../lib/gcc/arm-none-eabi/13.2.1/thumb/v7-m/nofp/crti.o
LOAD /Applications/ArmGNUToolchain/13.2.Rel1/arm-none-eabi/bin/../lib/gcc/arm-none-eabi/13.2.1/thumb/v7-m/nofp/crtbegin.o
LOAD /Applications/ArmGNUToolchain/13.2.Rel1/arm-none-eabi/bin/../lib/gcc/arm-none-eabi/13.2.1/../../../../arm-none-eabi/lib/thumb/v7-m/nofp/crt0.o
LOAD CMakeFiles/stm32F103C8T6Test.elf.dir/Core/Src/main.c.obj
LOAD CMakeFiles/stm32F103C8T6Test.elf.dir/Core/Src/stm32f1xx_hal_msp.c.obj
LOAD CMakeFiles/stm32F103C8T6Test.elf.dir/Core/Src/stm32f1xx_it.c.obj
LOAD CMakeFiles/stm32F103C8T6Test.elf.dir/Core/Src/syscalls.c.obj
LOAD CMakeFiles/stm32F103C8T6Test.elf.dir/Core/Src/sysmem.c.obj
LOAD CMakeFiles/stm32F103C8T6Test.elf.dir/Core/Src/system_stm32f1xx.c.obj
LOAD CMakeFiles/stm32F103C8T6Test.elf.dir/Core/Startup/startup_stm32f103c8tx.s.obj
LOAD CMakeFiles/stm32F103C8T6Test.elf.dir/Drivers/STM32F1xx_HAL_Driver/Src/stm32f1xx_hal.c.obj
LOAD CMakeFiles/stm32F103C8T6Test.elf.dir/Drivers/STM32F1xx_HAL_Driver/Src/stm32f1xx_hal_cortex.c.obj
LOAD CMakeFiles/stm32F103C8T6Test.elf.dir/Drivers/STM32F1xx_HAL_Driver/Src/stm32f1xx_hal_dma.c.obj
LOAD CMakeFiles/stm32F103C8T6Test.elf.dir/Drivers/STM32F1xx_HAL_Driver/Src/stm32f1xx_hal_exti.c.obj
LOAD CMakeFiles/stm32F103C8T6Test.elf.dir/Drivers/STM32F1xx_HAL_Driver/Src/stm32f1xx_hal_flash.c.obj
LOAD CMakeFiles/stm32F103C8T6Test.elf.dir/Drivers/STM32F1xx_HAL_Driver/Src/stm32f1xx_hal_flash_ex.c.obj
LOAD CMakeFiles/stm32F103C8T6Test.elf.dir/Drivers/STM32F1xx_HAL_Driver/Src/stm32f1xx_hal_gpio.c.obj
LOAD CMakeFiles/stm32F103C8T6Test.elf.dir/Drivers/STM32F1xx_HAL_Driver/Src/stm32f1xx_hal_gpio_ex.c.obj
LOAD CMakeFiles/stm32F103C8T6Test.elf.dir/Drivers/STM32F1xx_HAL_Driver/Src/stm32f1xx_hal_pwr.c.obj
LOAD CMakeFiles/stm32F103C8T6Test.elf.dir/Drivers/STM32F1xx_HAL_Driver/Src/stm32f1xx_hal_rcc.c.obj
LOAD CMakeFiles/stm32F103C8T6Test.elf.dir/Drivers/STM32F1xx_HAL_Driver/Src/stm32f1xx_hal_rcc_ex.c.obj
LOAD CMakeFiles/stm32F103C8T6Test.elf.dir/Drivers/STM32F1xx_HAL_Driver/Src/stm32f1xx_hal_tim.c.obj
LOAD CMakeFiles/stm32F103C8T6Test.elf.dir/Drivers/STM32F1xx_HAL_Driver/Src/stm32f1xx_hal_tim_ex.c.obj
LOAD CMakeFiles/stm32F103C8T6Test.elf.dir/Drivers/STM32F1xx_HAL_Driver/Src/stm32f1xx_hal_usart.c.obj
START GROUP
LOAD /Applications/ArmGNUToolchain/13.2.Rel1/arm-none-eabi/bin/../lib/gcc/arm-none-eabi/13.2.1/thumb/v7-m/nofp/libgcc.a
LOAD /Applications/ArmGNUToolchain/13.2.Rel1/arm-none-eabi/bin/../lib/gcc/arm-none-eabi/13.2.1/../../../../arm-none-eabi/lib/thumb/v7-m/nofp/libg.a
LOAD /Applications/ArmGNUToolchain/13.2.Rel1/arm-none-eabi/bin/../lib/gcc/arm-none-eabi/13.2.1/../../../../arm-none-eabi/lib/thumb/v7-m/nofp/libc.a
END GROUP
LOAD /Applications/ArmGNUToolchain/13.2.Rel1/arm-none-eabi/bin/../lib/gcc/arm-none-eabi/13.2.1/thumb/v7-m/nofp/crtend.o
LOAD /Applications/ArmGNUToolchain/13.2.Rel1/arm-none-eabi/bin/../lib/gcc/arm-none-eabi/13.2.1/thumb/v7-m/nofp/crtn.o
                0x20005000                        _estack = (ORIGIN (RAM) + LENGTH (RAM))
                0x00000200                        _Min_Heap_Size = 0x200
                0x00000400                        _Min_Stack_Size = 0x400

.isr_vector     0x08000000      0x10c
                0x08000000                        . = ALIGN (0x4)
 *(.isr_vector)
 .isr_vector    0x08000000      0x10c CMakeFiles/stm32F103C8T6Test.elf.dir/Core/Startup/startup_stm32f103c8tx.s.obj
                0x08000000                g_pfnVectors
                0x0800010c                        . = ALIGN (0x4)

.text           0x0800010c     0x1054
                0x0800010c                        . = ALIGN (0x4)
 *(.text)
 *(.text*)
 .text.deregister_tm_clones
                0x0800010c       0x1c /Applications/ArmGNUToolchain/13.2.Rel1/arm-none-eabi/bin/../lib/gcc/arm-none-eabi/13.2.1/thumb/v7-m/nofp/crtbegin.o
 .text.register_tm_clones
                0x08000128       0x24 /Applications/ArmGNUToolchain/13.2.Rel1/arm-none-eabi/bin/../lib/gcc/arm-none-eabi/13.2.1/thumb/v7-m/nofp/crtbegin.o
 .text.__do_global_dtors_aux
                0x0800014c       0x28 /Applications/ArmGNUToolchain/13.2.Rel1/arm-none-eabi/bin/../lib/gcc/arm-none-eabi/13.2.1/thumb/v7-m/nofp/crtbegin.o
 .text.frame_dummy
                0x08000174       0x24 /Applications/ArmGNUToolchain/13.2.Rel1/arm-none-eabi/bin/../lib/gcc/arm-none-eabi/13.2.1/thumb/v7-m/nofp/crtbegin.o
 .text.MX_GPIO_Init
                0x08000198       0xb8 CMakeFiles/stm32F103C8T6Test.elf.dir/Core/Src/main.c.obj
 .text.Error_Handler
                0x08000250        0x4 CMakeFiles/stm32F103C8T6Test.elf.dir/Core/Src/main.c.obj
                0x08000250                Error_Handler
 .text.MX_USART3_Init
                0x08000254       0x34 CMakeFiles/stm32F103C8T6Test.elf.dir/Core/Src/main.c.obj
 .text.SystemClock_Config
                0x08000288       0x64 CMakeFiles/stm32F103C8T6Test.elf.dir/Core/Src/main.c.obj
                0x08000288                SystemClock_Config
 .text.main     0x080002ec       0x44 CMakeFiles/stm32F103C8T6Test.elf.dir/Core/Src/main.c.obj
                0x080002ec                main
 .text.HAL_MspInit
                0x08000330       0x44 CMakeFiles/stm32F103C8T6Test.elf.dir/Core/Src/stm32f1xx_hal_msp.c.obj
                0x08000330                HAL_MspInit
 .text.HAL_USART_MspInit
                0x08000374       0x78 CMakeFiles/stm32F103C8T6Test.elf.dir/Core/Src/stm32f1xx_hal_msp.c.obj
                0x08000374                HAL_USART_MspInit
 .text.NMI_Handler
                0x080003ec        0x2 CMakeFiles/stm32F103C8T6Test.elf.dir/Core/Src/stm32f1xx_it.c.obj
                0x080003ec                NMI_Handler
 .text.HardFault_Handler
                0x080003ee        0x2 CMakeFiles/stm32F103C8T6Test.elf.dir/Core/Src/stm32f1xx_it.c.obj
                0x080003ee                HardFault_Handler
 .text.MemManage_Handler
                0x080003f0        0x2 CMakeFiles/stm32F103C8T6Test.elf.dir/Core/Src/stm32f1xx_it.c.obj
                0x080003f0                MemManage_Handler
 .text.BusFault_Handler
                0x080003f2        0x2 CMakeFiles/stm32F103C8T6Test.elf.dir/Core/Src/stm32f1xx_it.c.obj
                0x080003f2                BusFault_Handler
 .text.UsageFault_Handler
                0x080003f4        0x2 CMakeFiles/stm32F103C8T6Test.elf.dir/Core/Src/stm32f1xx_it.c.obj
                0x080003f4                UsageFault_Handler
 .text.SVC_Handler
                0x080003f6        0x2 CMakeFiles/stm32F103C8T6Test.elf.dir/Core/Src/stm32f1xx_it.c.obj
                0x080003f6                SVC_Handler
 .text.DebugMon_Handler
                0x080003f8        0x2 CMakeFiles/stm32F103C8T6Test.elf.dir/Core/Src/stm32f1xx_it.c.obj
                0x080003f8                DebugMon_Handler
 .text.PendSV_Handler
                0x080003fa        0x2 CMakeFiles/stm32F103C8T6Test.elf.dir/Core/Src/stm32f1xx_it.c.obj
                0x080003fa                PendSV_Handler
 .text.SysTick_Handler
                0x080003fc        0x8 CMakeFiles/stm32F103C8T6Test.elf.dir/Core/Src/stm32f1xx_it.c.obj
                0x080003fc                SysTick_Handler
 .text.SystemInit
                0x08000404        0x2 CMakeFiles/stm32F103C8T6Test.elf.dir/Core/Src/system_stm32f1xx.c.obj
                0x08000404                SystemInit
 *fill*         0x08000406        0x2 
 .text.Reset_Handler
                0x08000408       0x48 CMakeFiles/stm32F103C8T6Test.elf.dir/Core/Startup/startup_stm32f103c8tx.s.obj
                0x08000408                Reset_Handler
 .text.Default_Handler
                0x08000450        0x2 CMakeFiles/stm32F103C8T6Test.elf.dir/Core/Startup/startup_stm32f103c8tx.s.obj
                0x08000450                USBWakeUp_IRQHandler
                0x08000450                EXTI2_IRQHandler
                0x08000450                TIM1_CC_IRQHandler
                0x08000450                PVD_IRQHandler
                0x08000450                EXTI3_IRQHandler
                0x08000450                EXTI0_IRQHandler
                0x08000450                I2C2_EV_IRQHandler
                0x08000450                ADC1_2_IRQHandler
                0x08000450                SPI1_IRQHandler
                0x08000450                TAMPER_IRQHandler
                0x08000450                DMA1_Channel4_IRQHandler
                0x08000450                USART3_IRQHandler
                0x08000450                RTC_IRQHandler
                0x08000450                DMA1_Channel7_IRQHandler
                0x08000450                CAN1_RX1_IRQHandler
                0x08000450                TIM4_IRQHandler
                0x08000450                I2C1_EV_IRQHandler
                0x08000450                DMA1_Channel6_IRQHandler
                0x08000450                TIM3_IRQHandler
                0x08000450                RCC_IRQHandler
                0x08000450                TIM1_TRG_COM_IRQHandler
                0x08000450                DMA1_Channel1_IRQHandler
                0x08000450                Default_Handler
                0x08000450                EXTI15_10_IRQHandler
                0x08000450                EXTI9_5_IRQHandler
                0x08000450                SPI2_IRQHandler
                0x08000450                DMA1_Channel5_IRQHandler
                0x08000450                EXTI4_IRQHandler
                0x08000450                USB_LP_CAN1_RX0_IRQHandler
                0x08000450                USB_HP_CAN1_TX_IRQHandler
                0x08000450                DMA1_Channel3_IRQHandler
                0x08000450                TIM1_UP_IRQHandler
                0x08000450                WWDG_IRQHandler
                0x08000450                TIM2_IRQHandler
                0x08000450                TIM1_BRK_IRQHandler
                0x08000450                EXTI1_IRQHandler
                0x08000450                USART2_IRQHandler
                0x08000450                I2C2_ER_IRQHandler
                0x08000450                DMA1_Channel2_IRQHandler
                0x08000450                CAN1_SCE_IRQHandler
                0x08000450                FLASH_IRQHandler
                0x08000450                USART1_IRQHandler
                0x08000450                I2C1_ER_IRQHandler
                0x08000450                RTC_Alarm_IRQHandler
 *fill*         0x08000452        0x2 
 .text.HAL_InitTick
                0x08000454       0x4c CMakeFiles/stm32F103C8T6Test.elf.dir/Drivers/STM32F1xx_HAL_Driver/Src/stm32f1xx_hal.c.obj
                0x08000454                HAL_InitTick
 .text.HAL_Init
                0x080004a0       0x24 CMakeFiles/stm32F103C8T6Test.elf.dir/Drivers/STM32F1xx_HAL_Driver/Src/stm32f1xx_hal.c.obj
                0x080004a0                HAL_Init
 .text.HAL_IncTick
                0x080004c4       0x18 CMakeFiles/stm32F103C8T6Test.elf.dir/Drivers/STM32F1xx_HAL_Driver/Src/stm32f1xx_hal.c.obj
                0x080004c4                HAL_IncTick
 .text.HAL_GetTick
                0x080004dc        0xc CMakeFiles/stm32F103C8T6Test.elf.dir/Drivers/STM32F1xx_HAL_Driver/Src/stm32f1xx_hal.c.obj
                0x080004dc                HAL_GetTick
 .text.HAL_Delay
                0x080004e8       0x28 CMakeFiles/stm32F103C8T6Test.elf.dir/Drivers/STM32F1xx_HAL_Driver/Src/stm32f1xx_hal.c.obj
                0x080004e8                HAL_Delay
 .text.__NVIC_SetPriority
                0x08000510       0x28 CMakeFiles/stm32F103C8T6Test.elf.dir/Drivers/STM32F1xx_HAL_Driver/Src/stm32f1xx_hal_cortex.c.obj
 .text.NVIC_EncodePriority
                0x08000538       0x3e CMakeFiles/stm32F103C8T6Test.elf.dir/Drivers/STM32F1xx_HAL_Driver/Src/stm32f1xx_hal_cortex.c.obj
 *fill*         0x08000576        0x2 
 .text.HAL_NVIC_SetPriorityGrouping
                0x08000578       0x24 CMakeFiles/stm32F103C8T6Test.elf.dir/Drivers/STM32F1xx_HAL_Driver/Src/stm32f1xx_hal_cortex.c.obj
                0x08000578                HAL_NVIC_SetPriorityGrouping
 .text.HAL_NVIC_SetPriority
                0x0800059c       0x20 CMakeFiles/stm32F103C8T6Test.elf.dir/Drivers/STM32F1xx_HAL_Driver/Src/stm32f1xx_hal_cortex.c.obj
                0x0800059c                HAL_NVIC_SetPriority
 .text.HAL_SYSTICK_Config
                0x080005bc       0x28 CMakeFiles/stm32F103C8T6Test.elf.dir/Drivers/STM32F1xx_HAL_Driver/Src/stm32f1xx_hal_cortex.c.obj
                0x080005bc                HAL_SYSTICK_Config
 .text.HAL_GPIO_Init
                0x080005e4      0x21c CMakeFiles/stm32F103C8T6Test.elf.dir/Drivers/STM32F1xx_HAL_Driver/Src/stm32f1xx_hal_gpio.c.obj
                0x080005e4                HAL_GPIO_Init
 .text.HAL_GPIO_WritePin
                0x08000800        0xc CMakeFiles/stm32F103C8T6Test.elf.dir/Drivers/STM32F1xx_HAL_Driver/Src/stm32f1xx_hal_gpio.c.obj
                0x08000800                HAL_GPIO_WritePin
 .text.RCC_Delay
                0x0800080c       0x2c CMakeFiles/stm32F103C8T6Test.elf.dir/Drivers/STM32F1xx_HAL_Driver/Src/stm32f1xx_hal_rcc.c.obj
 .text.HAL_RCC_OscConfig
                0x08000838      0x410 CMakeFiles/stm32F103C8T6Test.elf.dir/Drivers/STM32F1xx_HAL_Driver/Src/stm32f1xx_hal_rcc.c.obj
                0x08000838                HAL_RCC_OscConfig
 .text.HAL_RCC_GetSysClockFreq
                0x08000c48       0x54 CMakeFiles/stm32F103C8T6Test.elf.dir/Drivers/STM32F1xx_HAL_Driver/Src/stm32f1xx_hal_rcc.c.obj
                0x08000c48                HAL_RCC_GetSysClockFreq
 .text.HAL_RCC_ClockConfig
                0x08000c9c      0x16c CMakeFiles/stm32F103C8T6Test.elf.dir/Drivers/STM32F1xx_HAL_Driver/Src/stm32f1xx_hal_rcc.c.obj
                0x08000c9c                HAL_RCC_ClockConfig
 .text.HAL_RCC_GetHCLKFreq
                0x08000e08        0xc CMakeFiles/stm32F103C8T6Test.elf.dir/Drivers/STM32F1xx_HAL_Driver/Src/stm32f1xx_hal_rcc.c.obj
                0x08000e08                HAL_RCC_GetHCLKFreq
 .text.HAL_RCC_GetPCLK1Freq
                0x08000e14       0x20 CMakeFiles/stm32F103C8T6Test.elf.dir/Drivers/STM32F1xx_HAL_Driver/Src/stm32f1xx_hal_rcc.c.obj
                0x08000e14                HAL_RCC_GetPCLK1Freq
 .text.HAL_RCC_GetPCLK2Freq
                0x08000e34       0x20 CMakeFiles/stm32F103C8T6Test.elf.dir/Drivers/STM32F1xx_HAL_Driver/Src/stm32f1xx_hal_rcc.c.obj
                0x08000e34                HAL_RCC_GetPCLK2Freq
 .text.USART_SetConfig
                0x08000e54       0xe4 CMakeFiles/stm32F103C8T6Test.elf.dir/Drivers/STM32F1xx_HAL_Driver/Src/stm32f1xx_hal_usart.c.obj
 .text.HAL_USART_Init
                0x08000f38       0x50 CMakeFiles/stm32F103C8T6Test.elf.dir/Drivers/STM32F1xx_HAL_Driver/Src/stm32f1xx_hal_usart.c.obj
                0x08000f38                HAL_USART_Init
 .text.memset   0x08000f88       0xa0 /Applications/ArmGNUToolchain/13.2.Rel1/arm-none-eabi/bin/../lib/gcc/arm-none-eabi/13.2.1/../../../../arm-none-eabi/lib/thumb/v7-m/nofp/libg.a(libc_a-memset.o)
                0x08000f88                memset
 .text.__libc_init_array
                0x08001028       0x50 /Applications/ArmGNUToolchain/13.2.Rel1/arm-none-eabi/bin/../lib/gcc/arm-none-eabi/13.2.1/../../../../arm-none-eabi/lib/thumb/v7-m/nofp/libg.a(libc_a-init.o)
                0x08001028                __libc_init_array
 .text.__retarget_lock_acquire_recursive
                0x08001078        0x4 /Applications/ArmGNUToolchain/13.2.Rel1/arm-none-eabi/bin/../lib/gcc/arm-none-eabi/13.2.1/../../../../arm-none-eabi/lib/thumb/v7-m/nofp/libg.a(libc_a-lock.o)
                0x08001078                __retarget_lock_acquire_recursive
 .text.__retarget_lock_release_recursive
                0x0800107c        0x4 /Applications/ArmGNUToolchain/13.2.Rel1/arm-none-eabi/bin/../lib/gcc/arm-none-eabi/13.2.1/../../../../arm-none-eabi/lib/thumb/v7-m/nofp/libg.a(libc_a-lock.o)
                0x0800107c                __retarget_lock_release_recursive
 .text.startup.register_fini
                0x08001080       0x14 /Applications/ArmGNUToolchain/13.2.Rel1/arm-none-eabi/bin/../lib/gcc/arm-none-eabi/13.2.1/../../../../arm-none-eabi/lib/thumb/v7-m/nofp/libg.a(libc_a-__call_atexit.o)
 .text.atexit   0x08001094        0xc /Applications/ArmGNUToolchain/13.2.Rel1/arm-none-eabi/bin/../lib/gcc/arm-none-eabi/13.2.1/../../../../arm-none-eabi/lib/thumb/v7-m/nofp/libg.a(libc_a-atexit.o)
                0x08001094                atexit
 .text.__libc_fini_array
                0x080010a0       0x28 /Applications/ArmGNUToolchain/13.2.Rel1/arm-none-eabi/bin/../lib/gcc/arm-none-eabi/13.2.1/../../../../arm-none-eabi/lib/thumb/v7-m/nofp/libg.a(libc_a-fini.o)
                0x080010a0                __libc_fini_array
 .text.__register_exitproc
                0x080010c8       0x80 /Applications/ArmGNUToolchain/13.2.Rel1/arm-none-eabi/bin/../lib/gcc/arm-none-eabi/13.2.1/../../../../arm-none-eabi/lib/thumb/v7-m/nofp/libg.a(libc_a-__atexit.o)
                0x080010c8                __register_exitproc
 *(.glue_7)
 .glue_7        0x08001148        0x0 linker stubs
 *(.glue_7t)
 .glue_7t       0x08001148        0x0 linker stubs
 *(.eh_frame)
 .eh_frame      0x08001148        0x0 /Applications/ArmGNUToolchain/13.2.Rel1/arm-none-eabi/bin/../lib/gcc/arm-none-eabi/13.2.1/thumb/v7-m/nofp/crtbegin.o
 *(.init)
 .init          0x08001148        0x4 /Applications/ArmGNUToolchain/13.2.Rel1/arm-none-eabi/bin/../lib/gcc/arm-none-eabi/13.2.1/thumb/v7-m/nofp/crti.o
                0x08001148                _init
 .init          0x0800114c        0x8 /Applications/ArmGNUToolchain/13.2.Rel1/arm-none-eabi/bin/../lib/gcc/arm-none-eabi/13.2.1/thumb/v7-m/nofp/crtn.o
 *(.fini)
 .fini          0x08001154        0x4 /Applications/ArmGNUToolchain/13.2.Rel1/arm-none-eabi/bin/../lib/gcc/arm-none-eabi/13.2.1/thumb/v7-m/nofp/crti.o
                0x08001154                _fini
 .fini          0x08001158        0x8 /Applications/ArmGNUToolchain/13.2.Rel1/arm-none-eabi/bin/../lib/gcc/arm-none-eabi/13.2.1/thumb/v7-m/nofp/crtn.o
                0x08001160                        . = ALIGN (0x4)
                0x08001160                        _etext = .

.vfp11_veneer   0x08001160        0x0
 .vfp11_veneer  0x08001160        0x0 linker stubs

.v4_bx          0x08001160        0x0
 .v4_bx         0x08001160        0x0 linker stubs

.iplt           0x08001160        0x0
 .iplt          0x08001160        0x0 /Applications/ArmGNUToolchain/13.2.Rel1/arm-none-eabi/bin/../lib/gcc/arm-none-eabi/13.2.1/thumb/v7-m/nofp/crtbegin.o

.rodata         0x08001160       0x2c
                0x08001160                        . = ALIGN (0x4)
 *(.rodata)
 *(.rodata*)
 .rodata.APBPrescTable
                0x08001160        0x8 CMakeFiles/stm32F103C8T6Test.elf.dir/Core/Src/system_stm32f1xx.c.obj
                0x08001160                APBPrescTable
 .rodata.AHBPrescTable
                0x08001168       0x10 CMakeFiles/stm32F103C8T6Test.elf.dir/Core/Src/system_stm32f1xx.c.obj
                0x08001168                AHBPrescTable
 .rodata.aPredivFactorTable.0
                0x08001178        0x2 CMakeFiles/stm32F103C8T6Test.elf.dir/Drivers/STM32F1xx_HAL_Driver/Src/stm32f1xx_hal_rcc.c.obj
 *fill*         0x0800117a        0x2 
 .rodata.aPLLMULFactorTable.1
                0x0800117c       0x10 CMakeFiles/stm32F103C8T6Test.elf.dir/Drivers/STM32F1xx_HAL_Driver/Src/stm32f1xx_hal_rcc.c.obj
                0x0800118c                        . = ALIGN (0x4)

.rel.dyn        0x0800118c        0x0
 .rel.iplt      0x0800118c        0x0 /Applications/ArmGNUToolchain/13.2.Rel1/arm-none-eabi/bin/../lib/gcc/arm-none-eabi/13.2.1/thumb/v7-m/nofp/crtbegin.o

.ARM.extab      0x0800118c        0x0
                0x0800118c                        . = ALIGN (0x4)
 *(.ARM.extab* .gnu.linkonce.armextab.*)
                0x0800118c                        . = ALIGN (0x4)

.ARM            0x0800118c        0x0
                0x0800118c                        . = ALIGN (0x4)
                0x0800118c                        __exidx_start = .
 *(.ARM.exidx*)
                0x0800118c                        __exidx_end = .
                0x0800118c                        . = ALIGN (0x4)

.preinit_array  0x0800118c        0x0
                0x0800118c                        . = ALIGN (0x4)
                0x0800118c                        PROVIDE (__preinit_array_start = .)
 *(.preinit_array*)
                0x0800118c                        PROVIDE (__preinit_array_end = .)
                0x0800118c                        . = ALIGN (0x4)

.init_array     0x0800118c        0x8
                0x0800118c                        . = ALIGN (0x4)
                0x0800118c                        PROVIDE (__init_array_start = .)
 *(SORT_BY_NAME(.init_array.*))
 .init_array.00000
                0x0800118c        0x4 /Applications/ArmGNUToolchain/13.2.Rel1/arm-none-eabi/bin/../lib/gcc/arm-none-eabi/13.2.1/../../../../arm-none-eabi/lib/thumb/v7-m/nofp/libg.a(libc_a-__call_atexit.o)
 *(.init_array*)
 .init_array    0x08001190        0x4 /Applications/ArmGNUToolchain/13.2.Rel1/arm-none-eabi/bin/../lib/gcc/arm-none-eabi/13.2.1/thumb/v7-m/nofp/crtbegin.o
                0x08001194                        PROVIDE (__init_array_end = .)
                0x08001194                        . = ALIGN (0x4)

.fini_array     0x08001194        0x4
                0x08001194                        . = ALIGN (0x4)
                0x08001194                        PROVIDE (__fini_array_start = .)
 *(SORT_BY_NAME(.fini_array.*))
 *(.fini_array*)
 .fini_array    0x08001194        0x4 /Applications/ArmGNUToolchain/13.2.Rel1/arm-none-eabi/bin/../lib/gcc/arm-none-eabi/13.2.1/thumb/v7-m/nofp/crtbegin.o
                0x08001198                        PROVIDE (__fini_array_end = .)
                0x08001198                        . = ALIGN (0x4)
                0x08001198                        _sidata = LOADADDR (.data)

.data           0x20000000       0x10 load address 0x08001198
                0x20000000                        . = ALIGN (0x4)
                0x20000000                        _sdata = .
 *(.data)
 *(.data*)
 .data.SystemCoreClock
                0x20000000        0x4 CMakeFiles/stm32F103C8T6Test.elf.dir/Core/Src/system_stm32f1xx.c.obj
                0x20000000                SystemCoreClock
 .data.uwTickFreq
                0x20000004        0x1 CMakeFiles/stm32F103C8T6Test.elf.dir/Drivers/STM32F1xx_HAL_Driver/Src/stm32f1xx_hal.c.obj
                0x20000004                uwTickFreq
 *fill*         0x20000005        0x3 
 .data.uwTickPrio
                0x20000008        0x4 CMakeFiles/stm32F103C8T6Test.elf.dir/Drivers/STM32F1xx_HAL_Driver/Src/stm32f1xx_hal.c.obj
                0x20000008                uwTickPrio
 .data.__atexit_recursive_mutex
                0x2000000c        0x4 /Applications/ArmGNUToolchain/13.2.Rel1/arm-none-eabi/bin/../lib/gcc/arm-none-eabi/13.2.1/../../../../arm-none-eabi/lib/thumb/v7-m/nofp/libg.a(libc_a-__call_atexit.o)
                0x2000000c                __atexit_recursive_mutex
 *(.RamFunc)
 *(.RamFunc*)
                0x20000010                        . = ALIGN (0x4)
                0x20000010                        _edata = .

.tm_clone_table
                0x20000010        0x0 load address 0x080011a8
 .tm_clone_table
                0x20000010        0x0 /Applications/ArmGNUToolchain/13.2.Rel1/arm-none-eabi/bin/../lib/gcc/arm-none-eabi/13.2.1/thumb/v7-m/nofp/crtbegin.o
 .tm_clone_table
                0x20000010        0x0 /Applications/ArmGNUToolchain/13.2.Rel1/arm-none-eabi/bin/../lib/gcc/arm-none-eabi/13.2.1/thumb/v7-m/nofp/crtend.o

.igot.plt       0x20000010        0x0 load address 0x080011a8
 .igot.plt      0x20000010        0x0 /Applications/ArmGNUToolchain/13.2.Rel1/arm-none-eabi/bin/../lib/gcc/arm-none-eabi/13.2.1/thumb/v7-m/nofp/crtbegin.o
                0x20000010                        . = ALIGN (0x4)

.bss            0x20000010      0x1fc load address 0x080011a8
                0x20000010                        _sbss = .
                0x20000010                        __bss_start__ = _sbss
 *(.bss)
 *(.bss*)
 .bss.completed.1
                0x20000010        0x1 /Applications/ArmGNUToolchain/13.2.Rel1/arm-none-eabi/bin/../lib/gcc/arm-none-eabi/13.2.1/thumb/v7-m/nofp/crtbegin.o
 *fill*         0x20000011        0x3 
 .bss.object.0  0x20000014       0x18 /Applications/ArmGNUToolchain/13.2.Rel1/arm-none-eabi/bin/../lib/gcc/arm-none-eabi/13.2.1/thumb/v7-m/nofp/crtbegin.o
 .bss.husart3   0x2000002c       0x44 CMakeFiles/stm32F103C8T6Test.elf.dir/Core/Src/main.c.obj
                0x2000002c                husart3
 .bss.uwTick    0x20000070        0x4 CMakeFiles/stm32F103C8T6Test.elf.dir/Drivers/STM32F1xx_HAL_Driver/Src/stm32f1xx_hal.c.obj
                0x20000070                uwTick
 .bss.__lock___atexit_recursive_mutex
                0x20000074        0x1 /Applications/ArmGNUToolchain/13.2.Rel1/arm-none-eabi/bin/../lib/gcc/arm-none-eabi/13.2.1/../../../../arm-none-eabi/lib/thumb/v7-m/nofp/libg.a(libc_a-lock.o)
                0x20000074                __lock___atexit_recursive_mutex
 *fill*         0x20000075        0x3 
 .bss.__atexit  0x20000078        0x4 /Applications/ArmGNUToolchain/13.2.Rel1/arm-none-eabi/bin/../lib/gcc/arm-none-eabi/13.2.1/../../../../arm-none-eabi/lib/thumb/v7-m/nofp/libg.a(libc_a-__call_atexit.o)
                0x20000078                __atexit
 .bss.__atexit0
                0x2000007c      0x190 /Applications/ArmGNUToolchain/13.2.Rel1/arm-none-eabi/bin/../lib/gcc/arm-none-eabi/13.2.1/../../../../arm-none-eabi/lib/thumb/v7-m/nofp/libg.a(libc_a-__atexit.o)
                0x2000007c                __atexit0
 *(COMMON)
                0x2000020c                        . = ALIGN (0x4)
                0x2000020c                        _ebss = .
                0x2000020c                        __bss_end__ = _ebss

._user_heap_stack
                0x2000020c      0x604 load address 0x080011a8
                0x20000210                        . = ALIGN (0x8)
 *fill*         0x2000020c        0x4 
                [!provide]                        PROVIDE (end = .)
                0x20000210                        PROVIDE (_end = .)
                0x20000410                        . = (. + _Min_Heap_Size)
 *fill*         0x20000210      0x200 
                0x20000810                        . = (. + _Min_Stack_Size)
 *fill*         0x20000410      0x400 
                0x20000810                        . = ALIGN (0x8)

/DISCARD/
 libc.a(*)
 libm.a(*)
 libgcc.a(*)

.ARM.attributes
                0x00000000       0x29
 *(.ARM.attributes)
 .ARM.attributes
                0x00000000       0x1d /Applications/ArmGNUToolchain/13.2.Rel1/arm-none-eabi/bin/../lib/gcc/arm-none-eabi/13.2.1/thumb/v7-m/nofp/crti.o
 .ARM.attributes
                0x0000001d       0x2d /Applications/ArmGNUToolchain/13.2.Rel1/arm-none-eabi/bin/../lib/gcc/arm-none-eabi/13.2.1/thumb/v7-m/nofp/crtbegin.o
 .ARM.attributes
                0x0000004a       0x2d CMakeFiles/stm32F103C8T6Test.elf.dir/Core/Src/main.c.obj
 .ARM.attributes
                0x00000077       0x2d CMakeFiles/stm32F103C8T6Test.elf.dir/Core/Src/stm32f1xx_hal_msp.c.obj
 .ARM.attributes
                0x000000a4       0x2d CMakeFiles/stm32F103C8T6Test.elf.dir/Core/Src/stm32f1xx_it.c.obj
 .ARM.attributes
                0x000000d1       0x2d CMakeFiles/stm32F103C8T6Test.elf.dir/Core/Src/system_stm32f1xx.c.obj
 .ARM.attributes
                0x000000fe       0x21 CMakeFiles/stm32F103C8T6Test.elf.dir/Core/Startup/startup_stm32f103c8tx.s.obj
 .ARM.attributes
                0x0000011f       0x2d CMakeFiles/stm32F103C8T6Test.elf.dir/Drivers/STM32F1xx_HAL_Driver/Src/stm32f1xx_hal.c.obj
 .ARM.attributes
                0x0000014c       0x2d CMakeFiles/stm32F103C8T6Test.elf.dir/Drivers/STM32F1xx_HAL_Driver/Src/stm32f1xx_hal_cortex.c.obj
 .ARM.attributes
                0x00000179       0x2d CMakeFiles/stm32F103C8T6Test.elf.dir/Drivers/STM32F1xx_HAL_Driver/Src/stm32f1xx_hal_gpio.c.obj
 .ARM.attributes
                0x000001a6       0x2d CMakeFiles/stm32F103C8T6Test.elf.dir/Drivers/STM32F1xx_HAL_Driver/Src/stm32f1xx_hal_rcc.c.obj
 .ARM.attributes
                0x000001d3       0x2d CMakeFiles/stm32F103C8T6Test.elf.dir/Drivers/STM32F1xx_HAL_Driver/Src/stm32f1xx_hal_usart.c.obj
 .ARM.attributes
                0x00000200       0x2d /Applications/ArmGNUToolchain/13.2.Rel1/arm-none-eabi/bin/../lib/gcc/arm-none-eabi/13.2.1/../../../../arm-none-eabi/lib/thumb/v7-m/nofp/libg.a(libc_a-memset.o)
 .ARM.attributes
                0x0000022d       0x2d /Applications/ArmGNUToolchain/13.2.Rel1/arm-none-eabi/bin/../lib/gcc/arm-none-eabi/13.2.1/../../../../arm-none-eabi/lib/thumb/v7-m/nofp/libg.a(libc_a-init.o)
 .ARM.attributes
                0x0000025a       0x2d /Applications/ArmGNUToolchain/13.2.Rel1/arm-none-eabi/bin/../lib/gcc/arm-none-eabi/13.2.1/../../../../arm-none-eabi/lib/thumb/v7-m/nofp/libg.a(libc_a-lock.o)
 .ARM.attributes
                0x00000287       0x2d /Applications/ArmGNUToolchain/13.2.Rel1/arm-none-eabi/bin/../lib/gcc/arm-none-eabi/13.2.1/../../../../arm-none-eabi/lib/thumb/v7-m/nofp/libg.a(libc_a-__call_atexit.o)
 .ARM.attributes
                0x000002b4       0x2d /Applications/ArmGNUToolchain/13.2.Rel1/arm-none-eabi/bin/../lib/gcc/arm-none-eabi/13.2.1/../../../../arm-none-eabi/lib/thumb/v7-m/nofp/libg.a(libc_a-atexit.o)
 .ARM.attributes
                0x000002e1       0x2d /Applications/ArmGNUToolchain/13.2.Rel1/arm-none-eabi/bin/../lib/gcc/arm-none-eabi/13.2.1/../../../../arm-none-eabi/lib/thumb/v7-m/nofp/libg.a(libc_a-fini.o)
 .ARM.attributes
                0x0000030e       0x2d /Applications/ArmGNUToolchain/13.2.Rel1/arm-none-eabi/bin/../lib/gcc/arm-none-eabi/13.2.1/../../../../arm-none-eabi/lib/thumb/v7-m/nofp/libg.a(libc_a-__atexit.o)
 .ARM.attributes
                0x0000033b       0x2d /Applications/ArmGNUToolchain/13.2.Rel1/arm-none-eabi/bin/../lib/gcc/arm-none-eabi/13.2.1/thumb/v7-m/nofp/crtend.o
 .ARM.attributes
                0x00000368       0x1d /Applications/ArmGNUToolchain/13.2.Rel1/arm-none-eabi/bin/../lib/gcc/arm-none-eabi/13.2.1/thumb/v7-m/nofp/crtn.o
OUTPUT(stm32F103C8T6Test.elf elf32-littlearm)
LOAD linker stubs
LOAD /Applications/ArmGNUToolchain/13.2.Rel1/arm-none-eabi/bin/../lib/gcc/arm-none-eabi/13.2.1/../../../../arm-none-eabi/lib/thumb/v7-m/nofp/libc.a
LOAD /Applications/ArmGNUToolchain/13.2.Rel1/arm-none-eabi/bin/../lib/gcc/arm-none-eabi/13.2.1/../../../../arm-none-eabi/lib/thumb/v7-m/nofp/libm.a
LOAD /Applications/ArmGNUToolchain/13.2.Rel1/arm-none-eabi/bin/../lib/gcc/arm-none-eabi/13.2.1/thumb/v7-m/nofp/libgcc.a

.debug_info     0x00000000     0x590f
 .debug_info    0x00000000     0x1282 CMakeFiles/stm32F103C8T6Test.elf.dir/Core/Src/main.c.obj
 .debug_info    0x00001282      0x816 CMakeFiles/stm32F103C8T6Test.elf.dir/Core/Src/stm32f1xx_hal_msp.c.obj
 .debug_info    0x00001a98      0x11d CMakeFiles/stm32F103C8T6Test.elf.dir/Core/Src/stm32f1xx_it.c.obj
 .debug_info    0x00001bb5      0x22d CMakeFiles/stm32F103C8T6Test.elf.dir/Core/Src/system_stm32f1xx.c.obj
 .debug_info    0x00001de2       0x30 CMakeFiles/stm32F103C8T6Test.elf.dir/Core/Startup/startup_stm32f103c8tx.s.obj
 .debug_info    0x00001e12      0x7a2 CMakeFiles/stm32F103C8T6Test.elf.dir/Drivers/STM32F1xx_HAL_Driver/Src/stm32f1xx_hal.c.obj
 .debug_info    0x000025b4      0xcd9 CMakeFiles/stm32F103C8T6Test.elf.dir/Drivers/STM32F1xx_HAL_Driver/Src/stm32f1xx_hal_cortex.c.obj
 .debug_info    0x0000328d      0x604 CMakeFiles/stm32F103C8T6Test.elf.dir/Drivers/STM32F1xx_HAL_Driver/Src/stm32f1xx_hal_gpio.c.obj
 .debug_info    0x00003891      0x9c7 CMakeFiles/stm32F103C8T6Test.elf.dir/Drivers/STM32F1xx_HAL_Driver/Src/stm32f1xx_hal_rcc.c.obj
 .debug_info    0x00004258     0x16b7 CMakeFiles/stm32F103C8T6Test.elf.dir/Drivers/STM32F1xx_HAL_Driver/Src/stm32f1xx_hal_usart.c.obj

.debug_abbrev   0x00000000     0x1364
 .debug_abbrev  0x00000000      0x2fc CMakeFiles/stm32F103C8T6Test.elf.dir/Core/Src/main.c.obj
 .debug_abbrev  0x000002fc      0x1dd CMakeFiles/stm32F103C8T6Test.elf.dir/Core/Src/stm32f1xx_hal_msp.c.obj
 .debug_abbrev  0x000004d9       0x7c CMakeFiles/stm32F103C8T6Test.elf.dir/Core/Src/stm32f1xx_it.c.obj
 .debug_abbrev  0x00000555      0x143 CMakeFiles/stm32F103C8T6Test.elf.dir/Core/Src/system_stm32f1xx.c.obj
 .debug_abbrev  0x00000698       0x24 CMakeFiles/stm32F103C8T6Test.elf.dir/Core/Startup/startup_stm32f103c8tx.s.obj
 .debug_abbrev  0x000006bc      0x22d CMakeFiles/stm32F103C8T6Test.elf.dir/Drivers/STM32F1xx_HAL_Driver/Src/stm32f1xx_hal.c.obj
 .debug_abbrev  0x000008e9      0x36d CMakeFiles/stm32F103C8T6Test.elf.dir/Drivers/STM32F1xx_HAL_Driver/Src/stm32f1xx_hal_cortex.c.obj
 .debug_abbrev  0x00000c56      0x1f7 CMakeFiles/stm32F103C8T6Test.elf.dir/Drivers/STM32F1xx_HAL_Driver/Src/stm32f1xx_hal_gpio.c.obj
 .debug_abbrev  0x00000e4d      0x2a0 CMakeFiles/stm32F103C8T6Test.elf.dir/Drivers/STM32F1xx_HAL_Driver/Src/stm32f1xx_hal_rcc.c.obj
 .debug_abbrev  0x000010ed      0x277 CMakeFiles/stm32F103C8T6Test.elf.dir/Drivers/STM32F1xx_HAL_Driver/Src/stm32f1xx_hal_usart.c.obj

.debug_loclists
                0x00000000     0x1fd5
 .debug_loclists
                0x00000000       0x4b CMakeFiles/stm32F103C8T6Test.elf.dir/Core/Src/main.c.obj
 .debug_loclists
                0x0000004b       0x7f CMakeFiles/stm32F103C8T6Test.elf.dir/Core/Src/stm32f1xx_hal_msp.c.obj
 .debug_loclists
                0x000000ca       0xb7 CMakeFiles/stm32F103C8T6Test.elf.dir/Core/Src/system_stm32f1xx.c.obj
 .debug_loclists
                0x00000181       0xe1 CMakeFiles/stm32F103C8T6Test.elf.dir/Drivers/STM32F1xx_HAL_Driver/Src/stm32f1xx_hal.c.obj
 .debug_loclists
                0x00000262      0x530 CMakeFiles/stm32F103C8T6Test.elf.dir/Drivers/STM32F1xx_HAL_Driver/Src/stm32f1xx_hal_cortex.c.obj
 .debug_loclists
                0x00000792      0x318 CMakeFiles/stm32F103C8T6Test.elf.dir/Drivers/STM32F1xx_HAL_Driver/Src/stm32f1xx_hal_gpio.c.obj
 .debug_loclists
                0x00000aaa      0x42e CMakeFiles/stm32F103C8T6Test.elf.dir/Drivers/STM32F1xx_HAL_Driver/Src/stm32f1xx_hal_rcc.c.obj
 .debug_loclists
                0x00000ed8     0x10fd CMakeFiles/stm32F103C8T6Test.elf.dir/Drivers/STM32F1xx_HAL_Driver/Src/stm32f1xx_hal_usart.c.obj

.debug_aranges  0x00000000      0x528
 .debug_aranges
                0x00000000       0x48 CMakeFiles/stm32F103C8T6Test.elf.dir/Core/Src/main.c.obj
 .debug_aranges
                0x00000048       0x30 CMakeFiles/stm32F103C8T6Test.elf.dir/Core/Src/stm32f1xx_hal_msp.c.obj
 .debug_aranges
                0x00000078       0x60 CMakeFiles/stm32F103C8T6Test.elf.dir/Core/Src/stm32f1xx_it.c.obj
 .debug_aranges
                0x000000d8       0x28 CMakeFiles/stm32F103C8T6Test.elf.dir/Core/Src/system_stm32f1xx.c.obj
 .debug_aranges
                0x00000100       0x28 CMakeFiles/stm32F103C8T6Test.elf.dir/Core/Startup/startup_stm32f103c8tx.s.obj
 .debug_aranges
                0x00000128       0xe0 CMakeFiles/stm32F103C8T6Test.elf.dir/Drivers/STM32F1xx_HAL_Driver/Src/stm32f1xx_hal.c.obj
 .debug_aranges
                0x00000208       0xc0 CMakeFiles/stm32F103C8T6Test.elf.dir/Drivers/STM32F1xx_HAL_Driver/Src/stm32f1xx_hal_cortex.c.obj
 .debug_aranges
                0x000002c8       0x58 CMakeFiles/stm32F103C8T6Test.elf.dir/Drivers/STM32F1xx_HAL_Driver/Src/stm32f1xx_hal_gpio.c.obj
 .debug_aranges
                0x00000320       0x90 CMakeFiles/stm32F103C8T6Test.elf.dir/Drivers/STM32F1xx_HAL_Driver/Src/stm32f1xx_hal_rcc.c.obj
 .debug_aranges
                0x000003b0      0x178 CMakeFiles/stm32F103C8T6Test.elf.dir/Drivers/STM32F1xx_HAL_Driver/Src/stm32f1xx_hal_usart.c.obj

.debug_rnglists
                0x00000000      0x3d2
 .debug_rnglists
                0x00000000       0x32 CMakeFiles/stm32F103C8T6Test.elf.dir/Core/Src/main.c.obj
 .debug_rnglists
                0x00000032       0x1f CMakeFiles/stm32F103C8T6Test.elf.dir/Core/Src/stm32f1xx_hal_msp.c.obj
 .debug_rnglists
                0x00000051       0x43 CMakeFiles/stm32F103C8T6Test.elf.dir/Core/Src/stm32f1xx_it.c.obj
 .debug_rnglists
                0x00000094       0x1a CMakeFiles/stm32F103C8T6Test.elf.dir/Core/Src/system_stm32f1xx.c.obj
 .debug_rnglists
                0x000000ae       0x19 CMakeFiles/stm32F103C8T6Test.elf.dir/Core/Startup/startup_stm32f103c8tx.s.obj
 .debug_rnglists
                0x000000c7       0xa3 CMakeFiles/stm32F103C8T6Test.elf.dir/Drivers/STM32F1xx_HAL_Driver/Src/stm32f1xx_hal.c.obj
 .debug_rnglists
                0x0000016a       0x8b CMakeFiles/stm32F103C8T6Test.elf.dir/Drivers/STM32F1xx_HAL_Driver/Src/stm32f1xx_hal_cortex.c.obj
 .debug_rnglists
                0x000001f5       0x3f CMakeFiles/stm32F103C8T6Test.elf.dir/Drivers/STM32F1xx_HAL_Driver/Src/stm32f1xx_hal_gpio.c.obj
 .debug_rnglists
                0x00000234       0x7d CMakeFiles/stm32F103C8T6Test.elf.dir/Drivers/STM32F1xx_HAL_Driver/Src/stm32f1xx_hal_rcc.c.obj
 .debug_rnglists
                0x000002b1      0x121 CMakeFiles/stm32F103C8T6Test.elf.dir/Drivers/STM32F1xx_HAL_Driver/Src/stm32f1xx_hal_usart.c.obj

.debug_line     0x00000000     0x463c
 .debug_line    0x00000000      0x5b4 CMakeFiles/stm32F103C8T6Test.elf.dir/Core/Src/main.c.obj
 .debug_line    0x000005b4      0x2ff CMakeFiles/stm32F103C8T6Test.elf.dir/Core/Src/stm32f1xx_hal_msp.c.obj
 .debug_line    0x000008b3      0x189 CMakeFiles/stm32F103C8T6Test.elf.dir/Core/Src/stm32f1xx_it.c.obj
 .debug_line    0x00000a3c      0x27b CMakeFiles/stm32F103C8T6Test.elf.dir/Core/Src/system_stm32f1xx.c.obj
 .debug_line    0x00000cb7       0x78 CMakeFiles/stm32F103C8T6Test.elf.dir/Core/Startup/startup_stm32f103c8tx.s.obj
 .debug_line    0x00000d2f      0x5b0 CMakeFiles/stm32F103C8T6Test.elf.dir/Drivers/STM32F1xx_HAL_Driver/Src/stm32f1xx_hal.c.obj
 .debug_line    0x000012df      0x703 CMakeFiles/stm32F103C8T6Test.elf.dir/Drivers/STM32F1xx_HAL_Driver/Src/stm32f1xx_hal_cortex.c.obj
 .debug_line    0x000019e2      0x62c CMakeFiles/stm32F103C8T6Test.elf.dir/Drivers/STM32F1xx_HAL_Driver/Src/stm32f1xx_hal_gpio.c.obj
 .debug_line    0x0000200e      0xd06 CMakeFiles/stm32F103C8T6Test.elf.dir/Drivers/STM32F1xx_HAL_Driver/Src/stm32f1xx_hal_rcc.c.obj
 .debug_line    0x00002d14     0x1928 CMakeFiles/stm32F103C8T6Test.elf.dir/Drivers/STM32F1xx_HAL_Driver/Src/stm32f1xx_hal_usart.c.obj

.debug_str      0x00000000     0x1f2b
 .debug_str     0x00000000     0x1f2b CMakeFiles/stm32F103C8T6Test.elf.dir/Core/Src/main.c.obj
                                0xb81 (size before relaxing)
 .debug_str     0x00001f2b      0x69a CMakeFiles/stm32F103C8T6Test.elf.dir/Core/Src/stm32f1xx_hal_msp.c.obj
 .debug_str     0x00001f2b      0x25c CMakeFiles/stm32F103C8T6Test.elf.dir/Core/Src/stm32f1xx_it.c.obj
 .debug_str     0x00001f2b      0x28e CMakeFiles/stm32F103C8T6Test.elf.dir/Core/Src/system_stm32f1xx.c.obj
 .debug_str     0x00001f2b       0x9f CMakeFiles/stm32F103C8T6Test.elf.dir/Core/Startup/startup_stm32f103c8tx.s.obj
 .debug_str     0x00001f2b      0x868 CMakeFiles/stm32F103C8T6Test.elf.dir/Drivers/STM32F1xx_HAL_Driver/Src/stm32f1xx_hal.c.obj
 .debug_str     0x00001f2b      0x90d CMakeFiles/stm32F103C8T6Test.elf.dir/Drivers/STM32F1xx_HAL_Driver/Src/stm32f1xx_hal_cortex.c.obj
 .debug_str     0x00001f2b      0x43a CMakeFiles/stm32F103C8T6Test.elf.dir/Drivers/STM32F1xx_HAL_Driver/Src/stm32f1xx_hal_gpio.c.obj
 .debug_str     0x00001f2b      0x665 CMakeFiles/stm32F103C8T6Test.elf.dir/Drivers/STM32F1xx_HAL_Driver/Src/stm32f1xx_hal_rcc.c.obj
 .debug_str     0x00001f2b      0xb10 CMakeFiles/stm32F103C8T6Test.elf.dir/Drivers/STM32F1xx_HAL_Driver/Src/stm32f1xx_hal_usart.c.obj

.comment        0x00000000       0x44
 .comment       0x00000000       0x44 CMakeFiles/stm32F103C8T6Test.elf.dir/Core/Src/main.c.obj
                                 0x45 (size before relaxing)
 .comment       0x00000044       0x45 CMakeFiles/stm32F103C8T6Test.elf.dir/Core/Src/stm32f1xx_hal_msp.c.obj
 .comment       0x00000044       0x45 CMakeFiles/stm32F103C8T6Test.elf.dir/Core/Src/stm32f1xx_it.c.obj
 .comment       0x00000044       0x45 CMakeFiles/stm32F103C8T6Test.elf.dir/Core/Src/system_stm32f1xx.c.obj
 .comment       0x00000044       0x45 CMakeFiles/stm32F103C8T6Test.elf.dir/Drivers/STM32F1xx_HAL_Driver/Src/stm32f1xx_hal.c.obj
 .comment       0x00000044       0x45 CMakeFiles/stm32F103C8T6Test.elf.dir/Drivers/STM32F1xx_HAL_Driver/Src/stm32f1xx_hal_cortex.c.obj
 .comment       0x00000044       0x45 CMakeFiles/stm32F103C8T6Test.elf.dir/Drivers/STM32F1xx_HAL_Driver/Src/stm32f1xx_hal_gpio.c.obj
 .comment       0x00000044       0x45 CMakeFiles/stm32F103C8T6Test.elf.dir/Drivers/STM32F1xx_HAL_Driver/Src/stm32f1xx_hal_rcc.c.obj
 .comment       0x00000044       0x45 CMakeFiles/stm32F103C8T6Test.elf.dir/Drivers/STM32F1xx_HAL_Driver/Src/stm32f1xx_hal_usart.c.obj

.debug_frame    0x00000000      0xdb4
 .debug_frame   0x00000000       0xb0 CMakeFiles/stm32F103C8T6Test.elf.dir/Core/Src/main.c.obj
 .debug_frame   0x000000b0       0x60 CMakeFiles/stm32F103C8T6Test.elf.dir/Core/Src/stm32f1xx_hal_msp.c.obj
 .debug_frame   0x00000110       0xa8 CMakeFiles/stm32F103C8T6Test.elf.dir/Core/Src/stm32f1xx_it.c.obj
 .debug_frame   0x000001b8       0x30 CMakeFiles/stm32F103C8T6Test.elf.dir/Core/Src/system_stm32f1xx.c.obj
 .debug_frame   0x000001e8      0x1cc CMakeFiles/stm32F103C8T6Test.elf.dir/Drivers/STM32F1xx_HAL_Driver/Src/stm32f1xx_hal.c.obj
 .debug_frame   0x000003b4      0x19c CMakeFiles/stm32F103C8T6Test.elf.dir/Drivers/STM32F1xx_HAL_Driver/Src/stm32f1xx_hal_cortex.c.obj
 .debug_frame   0x00000550       0xe4 CMakeFiles/stm32F103C8T6Test.elf.dir/Drivers/STM32F1xx_HAL_Driver/Src/stm32f1xx_hal_gpio.c.obj
 .debug_frame   0x00000634      0x184 CMakeFiles/stm32F103C8T6Test.elf.dir/Drivers/STM32F1xx_HAL_Driver/Src/stm32f1xx_hal_rcc.c.obj
 .debug_frame   0x000007b8      0x410 CMakeFiles/stm32F103C8T6Test.elf.dir/Drivers/STM32F1xx_HAL_Driver/Src/stm32f1xx_hal_usart.c.obj
 .debug_frame   0x00000bc8       0x2c /Applications/ArmGNUToolchain/13.2.Rel1/arm-none-eabi/bin/../lib/gcc/arm-none-eabi/13.2.1/../../../../arm-none-eabi/lib/thumb/v7-m/nofp/libg.a(libc_a-memset.o)
 .debug_frame   0x00000bf4       0x2c /Applications/ArmGNUToolchain/13.2.Rel1/arm-none-eabi/bin/../lib/gcc/arm-none-eabi/13.2.1/../../../../arm-none-eabi/lib/thumb/v7-m/nofp/libg.a(libc_a-init.o)
 .debug_frame   0x00000c20       0xb0 /Applications/ArmGNUToolchain/13.2.Rel1/arm-none-eabi/bin/../lib/gcc/arm-none-eabi/13.2.1/../../../../arm-none-eabi/lib/thumb/v7-m/nofp/libg.a(libc_a-lock.o)
 .debug_frame   0x00000cd0       0x5c /Applications/ArmGNUToolchain/13.2.Rel1/arm-none-eabi/bin/../lib/gcc/arm-none-eabi/13.2.1/../../../../arm-none-eabi/lib/thumb/v7-m/nofp/libg.a(libc_a-__call_atexit.o)
 .debug_frame   0x00000d2c       0x20 /Applications/ArmGNUToolchain/13.2.Rel1/arm-none-eabi/bin/../lib/gcc/arm-none-eabi/13.2.1/../../../../arm-none-eabi/lib/thumb/v7-m/nofp/libg.a(libc_a-atexit.o)
 .debug_frame   0x00000d4c       0x34 /Applications/ArmGNUToolchain/13.2.Rel1/arm-none-eabi/bin/../lib/gcc/arm-none-eabi/13.2.1/../../../../arm-none-eabi/lib/thumb/v7-m/nofp/libg.a(libc_a-fini.o)
 .debug_frame   0x00000d80       0x34 /Applications/ArmGNUToolchain/13.2.Rel1/arm-none-eabi/bin/../lib/gcc/arm-none-eabi/13.2.1/../../../../arm-none-eabi/lib/thumb/v7-m/nofp/libg.a(libc_a-__atexit.o)

.debug_line_str
                0x00000000       0x83
 .debug_line_str
                0x00000000       0x83 CMakeFiles/stm32F103C8T6Test.elf.dir/Core/Startup/startup_stm32f103c8tx.s.obj
